Archive member included to satisfy reference by file (symbol)

c:/st/stm32cubeide_1.0.1/stm32cubeide/plugins/com.st.stm32cube.ide.mcu.externaltools.gnu-tools-for-stm32.7-2018-q2-update.win32_1.0.0.201904181610/tools/bin/../lib/gcc/arm-none-eabi/7.3.1/../../../../arm-none-eabi/lib/thumb/v7e-m/fpv5/hard\libc_nano.a(lib_a-exit.o)
                              c:/st/stm32cubeide_1.0.1/stm32cubeide/plugins/com.st.stm32cube.ide.mcu.externaltools.gnu-tools-for-stm32.7-2018-q2-update.win32_1.0.0.201904181610/tools/bin/../lib/gcc/arm-none-eabi/7.3.1/../../../../arm-none-eabi/lib/thumb/v7e-m/fpv5/hard/crt0.o (exit)
c:/st/stm32cubeide_1.0.1/stm32cubeide/plugins/com.st.stm32cube.ide.mcu.externaltools.gnu-tools-for-stm32.7-2018-q2-update.win32_1.0.0.201904181610/tools/bin/../lib/gcc/arm-none-eabi/7.3.1/../../../../arm-none-eabi/lib/thumb/v7e-m/fpv5/hard\libc_nano.a(lib_a-impure.o)
                              c:/st/stm32cubeide_1.0.1/stm32cubeide/plugins/com.st.stm32cube.ide.mcu.externaltools.gnu-tools-for-stm32.7-2018-q2-update.win32_1.0.0.201904181610/tools/bin/../lib/gcc/arm-none-eabi/7.3.1/../../../../arm-none-eabi/lib/thumb/v7e-m/fpv5/hard\libc_nano.a(lib_a-exit.o) (_global_impure_ptr)
c:/st/stm32cubeide_1.0.1/stm32cubeide/plugins/com.st.stm32cube.ide.mcu.externaltools.gnu-tools-for-stm32.7-2018-q2-update.win32_1.0.0.201904181610/tools/bin/../lib/gcc/arm-none-eabi/7.3.1/../../../../arm-none-eabi/lib/thumb/v7e-m/fpv5/hard\libc_nano.a(lib_a-init.o)
                              c:/st/stm32cubeide_1.0.1/stm32cubeide/plugins/com.st.stm32cube.ide.mcu.externaltools.gnu-tools-for-stm32.7-2018-q2-update.win32_1.0.0.201904181610/tools/bin/../lib/gcc/arm-none-eabi/7.3.1/../../../../arm-none-eabi/lib/thumb/v7e-m/fpv5/hard/crt0.o (__libc_init_array)
c:/st/stm32cubeide_1.0.1/stm32cubeide/plugins/com.st.stm32cube.ide.mcu.externaltools.gnu-tools-for-stm32.7-2018-q2-update.win32_1.0.0.201904181610/tools/bin/../lib/gcc/arm-none-eabi/7.3.1/../../../../arm-none-eabi/lib/thumb/v7e-m/fpv5/hard\libc_nano.a(lib_a-memset.o)
                              c:/st/stm32cubeide_1.0.1/stm32cubeide/plugins/com.st.stm32cube.ide.mcu.externaltools.gnu-tools-for-stm32.7-2018-q2-update.win32_1.0.0.201904181610/tools/bin/../lib/gcc/arm-none-eabi/7.3.1/../../../../arm-none-eabi/lib/thumb/v7e-m/fpv5/hard/crt0.o (memset)
c:/st/stm32cubeide_1.0.1/stm32cubeide/plugins/com.st.stm32cube.ide.mcu.externaltools.gnu-tools-for-stm32.7-2018-q2-update.win32_1.0.0.201904181610/tools/bin/../lib/gcc/arm-none-eabi/7.3.1/thumb/v7e-m/fpv5/hard\libgcc.a(_aeabi_uldivmod.o)
                              Drivers\STM32F7xx_HAL_Driver\Src\stm32f7xx_hal_rcc.o (__aeabi_uldivmod)
c:/st/stm32cubeide_1.0.1/stm32cubeide/plugins/com.st.stm32cube.ide.mcu.externaltools.gnu-tools-for-stm32.7-2018-q2-update.win32_1.0.0.201904181610/tools/bin/../lib/gcc/arm-none-eabi/7.3.1/thumb/v7e-m/fpv5/hard\libgcc.a(_udivmoddi4.o)
                              c:/st/stm32cubeide_1.0.1/stm32cubeide/plugins/com.st.stm32cube.ide.mcu.externaltools.gnu-tools-for-stm32.7-2018-q2-update.win32_1.0.0.201904181610/tools/bin/../lib/gcc/arm-none-eabi/7.3.1/thumb/v7e-m/fpv5/hard\libgcc.a(_aeabi_uldivmod.o) (__udivmoddi4)
c:/st/stm32cubeide_1.0.1/stm32cubeide/plugins/com.st.stm32cube.ide.mcu.externaltools.gnu-tools-for-stm32.7-2018-q2-update.win32_1.0.0.201904181610/tools/bin/../lib/gcc/arm-none-eabi/7.3.1/thumb/v7e-m/fpv5/hard\libgcc.a(_dvmd_tls.o)
                              c:/st/stm32cubeide_1.0.1/stm32cubeide/plugins/com.st.stm32cube.ide.mcu.externaltools.gnu-tools-for-stm32.7-2018-q2-update.win32_1.0.0.201904181610/tools/bin/../lib/gcc/arm-none-eabi/7.3.1/thumb/v7e-m/fpv5/hard\libgcc.a(_aeabi_uldivmod.o) (__aeabi_ldiv0)
c:/st/stm32cubeide_1.0.1/stm32cubeide/plugins/com.st.stm32cube.ide.mcu.externaltools.gnu-tools-for-stm32.7-2018-q2-update.win32_1.0.0.201904181610/tools/bin/../lib/gcc/arm-none-eabi/7.3.1/../../../../arm-none-eabi/lib/thumb/v7e-m/fpv5/hard\libnosys.a(_exit.o)
                              c:/st/stm32cubeide_1.0.1/stm32cubeide/plugins/com.st.stm32cube.ide.mcu.externaltools.gnu-tools-for-stm32.7-2018-q2-update.win32_1.0.0.201904181610/tools/bin/../lib/gcc/arm-none-eabi/7.3.1/../../../../arm-none-eabi/lib/thumb/v7e-m/fpv5/hard\libc_nano.a(lib_a-exit.o) (_exit)

Allocating common symbols
Common symbol       size              file

huart3              0x80              Core\Src\main.o
hpcd_USB_OTG_FS     0x404             Core\Src\main.o
uwTick              0x4               Drivers\STM32F7xx_HAL_Driver\Src\stm32f7xx_hal.o
pFlash              0x1c              Drivers\STM32F7xx_HAL_Driver\Src\stm32f7xx_hal_flash.o
huart1              0x80              Core\Src\main.o
heth                0x48              Core\Src\main.o

Discarded input sections

[...]
Memory Configuration

Name             Origin             Length             Attributes
FLASH            0x0000000008000000 0x0000000000200000 xr
RAM              0x0000000020000000 0x0000000000080000 xrw
*default*        0x0000000000000000 0xffffffffffffffff

Linker script and memory map

LOAD c:/st/stm32cubeide_1.0.1/stm32cubeide/plugins/com.st.stm32cube.ide.mcu.externaltools.gnu-tools-for-stm32.7-2018-q2-update.win32_1.0.0.201904181610/tools/bin/../lib/gcc/arm-none-eabi/7.3.1/thumb/v7e-m/fpv5/hard/crti.o
LOAD c:/st/stm32cubeide_1.0.1/stm32cubeide/plugins/com.st.stm32cube.ide.mcu.externaltools.gnu-tools-for-stm32.7-2018-q2-update.win32_1.0.0.201904181610/tools/bin/../lib/gcc/arm-none-eabi/7.3.1/thumb/v7e-m/fpv5/hard/crtbegin.o
LOAD c:/st/stm32cubeide_1.0.1/stm32cubeide/plugins/com.st.stm32cube.ide.mcu.externaltools.gnu-tools-for-stm32.7-2018-q2-update.win32_1.0.0.201904181610/tools/bin/../lib/gcc/arm-none-eabi/7.3.1/../../../../arm-none-eabi/lib/thumb/v7e-m/fpv5/hard/crt0.o
LOAD Core\Src\main.o
LOAD Core\Src\stm32f7xx_hal_msp.o
LOAD Core\Src\stm32f7xx_it.o
LOAD Core\Src\system_stm32f7xx.o
LOAD Drivers\STM32F7xx_HAL_Driver\Src\stm32f7xx_hal.o
LOAD Drivers\STM32F7xx_HAL_Driver\Src\stm32f7xx_hal_cortex.o
LOAD Drivers\STM32F7xx_HAL_Driver\Src\stm32f7xx_hal_dma.o
LOAD Drivers\STM32F7xx_HAL_Driver\Src\stm32f7xx_hal_dma_ex.o
LOAD Drivers\STM32F7xx_HAL_Driver\Src\stm32f7xx_hal_eth.o
LOAD Drivers\STM32F7xx_HAL_Driver\Src\stm32f7xx_hal_exti.o
LOAD Drivers\STM32F7xx_HAL_Driver\Src\stm32f7xx_hal_flash.o
LOAD Drivers\STM32F7xx_HAL_Driver\Src\stm32f7xx_hal_flash_ex.o
LOAD Drivers\STM32F7xx_HAL_Driver\Src\stm32f7xx_hal_gpio.o
LOAD Drivers\STM32F7xx_HAL_Driver\Src\stm32f7xx_hal_i2c.o
LOAD Drivers\STM32F7xx_HAL_Driver\Src\stm32f7xx_hal_i2c_ex.o
LOAD Drivers\STM32F7xx_HAL_Driver\Src\stm32f7xx_hal_pcd.o
LOAD Drivers\STM32F7xx_HAL_Driver\Src\stm32f7xx_hal_pcd_ex.o
LOAD Drivers\STM32F7xx_HAL_Driver\Src\stm32f7xx_hal_pwr.o
LOAD Drivers\STM32F7xx_HAL_Driver\Src\stm32f7xx_hal_pwr_ex.o
LOAD Drivers\STM32F7xx_HAL_Driver\Src\stm32f7xx_hal_rcc.o
LOAD Drivers\STM32F7xx_HAL_Driver\Src\stm32f7xx_hal_rcc_ex.o
LOAD Drivers\STM32F7xx_HAL_Driver\Src\stm32f7xx_hal_tim.o
LOAD Drivers\STM32F7xx_HAL_Driver\Src\stm32f7xx_hal_tim_ex.o
LOAD Drivers\STM32F7xx_HAL_Driver\Src\stm32f7xx_hal_uart.o
LOAD Drivers\STM32F7xx_HAL_Driver\Src\stm32f7xx_hal_uart_ex.o
LOAD Drivers\STM32F7xx_HAL_Driver\Src\stm32f7xx_ll_usb.o
LOAD Startup\startup_stm32f767zitx.o
START GROUP
LOAD c:/st/stm32cubeide_1.0.1/stm32cubeide/plugins/com.st.stm32cube.ide.mcu.externaltools.gnu-tools-for-stm32.7-2018-q2-update.win32_1.0.0.201904181610/tools/bin/../lib/gcc/arm-none-eabi/7.3.1/../../../../arm-none-eabi/lib/thumb/v7e-m/fpv5/hard\libc_nano.a
LOAD c:/st/stm32cubeide_1.0.1/stm32cubeide/plugins/com.st.stm32cube.ide.mcu.externaltools.gnu-tools-for-stm32.7-2018-q2-update.win32_1.0.0.201904181610/tools/bin/../lib/gcc/arm-none-eabi/7.3.1/../../../../arm-none-eabi/lib/thumb/v7e-m/fpv5/hard\libm.a
END GROUP
START GROUP
LOAD c:/st/stm32cubeide_1.0.1/stm32cubeide/plugins/com.st.stm32cube.ide.mcu.externaltools.gnu-tools-for-stm32.7-2018-q2-update.win32_1.0.0.201904181610/tools/bin/../lib/gcc/arm-none-eabi/7.3.1/thumb/v7e-m/fpv5/hard\libgcc.a
LOAD c:/st/stm32cubeide_1.0.1/stm32cubeide/plugins/com.st.stm32cube.ide.mcu.externaltools.gnu-tools-for-stm32.7-2018-q2-update.win32_1.0.0.201904181610/tools/bin/../lib/gcc/arm-none-eabi/7.3.1/../../../../arm-none-eabi/lib/thumb/v7e-m/fpv5/hard\libc_nano.a
END GROUP
START GROUP
LOAD c:/st/stm32cubeide_1.0.1/stm32cubeide/plugins/com.st.stm32cube.ide.mcu.externaltools.gnu-tools-for-stm32.7-2018-q2-update.win32_1.0.0.201904181610/tools/bin/../lib/gcc/arm-none-eabi/7.3.1/thumb/v7e-m/fpv5/hard\libgcc.a
LOAD c:/st/stm32cubeide_1.0.1/stm32cubeide/plugins/com.st.stm32cube.ide.mcu.externaltools.gnu-tools-for-stm32.7-2018-q2-update.win32_1.0.0.201904181610/tools/bin/../lib/gcc/arm-none-eabi/7.3.1/../../../../arm-none-eabi/lib/thumb/v7e-m/fpv5/hard\libc_nano.a
LOAD c:/st/stm32cubeide_1.0.1/stm32cubeide/plugins/com.st.stm32cube.ide.mcu.externaltools.gnu-tools-for-stm32.7-2018-q2-update.win32_1.0.0.201904181610/tools/bin/../lib/gcc/arm-none-eabi/7.3.1/../../../../arm-none-eabi/lib/thumb/v7e-m/fpv5/hard\libnosys.a
END GROUP
START GROUP
LOAD c:/st/stm32cubeide_1.0.1/stm32cubeide/plugins/com.st.stm32cube.ide.mcu.externaltools.gnu-tools-for-stm32.7-2018-q2-update.win32_1.0.0.201904181610/tools/bin/../lib/gcc/arm-none-eabi/7.3.1/thumb/v7e-m/fpv5/hard\libgcc.a
LOAD c:/st/stm32cubeide_1.0.1/stm32cubeide/plugins/com.st.stm32cube.ide.mcu.externaltools.gnu-tools-for-stm32.7-2018-q2-update.win32_1.0.0.201904181610/tools/bin/../lib/gcc/arm-none-eabi/7.3.1/../../../../arm-none-eabi/lib/thumb/v7e-m/fpv5/hard\libc_nano.a
LOAD c:/st/stm32cubeide_1.0.1/stm32cubeide/plugins/com.st.stm32cube.ide.mcu.externaltools.gnu-tools-for-stm32.7-2018-q2-update.win32_1.0.0.201904181610/tools/bin/../lib/gcc/arm-none-eabi/7.3.1/../../../../arm-none-eabi/lib/thumb/v7e-m/fpv5/hard\libnosys.a
END GROUP
LOAD c:/st/stm32cubeide_1.0.1/stm32cubeide/plugins/com.st.stm32cube.ide.mcu.externaltools.gnu-tools-for-stm32.7-2018-q2-update.win32_1.0.0.201904181610/tools/bin/../lib/gcc/arm-none-eabi/7.3.1/thumb/v7e-m/fpv5/hard/crtend.o
LOAD c:/st/stm32cubeide_1.0.1/stm32cubeide/plugins/com.st.stm32cube.ide.mcu.externaltools.gnu-tools-for-stm32.7-2018-q2-update.win32_1.0.0.201904181610/tools/bin/../lib/gcc/arm-none-eabi/7.3.1/thumb/v7e-m/fpv5/hard/crtn.o
                0x000000002007ffff                _estack = 0x2007ffff
                0x0000000000000200                _Min_Heap_Size = 0x200
                0x0000000000000400                _Min_Stack_Size = 0x400

.isr_vector     0x0000000008000000      0x1f8
                0x0000000008000000                . = ALIGN (0x4)
 *(.isr_vector)
 .isr_vector    0x0000000008000000      0x1f8 Startup\startup_stm32f767zitx.o
                0x0000000008000000                g_pfnVectors
                0x00000000080001f8                . = ALIGN (0x4)

.text           0x00000000080001f8     0x43e8
                0x00000000080001f8                . = ALIGN (0x4)
 *(.text)
 .text          0x00000000080001f8       0x40 c:/st/stm32cubeide_1.0.1/stm32cubeide/plugins/com.st.stm32cube.ide.mcu.externaltools.gnu-tools-for-stm32.7-2018-q2-update.win32_1.0.0.201904181610/tools/bin/../lib/gcc/arm-none-eabi/7.3.1/thumb/v7e-m/fpv5/hard/crtbegin.o
 .text          0x0000000008000238       0x30 c:/st/stm32cubeide_1.0.1/stm32cubeide/plugins/com.st.stm32cube.ide.mcu.externaltools.gnu-tools-for-stm32.7-2018-q2-update.win32_1.0.0.201904181610/tools/bin/../lib/gcc/arm-none-eabi/7.3.1/thumb/v7e-m/fpv5/hard\libgcc.a(_aeabi_uldivmod.o)
                0x0000000008000238                __aeabi_uldivmod
 .text          0x0000000008000268      0x2cc c:/st/stm32cubeide_1.0.1/stm32cubeide/plugins/com.st.stm32cube.ide.mcu.externaltools.gnu-tools-for-stm32.7-2018-q2-update.win32_1.0.0.201904181610/tools/bin/../lib/gcc/arm-none-eabi/7.3.1/thumb/v7e-m/fpv5/hard\libgcc.a(_udivmoddi4.o)
                0x0000000008000268                __udivmoddi4
 .text          0x0000000008000534        0x4 c:/st/stm32cubeide_1.0.1/stm32cubeide/plugins/com.st.stm32cube.ide.mcu.externaltools.gnu-tools-for-stm32.7-2018-q2-update.win32_1.0.0.201904181610/tools/bin/../lib/gcc/arm-none-eabi/7.3.1/thumb/v7e-m/fpv5/hard\libgcc.a(_dvmd_tls.o)
                0x0000000008000534                __aeabi_idiv0
                0x0000000008000534                __aeabi_ldiv0
 *(.text*)
 .text.main     0x0000000008000538       0x38 Core\Src\main.o
                0x0000000008000538                main
 .text.SystemClock_Config
                0x0000000008000570      0x130 Core\Src\main.o
                0x0000000008000570                SystemClock_Config
 .text.MX_ETH_Init
                0x00000000080006a0       0x6c Core\Src\main.o
 .text.MX_USART1_UART_Init
                0x000000000800070c       0x60 Core\Src\main.o
 .text.MX_USART3_UART_Init
                0x000000000800076c       0x60 Core\Src\main.o
 .text.MX_USB_OTG_FS_PCD_Init
                0x00000000080007cc       0x5c Core\Src\main.o
 .text.MX_GPIO_Init
                0x0000000008000828      0x144 Core\Src\main.o
 .text.USART1_IRQHandler
                0x000000000800096c       0x18 Core\Src\main.o
                0x000000000800096c                USART1_IRQHandler
 .text.getDataFromUart
                0x0000000008000984       0x98 Core\Src\main.o
                0x0000000008000984                getDataFromUart
 .text.isChecksumCorrect
                0x0000000008000a1c       0x58 Core\Src\main.o
 .text.Error_Handler
                0x0000000008000a74        0xe Core\Src\main.o
                0x0000000008000a74                Error_Handler
 *fill*         0x0000000008000a82        0x2 
 .text.HAL_MspInit
                0x0000000008000a84       0x48 Core\Src\stm32f7xx_hal_msp.o
                0x0000000008000a84                HAL_MspInit
 .text.HAL_ETH_MspInit
                0x0000000008000acc      0x170 Core\Src\stm32f7xx_hal_msp.o
                0x0000000008000acc                HAL_ETH_MspInit
 .text.HAL_UART_MspInit
                0x0000000008000c3c      0x120 Core\Src\stm32f7xx_hal_msp.o
                0x0000000008000c3c                HAL_UART_MspInit
 .text.HAL_PCD_MspInit
                0x0000000008000d5c       0xb8 Core\Src\stm32f7xx_hal_msp.o
                0x0000000008000d5c                HAL_PCD_MspInit
 .text.NMI_Handler
                0x0000000008000e14        0xe Core\Src\stm32f7xx_it.o
                0x0000000008000e14                NMI_Handler
 .text.HardFault_Handler
                0x0000000008000e22        0x6 Core\Src\stm32f7xx_it.o
                0x0000000008000e22                HardFault_Handler
 .text.MemManage_Handler
                0x0000000008000e28        0x6 Core\Src\stm32f7xx_it.o
                0x0000000008000e28                MemManage_Handler
 .text.BusFault_Handler
                0x0000000008000e2e        0x6 Core\Src\stm32f7xx_it.o
                0x0000000008000e2e                BusFault_Handler
 .text.UsageFault_Handler
                0x0000000008000e34        0x6 Core\Src\stm32f7xx_it.o
                0x0000000008000e34                UsageFault_Handler
 .text.SVC_Handler
                0x0000000008000e3a        0xe Core\Src\stm32f7xx_it.o
                0x0000000008000e3a                SVC_Handler
 .text.DebugMon_Handler
                0x0000000008000e48        0xe Core\Src\stm32f7xx_it.o
                0x0000000008000e48                DebugMon_Handler
 .text.PendSV_Handler
                0x0000000008000e56        0xe Core\Src\stm32f7xx_it.o
                0x0000000008000e56                PendSV_Handler
 .text.SysTick_Handler
                0x0000000008000e64        0xc Core\Src\stm32f7xx_it.o
                0x0000000008000e64                SysTick_Handler
 .text.SystemInit
                0x0000000008000e70       0x6c Core\Src\system_stm32f7xx.o
                0x0000000008000e70                SystemInit
 .text.HAL_Init
                0x0000000008000edc       0x1a Drivers\STM32F7xx_HAL_Driver\Src\stm32f7xx_hal.o
                0x0000000008000edc                HAL_Init
 *fill*         0x0000000008000ef6        0x2 
 .text.HAL_InitTick
                0x0000000008000ef8       0x60 Drivers\STM32F7xx_HAL_Driver\Src\stm32f7xx_hal.o
                0x0000000008000ef8                HAL_InitTick
 .text.HAL_IncTick
                0x0000000008000f58       0x28 Drivers\STM32F7xx_HAL_Driver\Src\stm32f7xx_hal.o
                0x0000000008000f58                HAL_IncTick
 .text.HAL_GetTick
                0x0000000008000f80       0x18 Drivers\STM32F7xx_HAL_Driver\Src\stm32f7xx_hal.o
                0x0000000008000f80                HAL_GetTick
 .text.HAL_Delay
                0x0000000008000f98       0x44 Drivers\STM32F7xx_HAL_Driver\Src\stm32f7xx_hal.o
                0x0000000008000f98                HAL_Delay
 .text.__NVIC_SetPriorityGrouping
                0x0000000008000fdc       0x48 Drivers\STM32F7xx_HAL_Driver\Src\stm32f7xx_hal_cortex.o
 .text.__NVIC_GetPriorityGrouping
                0x0000000008001024       0x1c Drivers\STM32F7xx_HAL_Driver\Src\stm32f7xx_hal_cortex.o
 .text.__NVIC_EnableIRQ
                0x0000000008001040       0x3c Drivers\STM32F7xx_HAL_Driver\Src\stm32f7xx_hal_cortex.o
 .text.__NVIC_SetPriority
                0x000000000800107c       0x54 Drivers\STM32F7xx_HAL_Driver\Src\stm32f7xx_hal_cortex.o
 .text.NVIC_EncodePriority
                0x00000000080010d0       0x66 Drivers\STM32F7xx_HAL_Driver\Src\stm32f7xx_hal_cortex.o
 *fill*         0x0000000008001136        0x2 
 .text.SysTick_Config
                0x0000000008001138       0x44 Drivers\STM32F7xx_HAL_Driver\Src\stm32f7xx_hal_cortex.o
 .text.HAL_NVIC_SetPriorityGrouping
                0x000000000800117c       0x16 Drivers\STM32F7xx_HAL_Driver\Src\stm32f7xx_hal_cortex.o
                0x000000000800117c                HAL_NVIC_SetPriorityGrouping
 .text.HAL_NVIC_SetPriority
                0x0000000008001192       0x38 Drivers\STM32F7xx_HAL_Driver\Src\stm32f7xx_hal_cortex.o
                0x0000000008001192                HAL_NVIC_SetPriority
 .text.HAL_NVIC_EnableIRQ
                0x00000000080011ca       0x1c Drivers\STM32F7xx_HAL_Driver\Src\stm32f7xx_hal_cortex.o
                0x00000000080011ca                HAL_NVIC_EnableIRQ
 .text.HAL_SYSTICK_Config
                0x00000000080011e6       0x18 Drivers\STM32F7xx_HAL_Driver\Src\stm32f7xx_hal_cortex.o
                0x00000000080011e6                HAL_SYSTICK_Config
 .text.HAL_DMA_Abort_IT
                0x00000000080011fe       0x44 Drivers\STM32F7xx_HAL_Driver\Src\stm32f7xx_hal_dma.o
                0x00000000080011fe                HAL_DMA_Abort_IT
 *fill*         0x0000000008001242        0x2 
 .text.HAL_ETH_Init
                0x0000000008001244      0x338 Drivers\STM32F7xx_HAL_Driver\Src\stm32f7xx_hal_eth.o
                0x0000000008001244                HAL_ETH_Init
 .text.HAL_ETH_ReadPHYRegister
                0x000000000800157c       0xd0 Drivers\STM32F7xx_HAL_Driver\Src\stm32f7xx_hal_eth.o
                0x000000000800157c                HAL_ETH_ReadPHYRegister
 .text.HAL_ETH_WritePHYRegister
                0x000000000800164c       0xcc Drivers\STM32F7xx_HAL_Driver\Src\stm32f7xx_hal_eth.o
                0x000000000800164c                HAL_ETH_WritePHYRegister
 .text.ETH_MACDMAConfig
                0x0000000008001718      0x394 Drivers\STM32F7xx_HAL_Driver\Src\stm32f7xx_hal_eth.o
 .text.ETH_MACAddressConfig
                0x0000000008001aac       0x70 Drivers\STM32F7xx_HAL_Driver\Src\stm32f7xx_hal_eth.o
 .text.HAL_GPIO_Init
                0x0000000008001b1c      0x354 Drivers\STM32F7xx_HAL_Driver\Src\stm32f7xx_hal_gpio.o
                0x0000000008001b1c                HAL_GPIO_Init
 .text.HAL_GPIO_WritePin
                0x0000000008001e70       0x32 Drivers\STM32F7xx_HAL_Driver\Src\stm32f7xx_hal_gpio.o
                0x0000000008001e70                HAL_GPIO_WritePin
 .text.HAL_PCD_Init
                0x0000000008001ea2      0x230 Drivers\STM32F7xx_HAL_Driver\Src\stm32f7xx_hal_pcd.o
                0x0000000008001ea2                HAL_PCD_Init
 *fill*         0x00000000080020d2        0x2 
 .text.HAL_PCDEx_ActivateLPM
                0x00000000080020d4       0x48 Drivers\STM32F7xx_HAL_Driver\Src\stm32f7xx_hal_pcd_ex.o
                0x00000000080020d4                HAL_PCDEx_ActivateLPM
 .text.HAL_PWR_EnableBkUpAccess
                0x000000000800211c       0x20 Drivers\STM32F7xx_HAL_Driver\Src\stm32f7xx_hal_pwr.o
                0x000000000800211c                HAL_PWR_EnableBkUpAccess
 .text.HAL_PWREx_EnableOverDrive
                0x000000000800213c       0xa0 Drivers\STM32F7xx_HAL_Driver\Src\stm32f7xx_hal_pwr_ex.o
                0x000000000800213c                HAL_PWREx_EnableOverDrive
 .text.HAL_RCC_OscConfig
                0x00000000080021dc      0x4e4 Drivers\STM32F7xx_HAL_Driver\Src\stm32f7xx_hal_rcc.o
                0x00000000080021dc                HAL_RCC_OscConfig
 .text.HAL_RCC_ClockConfig
                0x00000000080026c0      0x1d0 Drivers\STM32F7xx_HAL_Driver\Src\stm32f7xx_hal_rcc.o
                0x00000000080026c0                HAL_RCC_ClockConfig
 .text.HAL_RCC_GetSysClockFreq
                0x0000000008002890      0x1b0 Drivers\STM32F7xx_HAL_Driver\Src\stm32f7xx_hal_rcc.o
                0x0000000008002890                HAL_RCC_GetSysClockFreq
 .text.HAL_RCC_GetHCLKFreq
                0x0000000008002a40       0x18 Drivers\STM32F7xx_HAL_Driver\Src\stm32f7xx_hal_rcc.o
                0x0000000008002a40                HAL_RCC_GetHCLKFreq
 .text.HAL_RCC_GetPCLK1Freq
                0x0000000008002a58       0x28 Drivers\STM32F7xx_HAL_Driver\Src\stm32f7xx_hal_rcc.o
                0x0000000008002a58                HAL_RCC_GetPCLK1Freq
 .text.HAL_RCC_GetPCLK2Freq
                0x0000000008002a80       0x28 Drivers\STM32F7xx_HAL_Driver\Src\stm32f7xx_hal_rcc.o
                0x0000000008002a80                HAL_RCC_GetPCLK2Freq
 .text.HAL_RCCEx_PeriphCLKConfig
                0x0000000008002aa8      0x84c Drivers\STM32F7xx_HAL_Driver\Src\stm32f7xx_hal_rcc_ex.o
                0x0000000008002aa8                HAL_RCCEx_PeriphCLKConfig
 .text.HAL_UART_Init
                0x00000000080032f4       0x9c Drivers\STM32F7xx_HAL_Driver\Src\stm32f7xx_hal_uart.o
                0x00000000080032f4                HAL_UART_Init
 .text.HAL_UART_Receive
                0x0000000008003390      0x198 Drivers\STM32F7xx_HAL_Driver\Src\stm32f7xx_hal_uart.o
                0x0000000008003390                HAL_UART_Receive
 .text.HAL_UART_IRQHandler
                0x0000000008003528      0x238 Drivers\STM32F7xx_HAL_Driver\Src\stm32f7xx_hal_uart.o
                0x0000000008003528                HAL_UART_IRQHandler
 .text.HAL_UART_TxCpltCallback
                0x0000000008003760       0x14 Drivers\STM32F7xx_HAL_Driver\Src\stm32f7xx_hal_uart.o
                0x0000000008003760                HAL_UART_TxCpltCallback
 .text.HAL_UART_ErrorCallback
                0x0000000008003774       0x14 Drivers\STM32F7xx_HAL_Driver\Src\stm32f7xx_hal_uart.o
                0x0000000008003774                HAL_UART_ErrorCallback
 .text.UART_SetConfig
                0x0000000008003788      0x548 Drivers\STM32F7xx_HAL_Driver\Src\stm32f7xx_hal_uart.o
                0x0000000008003788                UART_SetConfig
 .text.UART_AdvFeatureConfig
                0x0000000008003cd0      0x144 Drivers\STM32F7xx_HAL_Driver\Src\stm32f7xx_hal_uart.o
                0x0000000008003cd0                UART_AdvFeatureConfig
 .text.UART_CheckIdleState
                0x0000000008003e14       0x5e Drivers\STM32F7xx_HAL_Driver\Src\stm32f7xx_hal_uart.o
                0x0000000008003e14                UART_CheckIdleState
 .text.UART_WaitOnFlagUntilTimeout
                0x0000000008003e72       0x90 Drivers\STM32F7xx_HAL_Driver\Src\stm32f7xx_hal_uart.o
                0x0000000008003e72                UART_WaitOnFlagUntilTimeout
 .text.UART_EndRxTransfer
                0x0000000008003f02       0x40 Drivers\STM32F7xx_HAL_Driver\Src\stm32f7xx_hal_uart.o
 .text.UART_DMAAbortOnError
                0x0000000008003f42       0x2c Drivers\STM32F7xx_HAL_Driver\Src\stm32f7xx_hal_uart.o
 .text.UART_EndTransmit_IT
                0x0000000008003f6e       0x32 Drivers\STM32F7xx_HAL_Driver\Src\stm32f7xx_hal_uart.o
 .text.USB_CoreInit
                0x0000000008003fa0       0xb0 Drivers\STM32F7xx_HAL_Driver\Src\stm32f7xx_ll_usb.o
                0x0000000008003fa0                USB_CoreInit
 .text.USB_DisableGlobalInt
                0x0000000008004050       0x22 Drivers\STM32F7xx_HAL_Driver\Src\stm32f7xx_ll_usb.o
                0x0000000008004050                USB_DisableGlobalInt
 .text.USB_SetCurrentMode
                0x0000000008004072       0x54 Drivers\STM32F7xx_HAL_Driver\Src\stm32f7xx_ll_usb.o
                0x0000000008004072                USB_SetCurrentMode
 *fill*         0x00000000080040c6        0x2 
 .text.USB_DevInit
                0x00000000080040c8      0x2f8 Drivers\STM32F7xx_HAL_Driver\Src\stm32f7xx_ll_usb.o
                0x00000000080040c8                USB_DevInit
 .text.USB_FlushTxFifo
                0x00000000080043c0       0x4c Drivers\STM32F7xx_HAL_Driver\Src\stm32f7xx_ll_usb.o
                0x00000000080043c0                USB_FlushTxFifo
 .text.USB_FlushRxFifo
                0x000000000800440c       0x44 Drivers\STM32F7xx_HAL_Driver\Src\stm32f7xx_ll_usb.o
                0x000000000800440c                USB_FlushRxFifo
 .text.USB_SetDevSpeed
                0x0000000008004450       0x32 Drivers\STM32F7xx_HAL_Driver\Src\stm32f7xx_ll_usb.o
                0x0000000008004450                USB_SetDevSpeed
 .text.USB_DevDisconnect
                0x0000000008004482       0x30 Drivers\STM32F7xx_HAL_Driver\Src\stm32f7xx_ll_usb.o
                0x0000000008004482                USB_DevDisconnect
 *fill*         0x00000000080044b2        0x2 
 .text.USB_CoreReset
                0x00000000080044b4       0x68 Drivers\STM32F7xx_HAL_Driver\Src\stm32f7xx_ll_usb.o
 .text.Reset_Handler
                0x000000000800451c       0x50 Startup\startup_stm32f767zitx.o
                0x000000000800451c                Reset_Handler
 .text.Default_Handler
                0x000000000800456c        0x2 Startup\startup_stm32f767zitx.o
                0x000000000800456c                RTC_Alarm_IRQHandler
                0x000000000800456c                EXTI2_IRQHandler
                0x000000000800456c                TIM8_CC_IRQHandler
                0x000000000800456c                UART8_IRQHandler
                0x000000000800456c                SPI4_IRQHandler
                0x000000000800456c                TIM1_CC_IRQHandler
                0x000000000800456c                DMA2_Stream5_IRQHandler
                0x000000000800456c                JPEG_IRQHandler
                0x000000000800456c                DMA1_Stream5_IRQHandler
                0x000000000800456c                CAN3_RX1_IRQHandler
                0x000000000800456c                PVD_IRQHandler
                0x000000000800456c                TAMP_STAMP_IRQHandler
                0x000000000800456c                CAN2_RX1_IRQHandler
                0x000000000800456c                EXTI3_IRQHandler
                0x000000000800456c                TIM8_TRG_COM_TIM14_IRQHandler
                0x000000000800456c                DFSDM1_FLT1_IRQHandler
                0x000000000800456c                TIM1_UP_TIM10_IRQHandler
                0x000000000800456c                TIM8_UP_TIM13_IRQHandler
                0x000000000800456c                I2C3_ER_IRQHandler
                0x000000000800456c                DFSDM1_FLT2_IRQHandler
                0x000000000800456c                EXTI0_IRQHandler
                0x000000000800456c                I2C2_EV_IRQHandler
                0x000000000800456c                DMA1_Stream2_IRQHandler
                0x000000000800456c                CAN1_RX0_IRQHandler
                0x000000000800456c                FPU_IRQHandler
                0x000000000800456c                OTG_HS_WKUP_IRQHandler
                0x000000000800456c                CAN3_SCE_IRQHandler
                0x000000000800456c                LTDC_ER_IRQHandler
                0x000000000800456c                CAN2_SCE_IRQHandler
                0x000000000800456c                DMA2_Stream2_IRQHandler
                0x000000000800456c                SPI1_IRQHandler
                0x000000000800456c                TIM6_DAC_IRQHandler
                0x000000000800456c                TIM1_BRK_TIM9_IRQHandler
                0x000000000800456c                DCMI_IRQHandler
                0x000000000800456c                CAN2_RX0_IRQHandler
                0x000000000800456c                DMA2_Stream3_IRQHandler
                0x000000000800456c                SAI2_IRQHandler
                0x000000000800456c                DFSDM1_FLT3_IRQHandler
                0x000000000800456c                USART6_IRQHandler
                0x000000000800456c                CAN3_RX0_IRQHandler
                0x000000000800456c                USART3_IRQHandler
                0x000000000800456c                CAN1_RX1_IRQHandler
                0x000000000800456c                UART5_IRQHandler
                0x000000000800456c                DMA2_Stream0_IRQHandler
                0x000000000800456c                TIM4_IRQHandler
                0x000000000800456c                QUADSPI_IRQHandler
                0x000000000800456c                I2C1_EV_IRQHandler
                0x000000000800456c                DMA1_Stream6_IRQHandler
                0x000000000800456c                DMA1_Stream1_IRQHandler
                0x000000000800456c                UART4_IRQHandler
                0x000000000800456c                TIM3_IRQHandler
                0x000000000800456c                RCC_IRQHandler
                0x000000000800456c                TIM8_BRK_TIM12_IRQHandler
                0x000000000800456c                Default_Handler
                0x000000000800456c                CEC_IRQHandler
                0x000000000800456c                EXTI15_10_IRQHandler
                0x000000000800456c                ADC_IRQHandler
                0x000000000800456c                DMA1_Stream7_IRQHandler
                0x000000000800456c                SPI5_IRQHandler
                0x000000000800456c                TIM7_IRQHandler
                0x000000000800456c                SDMMC1_IRQHandler
                0x000000000800456c                CAN2_TX_IRQHandler
                0x000000000800456c                TIM5_IRQHandler
                0x000000000800456c                DMA2_Stream7_IRQHandler
                0x000000000800456c                I2C3_EV_IRQHandler
                0x000000000800456c                EXTI9_5_IRQHandler
                0x000000000800456c                RTC_WKUP_IRQHandler
                0x000000000800456c                LTDC_IRQHandler
                0x000000000800456c                ETH_WKUP_IRQHandler
                0x000000000800456c                SPDIF_RX_IRQHandler
                0x000000000800456c                SPI2_IRQHandler
                0x000000000800456c                OTG_HS_EP1_IN_IRQHandler
                0x000000000800456c                DMA1_Stream0_IRQHandler
                0x000000000800456c                CAN1_TX_IRQHandler
                0x000000000800456c                EXTI4_IRQHandler
                0x000000000800456c                RNG_IRQHandler
                0x000000000800456c                ETH_IRQHandler
                0x000000000800456c                OTG_HS_EP1_OUT_IRQHandler
                0x000000000800456c                WWDG_IRQHandler
                0x000000000800456c                SPI6_IRQHandler
                0x000000000800456c                MDIOS_IRQHandler
                0x000000000800456c                I2C4_EV_IRQHandler
                0x000000000800456c                CAN3_TX_IRQHandler
                0x000000000800456c                TIM2_IRQHandler
                0x000000000800456c                OTG_FS_WKUP_IRQHandler
                0x000000000800456c                TIM1_TRG_COM_TIM11_IRQHandler
                0x000000000800456c                OTG_HS_IRQHandler
                0x000000000800456c                DMA2D_IRQHandler
                0x000000000800456c                EXTI1_IRQHandler
                0x000000000800456c                SDMMC2_IRQHandler
                0x000000000800456c                UART7_IRQHandler
                0x000000000800456c                USART2_IRQHandler
                0x000000000800456c                DFSDM1_FLT0_IRQHandler
                0x000000000800456c                I2C2_ER_IRQHandler
                0x000000000800456c                DMA2_Stream1_IRQHandler
                0x000000000800456c                CAN1_SCE_IRQHandler
                0x000000000800456c                FLASH_IRQHandler
                0x000000000800456c                DMA2_Stream4_IRQHandler
                0x000000000800456c                OTG_FS_IRQHandler
                0x000000000800456c                SPI3_IRQHandler
                0x000000000800456c                DMA1_Stream4_IRQHandler
                0x000000000800456c                I2C1_ER_IRQHandler
                0x000000000800456c                FMC_IRQHandler
                0x000000000800456c                LPTIM1_IRQHandler
                0x000000000800456c                I2C4_ER_IRQHandler
                0x000000000800456c                DMA2_Stream6_IRQHandler
                0x000000000800456c                SAI1_IRQHandler
                0x000000000800456c                DMA1_Stream3_IRQHandler
 *fill*         0x000000000800456e        0x2 
 .text.__libc_init_array
                0x0000000008004570       0x48 c:/st/stm32cubeide_1.0.1/stm32cubeide/plugins/com.st.stm32cube.ide.mcu.externaltools.gnu-tools-for-stm32.7-2018-q2-update.win32_1.0.0.201904181610/tools/bin/../lib/gcc/arm-none-eabi/7.3.1/../../../../arm-none-eabi/lib/thumb/v7e-m/fpv5/hard\libc_nano.a(lib_a-init.o)
                0x0000000008004570                __libc_init_array
 .text.memset   0x00000000080045b8       0x10 c:/st/stm32cubeide_1.0.1/stm32cubeide/plugins/com.st.stm32cube.ide.mcu.externaltools.gnu-tools-for-stm32.7-2018-q2-update.win32_1.0.0.201904181610/tools/bin/../lib/gcc/arm-none-eabi/7.3.1/../../../../arm-none-eabi/lib/thumb/v7e-m/fpv5/hard\libc_nano.a(lib_a-memset.o)
                0x00000000080045b8                memset
 *(.glue_7)
 .glue_7        0x00000000080045c8        0x0 linker stubs
 *(.glue_7t)
 .glue_7t       0x00000000080045c8        0x0 linker stubs
 *(.eh_frame)
 .eh_frame      0x00000000080045c8        0x0 c:/st/stm32cubeide_1.0.1/stm32cubeide/plugins/com.st.stm32cube.ide.mcu.externaltools.gnu-tools-for-stm32.7-2018-q2-update.win32_1.0.0.201904181610/tools/bin/../lib/gcc/arm-none-eabi/7.3.1/thumb/v7e-m/fpv5/hard/crtbegin.o
 *(.init)
 .init          0x00000000080045c8        0x4 c:/st/stm32cubeide_1.0.1/stm32cubeide/plugins/com.st.stm32cube.ide.mcu.externaltools.gnu-tools-for-stm32.7-2018-q2-update.win32_1.0.0.201904181610/tools/bin/../lib/gcc/arm-none-eabi/7.3.1/thumb/v7e-m/fpv5/hard/crti.o
                0x00000000080045c8                _init
 .init          0x00000000080045cc        0x8 c:/st/stm32cubeide_1.0.1/stm32cubeide/plugins/com.st.stm32cube.ide.mcu.externaltools.gnu-tools-for-stm32.7-2018-q2-update.win32_1.0.0.201904181610/tools/bin/../lib/gcc/arm-none-eabi/7.3.1/thumb/v7e-m/fpv5/hard/crtn.o
 *(.fini)
 .fini          0x00000000080045d4        0x4 c:/st/stm32cubeide_1.0.1/stm32cubeide/plugins/com.st.stm32cube.ide.mcu.externaltools.gnu-tools-for-stm32.7-2018-q2-update.win32_1.0.0.201904181610/tools/bin/../lib/gcc/arm-none-eabi/7.3.1/thumb/v7e-m/fpv5/hard/crti.o
                0x00000000080045d4                _fini
 .fini          0x00000000080045d8        0x8 c:/st/stm32cubeide_1.0.1/stm32cubeide/plugins/com.st.stm32cube.ide.mcu.externaltools.gnu-tools-for-stm32.7-2018-q2-update.win32_1.0.0.201904181610/tools/bin/../lib/gcc/arm-none-eabi/7.3.1/thumb/v7e-m/fpv5/hard/crtn.o
                0x00000000080045e0                . = ALIGN (0x4)
                0x00000000080045e0                _etext = .

.vfp11_veneer   0x00000000080045e0        0x0
 .vfp11_veneer  0x00000000080045e0        0x0 linker stubs

.v4_bx          0x00000000080045e0        0x0
 .v4_bx         0x00000000080045e0        0x0 linker stubs

.iplt           0x00000000080045e0        0x0
 .iplt          0x00000000080045e0        0x0 c:/st/stm32cubeide_1.0.1/stm32cubeide/plugins/com.st.stm32cube.ide.mcu.externaltools.gnu-tools-for-stm32.7-2018-q2-update.win32_1.0.0.201904181610/tools/bin/../lib/gcc/arm-none-eabi/7.3.1/thumb/v7e-m/fpv5/hard/crtbegin.o

.rodata         0x00000000080045e0       0x18
                0x00000000080045e0                . = ALIGN (0x4)
 *(.rodata)
 *(.rodata*)
 .rodata.AHBPrescTable
                0x00000000080045e0       0x10 Core\Src\system_stm32f7xx.o
                0x00000000080045e0                AHBPrescTable
 .rodata.APBPrescTable
                0x00000000080045f0        0x8 Core\Src\system_stm32f7xx.o
                0x00000000080045f0                APBPrescTable
                0x00000000080045f8                . = ALIGN (0x4)

.ARM.extab      0x00000000080045f8        0x0
                0x00000000080045f8                . = ALIGN (0x4)
 *(.ARM.extab* .gnu.linkonce.armextab.*)
                0x00000000080045f8                . = ALIGN (0x4)

.ARM            0x00000000080045f8        0x8
                0x00000000080045f8                . = ALIGN (0x4)
                0x00000000080045f8                __exidx_start = .
 *(.ARM.exidx*)
 .ARM.exidx     0x00000000080045f8        0x8 c:/st/stm32cubeide_1.0.1/stm32cubeide/plugins/com.st.stm32cube.ide.mcu.externaltools.gnu-tools-for-stm32.7-2018-q2-update.win32_1.0.0.201904181610/tools/bin/../lib/gcc/arm-none-eabi/7.3.1/thumb/v7e-m/fpv5/hard\libgcc.a(_udivmoddi4.o)
                0x0000000008004600                __exidx_end = .
                0x0000000008004600                . = ALIGN (0x4)

.rel.dyn        0x0000000008004600        0x0
 .rel.iplt      0x0000000008004600        0x0 c:/st/stm32cubeide_1.0.1/stm32cubeide/plugins/com.st.stm32cube.ide.mcu.externaltools.gnu-tools-for-stm32.7-2018-q2-update.win32_1.0.0.201904181610/tools/bin/../lib/gcc/arm-none-eabi/7.3.1/thumb/v7e-m/fpv5/hard/crtbegin.o

.preinit_array  0x0000000008004600        0x0
                0x0000000008004600                . = ALIGN (0x4)
                0x0000000008004600                PROVIDE (__preinit_array_start = .)
 *(.preinit_array*)
                0x0000000008004600                PROVIDE (__preinit_array_end = .)
                0x0000000008004600                . = ALIGN (0x4)

.init_array     0x0000000008004600        0x4
                0x0000000008004600                . = ALIGN (0x4)
                0x0000000008004600                PROVIDE (__init_array_start = .)
 *(SORT_BY_NAME(.init_array.*))
 *(.init_array*)
 .init_array    0x0000000008004600        0x4 c:/st/stm32cubeide_1.0.1/stm32cubeide/plugins/com.st.stm32cube.ide.mcu.externaltools.gnu-tools-for-stm32.7-2018-q2-update.win32_1.0.0.201904181610/tools/bin/../lib/gcc/arm-none-eabi/7.3.1/thumb/v7e-m/fpv5/hard/crtbegin.o
                0x0000000008004604                PROVIDE (__init_array_end = .)
                0x0000000008004604                . = ALIGN (0x4)

.fini_array     0x0000000008004604        0x4
                0x0000000008004604                . = ALIGN (0x4)
                [!provide]                        PROVIDE (__fini_array_start = .)
 *(SORT_BY_NAME(.fini_array.*))
 *(.fini_array*)
 .fini_array    0x0000000008004604        0x4 c:/st/stm32cubeide_1.0.1/stm32cubeide/plugins/com.st.stm32cube.ide.mcu.externaltools.gnu-tools-for-stm32.7-2018-q2-update.win32_1.0.0.201904181610/tools/bin/../lib/gcc/arm-none-eabi/7.3.1/thumb/v7e-m/fpv5/hard/crtbegin.o
                [!provide]                        PROVIDE (__fini_array_end = .)
                0x0000000008004608                . = ALIGN (0x4)
                0x0000000008004608                _sidata = LOADADDR (.data)

.data           0x0000000020000000        0xc load address 0x0000000008004608
                0x0000000020000000                . = ALIGN (0x4)
                0x0000000020000000                _sdata = .
 *(.data)
 *(.data*)
 .data.SystemCoreClock
                0x0000000020000000        0x4 Core\Src\system_stm32f7xx.o
                0x0000000020000000                SystemCoreClock
 .data.uwTickPrio
                0x0000000020000004        0x4 Drivers\STM32F7xx_HAL_Driver\Src\stm32f7xx_hal.o
                0x0000000020000004                uwTickPrio
 .data.uwTickFreq
                0x0000000020000008        0x1 Drivers\STM32F7xx_HAL_Driver\Src\stm32f7xx_hal.o
                0x0000000020000008                uwTickFreq
                0x000000002000000c                . = ALIGN (0x4)
 *fill*         0x0000000020000009        0x3 
                0x000000002000000c                _edata = .

.igot.plt       0x000000002000000c        0x0 load address 0x0000000008004614
 .igot.plt      0x000000002000000c        0x0 c:/st/stm32cubeide_1.0.1/stm32cubeide/plugins/com.st.stm32cube.ide.mcu.externaltools.gnu-tools-for-stm32.7-2018-q2-update.win32_1.0.0.201904181610/tools/bin/../lib/gcc/arm-none-eabi/7.3.1/thumb/v7e-m/fpv5/hard/crtbegin.o
                0x000000002000000c                . = ALIGN (0x4)

.bss            0x000000002000000c      0x578 load address 0x0000000008004614
                0x000000002000000c                _sbss = .
                0x000000002000000c                __bss_start__ = _sbss
 *(.bss)
 .bss           0x000000002000000c       0x1c c:/st/stm32cubeide_1.0.1/stm32cubeide/plugins/com.st.stm32cube.ide.mcu.externaltools.gnu-tools-for-stm32.7-2018-q2-update.win32_1.0.0.201904181610/tools/bin/../lib/gcc/arm-none-eabi/7.3.1/thumb/v7e-m/fpv5/hard/crtbegin.o
 *(.bss*)
 .bss.dataArray
                0x0000000020000028        0x8 Core\Src\main.o
                0x0000000020000028                dataArray
 .bss.v_isChecksumCorrect
                0x0000000020000030        0x1 Core\Src\main.o
                0x0000000020000030                v_isChecksumCorrect
 .bss.dataCounter.9249
                0x0000000020000031        0x1 Core\Src\main.o
 *(COMMON)
 *fill*         0x0000000020000032        0x2 
 COMMON         0x0000000020000034      0x54c Core\Src\main.o
                0x0000000020000034                huart3
                0x00000000200000b4                hpcd_USB_OTG_FS
                0x00000000200004b8                huart1
                0x0000000020000538                heth
 COMMON         0x0000000020000580        0x4 Drivers\STM32F7xx_HAL_Driver\Src\stm32f7xx_hal.o
                0x0000000020000580                uwTick
                0x0000000020000584                . = ALIGN (0x4)
                0x0000000020000584                _ebss = .
                0x0000000020000584                __bss_end__ = _ebss

._user_heap_stack
                0x0000000020000584      0x604 load address 0x0000000008004614
                0x0000000020000588                . = ALIGN (0x8)
 *fill*         0x0000000020000584        0x4 
                [!provide]                        PROVIDE (end = .)
                [!provide]                        PROVIDE (_end = .)
                0x0000000020000788                . = (. + _Min_Heap_Size)
 *fill*         0x0000000020000588      0x200 
                0x0000000020000b88                . = (. + _Min_Stack_Size)
 *fill*         0x0000000020000788      0x400 
                0x0000000020000b88                . = ALIGN (0x8)

/DISCARD/
 libc.a(*)
 libm.a(*)
 libgcc.a(*)

.ARM.attributes
                0x0000000000000000       0x2e
 *(.ARM.attributes)
 .ARM.attributes
                0x0000000000000000       0x20 c:/st/stm32cubeide_1.0.1/stm32cubeide/plugins/com.st.stm32cube.ide.mcu.externaltools.gnu-tools-for-stm32.7-2018-q2-update.win32_1.0.0.201904181610/tools/bin/../lib/gcc/arm-none-eabi/7.3.1/thumb/v7e-m/fpv5/hard/crti.o
 .ARM.attributes
                0x0000000000000020       0x32 c:/st/stm32cubeide_1.0.1/stm32cubeide/plugins/com.st.stm32cube.ide.mcu.externaltools.gnu-tools-for-stm32.7-2018-q2-update.win32_1.0.0.201904181610/tools/bin/../lib/gcc/arm-none-eabi/7.3.1/thumb/v7e-m/fpv5/hard/crtbegin.o
 .ARM.attributes
                0x0000000000000052       0x37 Core\Src\main.o
 .ARM.attributes
                0x0000000000000089       0x37 Core\Src\stm32f7xx_hal_msp.o
 .ARM.attributes
                0x00000000000000c0       0x37 Core\Src\stm32f7xx_it.o
 .ARM.attributes
                0x00000000000000f7       0x37 Core\Src\system_stm32f7xx.o
 .ARM.attributes
                0x000000000000012e       0x37 Drivers\STM32F7xx_HAL_Driver\Src\stm32f7xx_hal.o
 .ARM.attributes
                0x0000000000000165       0x37 Drivers\STM32F7xx_HAL_Driver\Src\stm32f7xx_hal_cortex.o
 .ARM.attributes
                0x000000000000019c       0x37 Drivers\STM32F7xx_HAL_Driver\Src\stm32f7xx_hal_dma.o
 .ARM.attributes
                0x00000000000001d3       0x37 Drivers\STM32F7xx_HAL_Driver\Src\stm32f7xx_hal_eth.o
 .ARM.attributes
                0x000000000000020a       0x37 Drivers\STM32F7xx_HAL_Driver\Src\stm32f7xx_hal_gpio.o
 .ARM.attributes
                0x0000000000000241       0x37 Drivers\STM32F7xx_HAL_Driver\Src\stm32f7xx_hal_pcd.o
 .ARM.attributes
                0x0000000000000278       0x37 Drivers\STM32F7xx_HAL_Driver\Src\stm32f7xx_hal_pcd_ex.o
 .ARM.attributes
                0x00000000000002af       0x37 Drivers\STM32F7xx_HAL_Driver\Src\stm32f7xx_hal_pwr.o
 .ARM.attributes
                0x00000000000002e6       0x37 Drivers\STM32F7xx_HAL_Driver\Src\stm32f7xx_hal_pwr_ex.o
 .ARM.attributes
                0x000000000000031d       0x37 Drivers\STM32F7xx_HAL_Driver\Src\stm32f7xx_hal_rcc.o
 .ARM.attributes
                0x0000000000000354       0x37 Drivers\STM32F7xx_HAL_Driver\Src\stm32f7xx_hal_rcc_ex.o
 .ARM.attributes
                0x000000000000038b       0x37 Drivers\STM32F7xx_HAL_Driver\Src\stm32f7xx_hal_uart.o
 .ARM.attributes
                0x00000000000003c2       0x37 Drivers\STM32F7xx_HAL_Driver\Src\stm32f7xx_ll_usb.o
 .ARM.attributes
                0x00000000000003f9       0x21 Startup\startup_stm32f767zitx.o
 .ARM.attributes
                0x000000000000041a       0x32 c:/st/stm32cubeide_1.0.1/stm32cubeide/plugins/com.st.stm32cube.ide.mcu.externaltools.gnu-tools-for-stm32.7-2018-q2-update.win32_1.0.0.201904181610/tools/bin/../lib/gcc/arm-none-eabi/7.3.1/../../../../arm-none-eabi/lib/thumb/v7e-m/fpv5/hard\libc_nano.a(lib_a-init.o)
 .ARM.attributes
                0x000000000000044c       0x32 c:/st/stm32cubeide_1.0.1/stm32cubeide/plugins/com.st.stm32cube.ide.mcu.externaltools.gnu-tools-for-stm32.7-2018-q2-update.win32_1.0.0.201904181610/tools/bin/../lib/gcc/arm-none-eabi/7.3.1/../../../../arm-none-eabi/lib/thumb/v7e-m/fpv5/hard\libc_nano.a(lib_a-memset.o)
 .ARM.attributes
                0x000000000000047e       0x20 c:/st/stm32cubeide_1.0.1/stm32cubeide/plugins/com.st.stm32cube.ide.mcu.externaltools.gnu-tools-for-stm32.7-2018-q2-update.win32_1.0.0.201904181610/tools/bin/../lib/gcc/arm-none-eabi/7.3.1/thumb/v7e-m/fpv5/hard\libgcc.a(_aeabi_uldivmod.o)
 .ARM.attributes
                0x000000000000049e       0x32 c:/st/stm32cubeide_1.0.1/stm32cubeide/plugins/com.st.stm32cube.ide.mcu.externaltools.gnu-tools-for-stm32.7-2018-q2-update.win32_1.0.0.201904181610/tools/bin/../lib/gcc/arm-none-eabi/7.3.1/thumb/v7e-m/fpv5/hard\libgcc.a(_udivmoddi4.o)
 .ARM.attributes
                0x00000000000004d0       0x20 c:/st/stm32cubeide_1.0.1/stm32cubeide/plugins/com.st.stm32cube.ide.mcu.externaltools.gnu-tools-for-stm32.7-2018-q2-update.win32_1.0.0.201904181610/tools/bin/../lib/gcc/arm-none-eabi/7.3.1/thumb/v7e-m/fpv5/hard\libgcc.a(_dvmd_tls.o)
 .ARM.attributes
                0x00000000000004f0       0x20 c:/st/stm32cubeide_1.0.1/stm32cubeide/plugins/com.st.stm32cube.ide.mcu.externaltools.gnu-tools-for-stm32.7-2018-q2-update.win32_1.0.0.201904181610/tools/bin/../lib/gcc/arm-none-eabi/7.3.1/thumb/v7e-m/fpv5/hard/crtn.o
OUTPUT(UartReceiveIT_CheckSum.elf elf32-littlearm)

.debug_info     0x0000000000000000     0xf965
 .debug_info    0x0000000000000000     0x2359 Core\Src\main.o
 .debug_info    0x0000000000002359     0x199c Core\Src\stm32f7xx_hal_msp.o
 .debug_info    0x0000000000003cf5      0x74b Core\Src\stm32f7xx_it.o
 .debug_info    0x0000000000004440      0x73d Core\Src\system_stm32f7xx.o
 .debug_info    0x0000000000004b7d      0xa37 Drivers\STM32F7xx_HAL_Driver\Src\stm32f7xx_hal.o
 .debug_info    0x00000000000055b4     0x108c Drivers\STM32F7xx_HAL_Driver\Src\stm32f7xx_hal_cortex.o
 .debug_info    0x0000000000006640      0x968 Drivers\STM32F7xx_HAL_Driver\Src\stm32f7xx_hal_dma.o
 .debug_info    0x0000000000006fa8     0x14a9 Drivers\STM32F7xx_HAL_Driver\Src\stm32f7xx_hal_eth.o
 .debug_info    0x0000000000008451      0x7e9 Drivers\STM32F7xx_HAL_Driver\Src\stm32f7xx_hal_gpio.o
 .debug_info    0x0000000000008c3a     0x1139 Drivers\STM32F7xx_HAL_Driver\Src\stm32f7xx_hal_pcd.o
 .debug_info    0x0000000000009d73      0x810 Drivers\STM32F7xx_HAL_Driver\Src\stm32f7xx_hal_pcd_ex.o
 .debug_info    0x000000000000a583      0x9b4 Drivers\STM32F7xx_HAL_Driver\Src\stm32f7xx_hal_pwr.o
 .debug_info    0x000000000000af37      0x96b Drivers\STM32F7xx_HAL_Driver\Src\stm32f7xx_hal_pwr_ex.o
 .debug_info    0x000000000000b8a2      0x987 Drivers\STM32F7xx_HAL_Driver\Src\stm32f7xx_hal_rcc.o
 .debug_info    0x000000000000c229      0x7d1 Drivers\STM32F7xx_HAL_Driver\Src\stm32f7xx_hal_rcc_ex.o
 .debug_info    0x000000000000c9fa     0x1639 Drivers\STM32F7xx_HAL_Driver\Src\stm32f7xx_hal_uart.o
 .debug_info    0x000000000000e033     0x1910 Drivers\STM32F7xx_HAL_Driver\Src\stm32f7xx_ll_usb.o
 .debug_info    0x000000000000f943       0x22 Startup\startup_stm32f767zitx.o

.debug_abbrev   0x0000000000000000     0x22b0
 .debug_abbrev  0x0000000000000000      0x320 Core\Src\main.o
 .debug_abbrev  0x0000000000000320      0x21f Core\Src\stm32f7xx_hal_msp.o
 .debug_abbrev  0x000000000000053f      0x149 Core\Src\stm32f7xx_it.o
 .debug_abbrev  0x0000000000000688      0x147 Core\Src\system_stm32f7xx.o
 .debug_abbrev  0x00000000000007cf      0x1c7 Drivers\STM32F7xx_HAL_Driver\Src\stm32f7xx_hal.o
 .debug_abbrev  0x0000000000000996      0x2fa Drivers\STM32F7xx_HAL_Driver\Src\stm32f7xx_hal_cortex.o
 .debug_abbrev  0x0000000000000c90      0x229 Drivers\STM32F7xx_HAL_Driver\Src\stm32f7xx_hal_dma.o
 .debug_abbrev  0x0000000000000eb9      0x23e Drivers\STM32F7xx_HAL_Driver\Src\stm32f7xx_hal_eth.o
 .debug_abbrev  0x00000000000010f7      0x1c9 Drivers\STM32F7xx_HAL_Driver\Src\stm32f7xx_hal_gpio.o
 .debug_abbrev  0x00000000000012c0      0x257 Drivers\STM32F7xx_HAL_Driver\Src\stm32f7xx_hal_pcd.o
 .debug_abbrev  0x0000000000001517      0x1c0 Drivers\STM32F7xx_HAL_Driver\Src\stm32f7xx_hal_pcd_ex.o
 .debug_abbrev  0x00000000000016d7      0x1b6 Drivers\STM32F7xx_HAL_Driver\Src\stm32f7xx_hal_pwr.o
 .debug_abbrev  0x000000000000188d      0x1b8 Drivers\STM32F7xx_HAL_Driver\Src\stm32f7xx_hal_pwr_ex.o
 .debug_abbrev  0x0000000000001a45      0x268 Drivers\STM32F7xx_HAL_Driver\Src\stm32f7xx_hal_rcc.o
 .debug_abbrev  0x0000000000001cad      0x1ad Drivers\STM32F7xx_HAL_Driver\Src\stm32f7xx_hal_rcc_ex.o
 .debug_abbrev  0x0000000000001e5a      0x205 Drivers\STM32F7xx_HAL_Driver\Src\stm32f7xx_hal_uart.o
 .debug_abbrev  0x000000000000205f      0x23f Drivers\STM32F7xx_HAL_Driver\Src\stm32f7xx_ll_usb.o
 .debug_abbrev  0x000000000000229e       0x12 Startup\startup_stm32f767zitx.o

.debug_aranges  0x0000000000000000      0xc98
 .debug_aranges
                0x0000000000000000       0x78 Core\Src\main.o
 .debug_aranges
                0x0000000000000078       0x50 Core\Src\stm32f7xx_hal_msp.o
 .debug_aranges
                0x00000000000000c8       0x60 Core\Src\stm32f7xx_it.o
 .debug_aranges
                0x0000000000000128       0x28 Core\Src\system_stm32f7xx.o
 .debug_aranges
                0x0000000000000150      0x110 Drivers\STM32F7xx_HAL_Driver\Src\stm32f7xx_hal.o
 .debug_aranges
                0x0000000000000260      0x118 Drivers\STM32F7xx_HAL_Driver\Src\stm32f7xx_hal_cortex.o
 .debug_aranges
                0x0000000000000378       0x90 Drivers\STM32F7xx_HAL_Driver\Src\stm32f7xx_hal_dma.o
 .debug_aranges
                0x0000000000000408      0x110 Drivers\STM32F7xx_HAL_Driver\Src\stm32f7xx_hal_eth.o
 .debug_aranges
                0x0000000000000518       0x58 Drivers\STM32F7xx_HAL_Driver\Src\stm32f7xx_hal_gpio.o
 .debug_aranges
                0x0000000000000570      0x130 Drivers\STM32F7xx_HAL_Driver\Src\stm32f7xx_hal_pcd.o
 .debug_aranges
                0x00000000000006a0       0x48 Drivers\STM32F7xx_HAL_Driver\Src\stm32f7xx_hal_pcd_ex.o
 .debug_aranges
                0x00000000000006e8       0xa0 Drivers\STM32F7xx_HAL_Driver\Src\stm32f7xx_hal_pwr.o
 .debug_aranges
                0x0000000000000788       0x80 Drivers\STM32F7xx_HAL_Driver\Src\stm32f7xx_hal_pwr_ex.o
 .debug_aranges
                0x0000000000000808       0x88 Drivers\STM32F7xx_HAL_Driver\Src\stm32f7xx_hal_rcc.o
 .debug_aranges
                0x0000000000000890       0x50 Drivers\STM32F7xx_HAL_Driver\Src\stm32f7xx_hal_rcc_ex.o
 .debug_aranges
                0x00000000000008e0      0x1f8 Drivers\STM32F7xx_HAL_Driver\Src\stm32f7xx_hal_uart.o
 .debug_aranges
                0x0000000000000ad8      0x198 Drivers\STM32F7xx_HAL_Driver\Src\stm32f7xx_ll_usb.o
 .debug_aranges
                0x0000000000000c70       0x28 Startup\startup_stm32f767zitx.o

.debug_ranges   0x0000000000000000      0xb80
 .debug_ranges  0x0000000000000000       0x68 Core\Src\main.o
 .debug_ranges  0x0000000000000068       0x40 Core\Src\stm32f7xx_hal_msp.o
 .debug_ranges  0x00000000000000a8       0x50 Core\Src\stm32f7xx_it.o
 .debug_ranges  0x00000000000000f8       0x18 Core\Src\system_stm32f7xx.o
 .debug_ranges  0x0000000000000110      0x100 Drivers\STM32F7xx_HAL_Driver\Src\stm32f7xx_hal.o
 .debug_ranges  0x0000000000000210      0x108 Drivers\STM32F7xx_HAL_Driver\Src\stm32f7xx_hal_cortex.o
 .debug_ranges  0x0000000000000318       0x80 Drivers\STM32F7xx_HAL_Driver\Src\stm32f7xx_hal_dma.o
 .debug_ranges  0x0000000000000398      0x100 Drivers\STM32F7xx_HAL_Driver\Src\stm32f7xx_hal_eth.o
 .debug_ranges  0x0000000000000498       0x48 Drivers\STM32F7xx_HAL_Driver\Src\stm32f7xx_hal_gpio.o
 .debug_ranges  0x00000000000004e0      0x120 Drivers\STM32F7xx_HAL_Driver\Src\stm32f7xx_hal_pcd.o
 .debug_ranges  0x0000000000000600       0x38 Drivers\STM32F7xx_HAL_Driver\Src\stm32f7xx_hal_pcd_ex.o
 .debug_ranges  0x0000000000000638       0x90 Drivers\STM32F7xx_HAL_Driver\Src\stm32f7xx_hal_pwr.o
 .debug_ranges  0x00000000000006c8       0x70 Drivers\STM32F7xx_HAL_Driver\Src\stm32f7xx_hal_pwr_ex.o
 .debug_ranges  0x0000000000000738       0x78 Drivers\STM32F7xx_HAL_Driver\Src\stm32f7xx_hal_rcc.o
 .debug_ranges  0x00000000000007b0       0x40 Drivers\STM32F7xx_HAL_Driver\Src\stm32f7xx_hal_rcc_ex.o
 .debug_ranges  0x00000000000007f0      0x1e8 Drivers\STM32F7xx_HAL_Driver\Src\stm32f7xx_hal_uart.o
 .debug_ranges  0x00000000000009d8      0x188 Drivers\STM32F7xx_HAL_Driver\Src\stm32f7xx_ll_usb.o
 .debug_ranges  0x0000000000000b60       0x20 Startup\startup_stm32f767zitx.o

.debug_macro    0x0000000000000000    0x2792f
 .debug_macro   0x0000000000000000      0x2c7 Core\Src\main.o
 .debug_macro   0x00000000000002c7      0xa66 Core\Src\main.o
 .debug_macro   0x0000000000000d2d       0x22 Core\Src\main.o
 .debug_macro   0x0000000000000d4f       0x40 Core\Src\main.o
 .debug_macro   0x0000000000000d8f       0x17 Core\Src\main.o
 .debug_macro   0x0000000000000da6       0x94 Core\Src\main.o
 .debug_macro   0x0000000000000e3a       0x3c Core\Src\main.o
 .debug_macro   0x0000000000000e76       0x34 Core\Src\main.o
 .debug_macro   0x0000000000000eaa      0x174 Core\Src\main.o
 .debug_macro   0x000000000000101e       0x57 Core\Src\main.o
 .debug_macro   0x0000000000001075       0x52 Core\Src\main.o
 .debug_macro   0x00000000000010c7       0x1f Core\Src\main.o
 .debug_macro   0x00000000000010e6       0x43 Core\Src\main.o
 .debug_macro   0x0000000000001129       0x20 Core\Src\main.o
 .debug_macro   0x0000000000001149      0x1a3 Core\Src\main.o
 .debug_macro   0x00000000000012ec      0x330 Core\Src\main.o
 .debug_macro   0x000000000000161c       0x10 Core\Src\main.o
 .debug_macro   0x000000000000162c       0x35 Core\Src\main.o
 .debug_macro   0x0000000000001661       0x20 Core\Src\main.o
 .debug_macro   0x0000000000001681      0x19d Core\Src\main.o
 .debug_macro   0x000000000000181e       0x2e Core\Src\main.o
 .debug_macro   0x000000000000184c       0x3b Core\Src\main.o
 .debug_macro   0x0000000000001887       0xef Core\Src\main.o
 .debug_macro   0x0000000000001976       0x6a Core\Src\main.o
 .debug_macro   0x00000000000019e0      0x1df Core\Src\main.o
 .debug_macro   0x0000000000001bbf       0x1c Core\Src\main.o
 .debug_macro   0x0000000000001bdb       0x22 Core\Src\main.o
 .debug_macro   0x0000000000001bfd       0xd9 Core\Src\main.o
 .debug_macro   0x0000000000001cd6     0x12cd Core\Src\main.o
 .debug_macro   0x0000000000002fa3      0x11f Core\Src\main.o
 .debug_macro   0x00000000000030c2       0x19 Core\Src\main.o
 .debug_macro   0x00000000000030db    0x1a029 Core\Src\main.o
 .debug_macro   0x000000000001d104       0x43 Core\Src\main.o
 .debug_macro   0x000000000001d147     0x363d Core\Src\main.o
 .debug_macro   0x0000000000020784       0x5b Core\Src\main.o
 .debug_macro   0x00000000000207df     0x1add Core\Src\main.o
 .debug_macro   0x00000000000222bc      0x6c4 Core\Src\main.o
 .debug_macro   0x0000000000022980      0x109 Core\Src\main.o
 .debug_macro   0x0000000000022a89      0x117 Core\Src\main.o
 .debug_macro   0x0000000000022ba0      0x26f Core\Src\main.o
 .debug_macro   0x0000000000022e0f       0x27 Core\Src\main.o
 .debug_macro   0x0000000000022e36      0x24f Core\Src\main.o
 .debug_macro   0x0000000000023085       0x71 Core\Src\main.o
 .debug_macro   0x00000000000230f6       0x58 Core\Src\main.o
 .debug_macro   0x000000000002314e      0x236 Core\Src\main.o
 .debug_macro   0x0000000000023384      0xccf Core\Src\main.o
 .debug_macro   0x0000000000024053      0x14f Core\Src\main.o
 .debug_macro   0x00000000000241a2      0x3dc Core\Src\main.o
 .debug_macro   0x000000000002457e       0x12 Core\Src\main.o
 .debug_macro   0x0000000000024590      0x22c Core\Src\main.o
 .debug_macro   0x00000000000247bc       0x61 Core\Src\main.o
 .debug_macro   0x000000000002481d       0xa5 Core\Src\main.o
 .debug_macro   0x00000000000248c2      0x12f Core\Src\main.o
 .debug_macro   0x00000000000249f1      0x108 Core\Src\main.o
 .debug_macro   0x0000000000024af9       0x35 Core\Src\main.o
 .debug_macro   0x0000000000024b2e      0x519 Core\Src\main.o
 .debug_macro   0x0000000000025047       0x44 Core\Src\main.o
 .debug_macro   0x000000000002508b      0x217 Core\Src\main.o
 .debug_macro   0x00000000000252a2       0xe4 Core\Src\main.o
 .debug_macro   0x0000000000025386      0x15c Core\Src\main.o
 .debug_macro   0x00000000000254e2      0x130 Core\Src\main.o
 .debug_macro   0x0000000000025612      0x20c Core\Src\stm32f7xx_hal_msp.o
 .debug_macro   0x000000000002581e       0x8e Core\Src\stm32f7xx_hal_msp.o
 .debug_macro   0x00000000000258ac       0x51 Core\Src\stm32f7xx_hal_msp.o
 .debug_macro   0x00000000000258fd       0xdf Core\Src\stm32f7xx_hal_msp.o
 .debug_macro   0x00000000000259dc       0x61 Core\Src\stm32f7xx_hal_msp.o
 .debug_macro   0x0000000000025a3d      0x216 Core\Src\stm32f7xx_it.o
 .debug_macro   0x0000000000025c53      0x203 Core\Src\system_stm32f7xx.o
 .debug_macro   0x0000000000025e56      0x221 Drivers\STM32F7xx_HAL_Driver\Src\stm32f7xx_hal.o
 .debug_macro   0x0000000000026077      0x1fd Drivers\STM32F7xx_HAL_Driver\Src\stm32f7xx_hal_cortex.o
 .debug_macro   0x0000000000026274      0x203 Drivers\STM32F7xx_HAL_Driver\Src\stm32f7xx_hal_dma.o
 .debug_macro   0x0000000000026477      0x213 Drivers\STM32F7xx_HAL_Driver\Src\stm32f7xx_hal_eth.o
 .debug_macro   0x000000000002668a      0x233 Drivers\STM32F7xx_HAL_Driver\Src\stm32f7xx_hal_gpio.o
 .debug_macro   0x00000000000268bd      0x209 Drivers\STM32F7xx_HAL_Driver\Src\stm32f7xx_hal_pcd.o
 .debug_macro   0x0000000000026ac6      0x1fd Drivers\STM32F7xx_HAL_Driver\Src\stm32f7xx_hal_pcd_ex.o
 .debug_macro   0x0000000000026cc3      0x21b Drivers\STM32F7xx_HAL_Driver\Src\stm32f7xx_hal_pwr.o
 .debug_macro   0x0000000000026ede      0x215 Drivers\STM32F7xx_HAL_Driver\Src\stm32f7xx_hal_pwr_ex.o
 .debug_macro   0x00000000000270f3      0x221 Drivers\STM32F7xx_HAL_Driver\Src\stm32f7xx_hal_rcc.o
 .debug_macro   0x0000000000027314      0x1fd Drivers\STM32F7xx_HAL_Driver\Src\stm32f7xx_hal_rcc_ex.o
 .debug_macro   0x0000000000027511      0x221 Drivers\STM32F7xx_HAL_Driver\Src\stm32f7xx_hal_uart.o
 .debug_macro   0x0000000000027732      0x1fd Drivers\STM32F7xx_HAL_Driver\Src\stm32f7xx_ll_usb.o

.debug_line     0x0000000000000000     0xae4d
 .debug_line    0x0000000000000000      0x9d7 Core\Src\main.o
 .debug_line    0x00000000000009d7      0x7ea Core\Src\stm32f7xx_hal_msp.o
 .debug_line    0x00000000000011c1      0x7bd Core\Src\stm32f7xx_it.o
 .debug_line    0x000000000000197e      0x738 Core\Src\system_stm32f7xx.o
 .debug_line    0x00000000000020b6      0x962 Drivers\STM32F7xx_HAL_Driver\Src\stm32f7xx_hal.o
 .debug_line    0x0000000000002a18      0xa42 Drivers\STM32F7xx_HAL_Driver\Src\stm32f7xx_hal_cortex.o
 .debug_line    0x000000000000345a      0x9ed Drivers\STM32F7xx_HAL_Driver\Src\stm32f7xx_hal_dma.o
 .debug_line    0x0000000000003e47      0xdef Drivers\STM32F7xx_HAL_Driver\Src\stm32f7xx_hal_eth.o
 .debug_line    0x0000000000004c36      0x926 Drivers\STM32F7xx_HAL_Driver\Src\stm32f7xx_hal_gpio.o
 .debug_line    0x000000000000555c      0xc92 Drivers\STM32F7xx_HAL_Driver\Src\stm32f7xx_hal_pcd.o
 .debug_line    0x00000000000061ee      0x7a4 Drivers\STM32F7xx_HAL_Driver\Src\stm32f7xx_hal_pcd_ex.o
 .debug_line    0x0000000000006992      0x886 Drivers\STM32F7xx_HAL_Driver\Src\stm32f7xx_hal_pwr.o
 .debug_line    0x0000000000007218      0x862 Drivers\STM32F7xx_HAL_Driver\Src\stm32f7xx_hal_pwr_ex.o
 .debug_line    0x0000000000007a7a      0x9b4 Drivers\STM32F7xx_HAL_Driver\Src\stm32f7xx_hal_rcc.o
 .debug_line    0x000000000000842e      0x942 Drivers\STM32F7xx_HAL_Driver\Src\stm32f7xx_hal_rcc_ex.o
 .debug_line    0x0000000000008d70     0x1224 Drivers\STM32F7xx_HAL_Driver\Src\stm32f7xx_hal_uart.o
 .debug_line    0x0000000000009f94      0xe38 Drivers\STM32F7xx_HAL_Driver\Src\stm32f7xx_ll_usb.o
 .debug_line    0x000000000000adcc       0x81 Startup\startup_stm32f767zitx.o

.debug_str      0x0000000000000000    0xf734f
 .debug_str     0x0000000000000000    0xf393b Core\Src\main.o
                                      0xf4165 (size before relaxing)
 .debug_str     0x00000000000f393b      0x6de Core\Src\stm32f7xx_hal_msp.o
                                      0xf134a (size before relaxing)
 .debug_str     0x00000000000f4019       0xbd Core\Src\stm32f7xx_it.o
                                      0xf0406 (size before relaxing)
 .debug_str     0x00000000000f40d6      0x179 Core\Src\system_stm32f7xx.o
                                      0xefce1 (size before relaxing)
 .debug_str     0x00000000000f424f      0x3ba Drivers\STM32F7xx_HAL_Driver\Src\stm32f7xx_hal.o
                                      0xf065d (size before relaxing)
 .debug_str     0x00000000000f4609      0x38a Drivers\STM32F7xx_HAL_Driver\Src\stm32f7xx_hal_cortex.o
                                      0xf06d6 (size before relaxing)
 .debug_str     0x00000000000f4993      0x32d Drivers\STM32F7xx_HAL_Driver\Src\stm32f7xx_hal_dma.o
                                      0xf001b (size before relaxing)
 .debug_str     0x00000000000f4cc0      0x749 Drivers\STM32F7xx_HAL_Driver\Src\stm32f7xx_hal_eth.o
                                      0xf07ed (size before relaxing)
 .debug_str     0x00000000000f5409      0x244 Drivers\STM32F7xx_HAL_Driver\Src\stm32f7xx_hal_gpio.o
                                      0xefeb7 (size before relaxing)
 .debug_str     0x00000000000f564d      0x530 Drivers\STM32F7xx_HAL_Driver\Src\stm32f7xx_hal_pcd.o
                                      0xf03c6 (size before relaxing)
 .debug_str     0x00000000000f5b7d      0x16d Drivers\STM32F7xx_HAL_Driver\Src\stm32f7xx_hal_pcd_ex.o
                                      0xeffee (size before relaxing)
 .debug_str     0x00000000000f5cea      0x2c5 Drivers\STM32F7xx_HAL_Driver\Src\stm32f7xx_hal_pwr.o
                                      0xeff99 (size before relaxing)
 .debug_str     0x00000000000f5faf      0x1b5 Drivers\STM32F7xx_HAL_Driver\Src\stm32f7xx_hal_pwr_ex.o
                                      0xeff5b (size before relaxing)
 .debug_str     0x00000000000f6164      0x274 Drivers\STM32F7xx_HAL_Driver\Src\stm32f7xx_hal_rcc.o
                                      0xf000a (size before relaxing)
 .debug_str     0x00000000000f63d8      0x161 Drivers\STM32F7xx_HAL_Driver\Src\stm32f7xx_hal_rcc_ex.o
                                      0xeffca (size before relaxing)
 .debug_str     0x00000000000f6539      0x788 Drivers\STM32F7xx_HAL_Driver\Src\stm32f7xx_hal_uart.o
                                      0xf07cf (size before relaxing)
 .debug_str     0x00000000000f6cc1      0x65d Drivers\STM32F7xx_HAL_Driver\Src\stm32f7xx_ll_usb.o
                                      0xf04f5 (size before relaxing)
 .debug_str     0x00000000000f731e       0x31 Startup\startup_stm32f767zitx.o
                                         0x91 (size before relaxing)

.comment        0x0000000000000000       0x7b
 .comment       0x0000000000000000       0x7b Core\Src\main.o
                                         0x7c (size before relaxing)
 .comment       0x000000000000007b       0x7c Core\Src\stm32f7xx_hal_msp.o
 .comment       0x000000000000007b       0x7c Core\Src\stm32f7xx_it.o
 .comment       0x000000000000007b       0x7c Core\Src\system_stm32f7xx.o
 .comment       0x000000000000007b       0x7c Drivers\STM32F7xx_HAL_Driver\Src\stm32f7xx_hal.o
 .comment       0x000000000000007b       0x7c Drivers\STM32F7xx_HAL_Driver\Src\stm32f7xx_hal_cortex.o
 .comment       0x000000000000007b       0x7c Drivers\STM32F7xx_HAL_Driver\Src\stm32f7xx_hal_dma.o
 .comment       0x000000000000007b       0x7c Drivers\STM32F7xx_HAL_Driver\Src\stm32f7xx_hal_eth.o
 .comment       0x000000000000007b       0x7c Drivers\STM32F7xx_HAL_Driver\Src\stm32f7xx_hal_gpio.o
 .comment       0x000000000000007b       0x7c Drivers\STM32F7xx_HAL_Driver\Src\stm32f7xx_hal_pcd.o
 .comment       0x000000000000007b       0x7c Drivers\STM32F7xx_HAL_Driver\Src\stm32f7xx_hal_pcd_ex.o
 .comment       0x000000000000007b       0x7c Drivers\STM32F7xx_HAL_Driver\Src\stm32f7xx_hal_pwr.o
 .comment       0x000000000000007b       0x7c Drivers\STM32F7xx_HAL_Driver\Src\stm32f7xx_hal_pwr_ex.o
 .comment       0x000000000000007b       0x7c Drivers\STM32F7xx_HAL_Driver\Src\stm32f7xx_hal_rcc.o
 .comment       0x000000000000007b       0x7c Drivers\STM32F7xx_HAL_Driver\Src\stm32f7xx_hal_rcc_ex.o
 .comment       0x000000000000007b       0x7c Drivers\STM32F7xx_HAL_Driver\Src\stm32f7xx_hal_uart.o
 .comment       0x000000000000007b       0x7c Drivers\STM32F7xx_HAL_Driver\Src\stm32f7xx_ll_usb.o

.debug_frame    0x0000000000000000     0x3390
 .debug_frame   0x0000000000000000      0x1a0 Core\Src\main.o
 .debug_frame   0x00000000000001a0      0x110 Core\Src\stm32f7xx_hal_msp.o
 .debug_frame   0x00000000000002b0      0x10c Core\Src\stm32f7xx_it.o
 .debug_frame   0x00000000000003bc       0x58 Core\Src\system_stm32f7xx.o
 .debug_frame   0x0000000000000414      0x3f4 Drivers\STM32F7xx_HAL_Driver\Src\stm32f7xx_hal.o
 .debug_frame   0x0000000000000808      0x498 Drivers\STM32F7xx_HAL_Driver\Src\stm32f7xx_hal_cortex.o
 .debug_frame   0x0000000000000ca0      0x250 Drivers\STM32F7xx_HAL_Driver\Src\stm32f7xx_hal_dma.o
 .debug_frame   0x0000000000000ef0      0x4b4 Drivers\STM32F7xx_HAL_Driver\Src\stm32f7xx_hal_eth.o
 .debug_frame   0x00000000000013a4      0x14c Drivers\STM32F7xx_HAL_Driver\Src\stm32f7xx_hal_gpio.o
 .debug_frame   0x00000000000014f0      0x548 Drivers\STM32F7xx_HAL_Driver\Src\stm32f7xx_hal_pcd.o
 .debug_frame   0x0000000000001a38      0x100 Drivers\STM32F7xx_HAL_Driver\Src\stm32f7xx_hal_pcd_ex.o
 .debug_frame   0x0000000000001b38      0x254 Drivers\STM32F7xx_HAL_Driver\Src\stm32f7xx_hal_pwr.o
 .debug_frame   0x0000000000001d8c      0x1c8 Drivers\STM32F7xx_HAL_Driver\Src\stm32f7xx_hal_pwr_ex.o
 .debug_frame   0x0000000000001f54      0x1f4 Drivers\STM32F7xx_HAL_Driver\Src\stm32f7xx_hal_rcc.o
 .debug_frame   0x0000000000002148      0x118 Drivers\STM32F7xx_HAL_Driver\Src\stm32f7xx_hal_rcc_ex.o
 .debug_frame   0x0000000000002260      0x8f4 Drivers\STM32F7xx_HAL_Driver\Src\stm32f7xx_hal_uart.o
 .debug_frame   0x0000000000002b54      0x790 Drivers\STM32F7xx_HAL_Driver\Src\stm32f7xx_ll_usb.o
 .debug_frame   0x00000000000032e4       0x2c c:/st/stm32cubeide_1.0.1/stm32cubeide/plugins/com.st.stm32cube.ide.mcu.externaltools.gnu-tools-for-stm32.7-2018-q2-update.win32_1.0.0.201904181610/tools/bin/../lib/gcc/arm-none-eabi/7.3.1/../../../../arm-none-eabi/lib/thumb/v7e-m/fpv5/hard\libc_nano.a(lib_a-init.o)
 .debug_frame   0x0000000000003310       0x20 c:/st/stm32cubeide_1.0.1/stm32cubeide/plugins/com.st.stm32cube.ide.mcu.externaltools.gnu-tools-for-stm32.7-2018-q2-update.win32_1.0.0.201904181610/tools/bin/../lib/gcc/arm-none-eabi/7.3.1/../../../../arm-none-eabi/lib/thumb/v7e-m/fpv5/hard\libc_nano.a(lib_a-memset.o)
 .debug_frame   0x0000000000003330       0x2c c:/st/stm32cubeide_1.0.1/stm32cubeide/plugins/com.st.stm32cube.ide.mcu.externaltools.gnu-tools-for-stm32.7-2018-q2-update.win32_1.0.0.201904181610/tools/bin/../lib/gcc/arm-none-eabi/7.3.1/thumb/v7e-m/fpv5/hard\libgcc.a(_aeabi_uldivmod.o)
 .debug_frame   0x000000000000335c       0x34 c:/st/stm32cubeide_1.0.1/stm32cubeide/plugins/com.st.stm32cube.ide.mcu.externaltools.gnu-tools-for-stm32.7-2018-q2-update.win32_1.0.0.201904181610/tools/bin/../lib/gcc/arm-none-eabi/7.3.1/thumb/v7e-m/fpv5/hard\libgcc.a(_udivmoddi4.o)
