18:45:36 **** Build of configuration Debug for project UsartPrint ****
make all 
Building file: ../startup/startup_stm32f103xb.s
Invoking: MCU GCC Assembler
C:\Users\erhan\github\mcu\stm32f1_hal_sw\UsartPrint\UsartPrint\Debug
arm-none-eabi-as -mcpu=cortex-m3 -mthumb -mfloat-abi=soft -g -o "startup/startup_stm32f103xb.o" "../startup/startup_stm32f103xb.s"
Finished building: ../startup/startup_stm32f103xb.s
 
Building file: ../Drivers/STM32F1xx_HAL_Driver/Src/stm32f1xx_hal.c
Invoking: MCU GCC Compiler
C:\Users\erhan\github\mcu\stm32f1_hal_sw\UsartPrint\UsartPrint\Debug
arm-none-eabi-gcc -mcpu=cortex-m3 -mthumb -mfloat-abi=soft '-D__weak=__attribute__((weak))' '-D__packed=__attribute__((__packed__))' -DUSE_HAL_DRIVER -DSTM32F103xB -I"C:/Users/erhan/github/mcu/stm32f1_hal_sw/UsartPrint/UsartPrint/Core/Inc" -I"C:/Users/erhan/github/mcu/stm32f1_hal_sw/UsartPrint/UsartPrint/Drivers/STM32F1xx_HAL_Driver/Inc" -I"C:/Users/erhan/github/mcu/stm32f1_hal_sw/UsartPrint/UsartPrint/Drivers/STM32F1xx_HAL_Driver/Inc/Legacy" -I"C:/Users/erhan/github/mcu/stm32f1_hal_sw/UsartPrint/UsartPrint/Drivers/CMSIS/Device/ST/STM32F1xx/Include" -I"C:/Users/erhan/github/mcu/stm32f1_hal_sw/UsartPrint/UsartPrint/Drivers/CMSIS/Include"  -Og -g3 -Wall -fmessage-length=0 -ffunction-sections -c -fmessage-length=0 -MMD -MP -MF"Drivers/STM32F1xx_HAL_Driver/Src/stm32f1xx_hal.d" -MT"Drivers/STM32F1xx_HAL_Driver/Src/stm32f1xx_hal.o" -o "Drivers/STM32F1xx_HAL_Driver/Src/stm32f1xx_hal.o" "../Drivers/STM32F1xx_HAL_Driver/Src/stm32f1xx_hal.c"
Finished building: ../Drivers/STM32F1xx_HAL_Driver/Src/stm32f1xx_hal.c
 
Building file: ../Drivers/STM32F1xx_HAL_Driver/Src/stm32f1xx_hal_cortex.c
Invoking: MCU GCC Compiler
C:\Users\erhan\github\mcu\stm32f1_hal_sw\UsartPrint\UsartPrint\Debug
arm-none-eabi-gcc -mcpu=cortex-m3 -mthumb -mfloat-abi=soft '-D__weak=__attribute__((weak))' '-D__packed=__attribute__((__packed__))' -DUSE_HAL_DRIVER -DSTM32F103xB -I"C:/Users/erhan/github/mcu/stm32f1_hal_sw/UsartPrint/UsartPrint/Core/Inc" -I"C:/Users/erhan/github/mcu/stm32f1_hal_sw/UsartPrint/UsartPrint/Drivers/STM32F1xx_HAL_Driver/Inc" -I"C:/Users/erhan/github/mcu/stm32f1_hal_sw/UsartPrint/UsartPrint/Drivers/STM32F1xx_HAL_Driver/Inc/Legacy" -I"C:/Users/erhan/github/mcu/stm32f1_hal_sw/UsartPrint/UsartPrint/Drivers/CMSIS/Device/ST/STM32F1xx/Include" -I"C:/Users/erhan/github/mcu/stm32f1_hal_sw/UsartPrint/UsartPrint/Drivers/CMSIS/Include"  -Og -g3 -Wall -fmessage-length=0 -ffunction-sections -c -fmessage-length=0 -MMD -MP -MF"Drivers/STM32F1xx_HAL_Driver/Src/stm32f1xx_hal_cortex.d" -MT"Drivers/STM32F1xx_HAL_Driver/Src/stm32f1xx_hal_cortex.o" -o "Drivers/STM32F1xx_HAL_Driver/Src/stm32f1xx_hal_cortex.o" "../Drivers/STM32F1xx_HAL_Driver/Src/stm32f1xx_hal_cortex.c"
Finished building: ../Drivers/STM32F1xx_HAL_Driver/Src/stm32f1xx_hal_cortex.c
 
Building file: ../Drivers/STM32F1xx_HAL_Driver/Src/stm32f1xx_hal_dma.c
Invoking: MCU GCC Compiler
C:\Users\erhan\github\mcu\stm32f1_hal_sw\UsartPrint\UsartPrint\Debug
arm-none-eabi-gcc -mcpu=cortex-m3 -mthumb -mfloat-abi=soft '-D__weak=__attribute__((weak))' '-D__packed=__attribute__((__packed__))' -DUSE_HAL_DRIVER -DSTM32F103xB -I"C:/Users/erhan/github/mcu/stm32f1_hal_sw/UsartPrint/UsartPrint/Core/Inc" -I"C:/Users/erhan/github/mcu/stm32f1_hal_sw/UsartPrint/UsartPrint/Drivers/STM32F1xx_HAL_Driver/Inc" -I"C:/Users/erhan/github/mcu/stm32f1_hal_sw/UsartPrint/UsartPrint/Drivers/STM32F1xx_HAL_Driver/Inc/Legacy" -I"C:/Users/erhan/github/mcu/stm32f1_hal_sw/UsartPrint/UsartPrint/Drivers/CMSIS/Device/ST/STM32F1xx/Include" -I"C:/Users/erhan/github/mcu/stm32f1_hal_sw/UsartPrint/UsartPrint/Drivers/CMSIS/Include"  -Og -g3 -Wall -fmessage-length=0 -ffunction-sections -c -fmessage-length=0 -MMD -MP -MF"Drivers/STM32F1xx_HAL_Driver/Src/stm32f1xx_hal_dma.d" -MT"Drivers/STM32F1xx_HAL_Driver/Src/stm32f1xx_hal_dma.o" -o "Drivers/STM32F1xx_HAL_Driver/Src/stm32f1xx_hal_dma.o" "../Drivers/STM32F1xx_HAL_Driver/Src/stm32f1xx_hal_dma.c"
Finished building: ../Drivers/STM32F1xx_HAL_Driver/Src/stm32f1xx_hal_dma.c
 
Building file: ../Drivers/STM32F1xx_HAL_Driver/Src/stm32f1xx_hal_flash.c
Invoking: MCU GCC Compiler
C:\Users\erhan\github\mcu\stm32f1_hal_sw\UsartPrint\UsartPrint\Debug
arm-none-eabi-gcc -mcpu=cortex-m3 -mthumb -mfloat-abi=soft '-D__weak=__attribute__((weak))' '-D__packed=__attribute__((__packed__))' -DUSE_HAL_DRIVER -DSTM32F103xB -I"C:/Users/erhan/github/mcu/stm32f1_hal_sw/UsartPrint/UsartPrint/Core/Inc" -I"C:/Users/erhan/github/mcu/stm32f1_hal_sw/UsartPrint/UsartPrint/Drivers/STM32F1xx_HAL_Driver/Inc" -I"C:/Users/erhan/github/mcu/stm32f1_hal_sw/UsartPrint/UsartPrint/Drivers/STM32F1xx_HAL_Driver/Inc/Legacy" -I"C:/Users/erhan/github/mcu/stm32f1_hal_sw/UsartPrint/UsartPrint/Drivers/CMSIS/Device/ST/STM32F1xx/Include" -I"C:/Users/erhan/github/mcu/stm32f1_hal_sw/UsartPrint/UsartPrint/Drivers/CMSIS/Include"  -Og -g3 -Wall -fmessage-length=0 -ffunction-sections -c -fmessage-length=0 -MMD -MP -MF"Drivers/STM32F1xx_HAL_Driver/Src/stm32f1xx_hal_flash.d" -MT"Drivers/STM32F1xx_HAL_Driver/Src/stm32f1xx_hal_flash.o" -o "Drivers/STM32F1xx_HAL_Driver/Src/stm32f1xx_hal_flash.o" "../Drivers/STM32F1xx_HAL_Driver/Src/stm32f1xx_hal_flash.c"
Finished building: ../Drivers/STM32F1xx_HAL_Driver/Src/stm32f1xx_hal_flash.c
 
Building file: ../Drivers/STM32F1xx_HAL_Driver/Src/stm32f1xx_hal_flash_ex.c
Invoking: MCU GCC Compiler
C:\Users\erhan\github\mcu\stm32f1_hal_sw\UsartPrint\UsartPrint\Debug
arm-none-eabi-gcc -mcpu=cortex-m3 -mthumb -mfloat-abi=soft '-D__weak=__attribute__((weak))' '-D__packed=__attribute__((__packed__))' -DUSE_HAL_DRIVER -DSTM32F103xB -I"C:/Users/erhan/github/mcu/stm32f1_hal_sw/UsartPrint/UsartPrint/Core/Inc" -I"C:/Users/erhan/github/mcu/stm32f1_hal_sw/UsartPrint/UsartPrint/Drivers/STM32F1xx_HAL_Driver/Inc" -I"C:/Users/erhan/github/mcu/stm32f1_hal_sw/UsartPrint/UsartPrint/Drivers/STM32F1xx_HAL_Driver/Inc/Legacy" -I"C:/Users/erhan/github/mcu/stm32f1_hal_sw/UsartPrint/UsartPrint/Drivers/CMSIS/Device/ST/STM32F1xx/Include" -I"C:/Users/erhan/github/mcu/stm32f1_hal_sw/UsartPrint/UsartPrint/Drivers/CMSIS/Include"  -Og -g3 -Wall -fmessage-length=0 -ffunction-sections -c -fmessage-length=0 -MMD -MP -MF"Drivers/STM32F1xx_HAL_Driver/Src/stm32f1xx_hal_flash_ex.d" -MT"Drivers/STM32F1xx_HAL_Driver/Src/stm32f1xx_hal_flash_ex.o" -o "Drivers/STM32F1xx_HAL_Driver/Src/stm32f1xx_hal_flash_ex.o" "../Drivers/STM32F1xx_HAL_Driver/Src/stm32f1xx_hal_flash_ex.c"
Finished building: ../Drivers/STM32F1xx_HAL_Driver/Src/stm32f1xx_hal_flash_ex.c
 
Building file: ../Drivers/STM32F1xx_HAL_Driver/Src/stm32f1xx_hal_gpio.c
Invoking: MCU GCC Compiler
C:\Users\erhan\github\mcu\stm32f1_hal_sw\UsartPrint\UsartPrint\Debug
arm-none-eabi-gcc -mcpu=cortex-m3 -mthumb -mfloat-abi=soft '-D__weak=__attribute__((weak))' '-D__packed=__attribute__((__packed__))' -DUSE_HAL_DRIVER -DSTM32F103xB -I"C:/Users/erhan/github/mcu/stm32f1_hal_sw/UsartPrint/UsartPrint/Core/Inc" -I"C:/Users/erhan/github/mcu/stm32f1_hal_sw/UsartPrint/UsartPrint/Drivers/STM32F1xx_HAL_Driver/Inc" -I"C:/Users/erhan/github/mcu/stm32f1_hal_sw/UsartPrint/UsartPrint/Drivers/STM32F1xx_HAL_Driver/Inc/Legacy" -I"C:/Users/erhan/github/mcu/stm32f1_hal_sw/UsartPrint/UsartPrint/Drivers/CMSIS/Device/ST/STM32F1xx/Include" -I"C:/Users/erhan/github/mcu/stm32f1_hal_sw/UsartPrint/UsartPrint/Drivers/CMSIS/Include"  -Og -g3 -Wall -fmessage-length=0 -ffunction-sections -c -fmessage-length=0 -MMD -MP -MF"Drivers/STM32F1xx_HAL_Driver/Src/stm32f1xx_hal_gpio.d" -MT"Drivers/STM32F1xx_HAL_Driver/Src/stm32f1xx_hal_gpio.o" -o "Drivers/STM32F1xx_HAL_Driver/Src/stm32f1xx_hal_gpio.o" "../Drivers/STM32F1xx_HAL_Driver/Src/stm32f1xx_hal_gpio.c"
Finished building: ../Drivers/STM32F1xx_HAL_Driver/Src/stm32f1xx_hal_gpio.c
 
Building file: ../Drivers/STM32F1xx_HAL_Driver/Src/stm32f1xx_hal_gpio_ex.c
Invoking: MCU GCC Compiler
C:\Users\erhan\github\mcu\stm32f1_hal_sw\UsartPrint\UsartPrint\Debug
arm-none-eabi-gcc -mcpu=cortex-m3 -mthumb -mfloat-abi=soft '-D__weak=__attribute__((weak))' '-D__packed=__attribute__((__packed__))' -DUSE_HAL_DRIVER -DSTM32F103xB -I"C:/Users/erhan/github/mcu/stm32f1_hal_sw/UsartPrint/UsartPrint/Core/Inc" -I"C:/Users/erhan/github/mcu/stm32f1_hal_sw/UsartPrint/UsartPrint/Drivers/STM32F1xx_HAL_Driver/Inc" -I"C:/Users/erhan/github/mcu/stm32f1_hal_sw/UsartPrint/UsartPrint/Drivers/STM32F1xx_HAL_Driver/Inc/Legacy" -I"C:/Users/erhan/github/mcu/stm32f1_hal_sw/UsartPrint/UsartPrint/Drivers/CMSIS/Device/ST/STM32F1xx/Include" -I"C:/Users/erhan/github/mcu/stm32f1_hal_sw/UsartPrint/UsartPrint/Drivers/CMSIS/Include"  -Og -g3 -Wall -fmessage-length=0 -ffunction-sections -c -fmessage-length=0 -MMD -MP -MF"Drivers/STM32F1xx_HAL_Driver/Src/stm32f1xx_hal_gpio_ex.d" -MT"Drivers/STM32F1xx_HAL_Driver/Src/stm32f1xx_hal_gpio_ex.o" -o "Drivers/STM32F1xx_HAL_Driver/Src/stm32f1xx_hal_gpio_ex.o" "../Drivers/STM32F1xx_HAL_Driver/Src/stm32f1xx_hal_gpio_ex.c"
Finished building: ../Drivers/STM32F1xx_HAL_Driver/Src/stm32f1xx_hal_gpio_ex.c
 
Building file: ../Drivers/STM32F1xx_HAL_Driver/Src/stm32f1xx_hal_pwr.c
Invoking: MCU GCC Compiler
C:\Users\erhan\github\mcu\stm32f1_hal_sw\UsartPrint\UsartPrint\Debug
arm-none-eabi-gcc -mcpu=cortex-m3 -mthumb -mfloat-abi=soft '-D__weak=__attribute__((weak))' '-D__packed=__attribute__((__packed__))' -DUSE_HAL_DRIVER -DSTM32F103xB -I"C:/Users/erhan/github/mcu/stm32f1_hal_sw/UsartPrint/UsartPrint/Core/Inc" -I"C:/Users/erhan/github/mcu/stm32f1_hal_sw/UsartPrint/UsartPrint/Drivers/STM32F1xx_HAL_Driver/Inc" -I"C:/Users/erhan/github/mcu/stm32f1_hal_sw/UsartPrint/UsartPrint/Drivers/STM32F1xx_HAL_Driver/Inc/Legacy" -I"C:/Users/erhan/github/mcu/stm32f1_hal_sw/UsartPrint/UsartPrint/Drivers/CMSIS/Device/ST/STM32F1xx/Include" -I"C:/Users/erhan/github/mcu/stm32f1_hal_sw/UsartPrint/UsartPrint/Drivers/CMSIS/Include"  -Og -g3 -Wall -fmessage-length=0 -ffunction-sections -c -fmessage-length=0 -MMD -MP -MF"Drivers/STM32F1xx_HAL_Driver/Src/stm32f1xx_hal_pwr.d" -MT"Drivers/STM32F1xx_HAL_Driver/Src/stm32f1xx_hal_pwr.o" -o "Drivers/STM32F1xx_HAL_Driver/Src/stm32f1xx_hal_pwr.o" "../Drivers/STM32F1xx_HAL_Driver/Src/stm32f1xx_hal_pwr.c"
Finished building: ../Drivers/STM32F1xx_HAL_Driver/Src/stm32f1xx_hal_pwr.c
 
Building file: ../Drivers/STM32F1xx_HAL_Driver/Src/stm32f1xx_hal_rcc.c
Invoking: MCU GCC Compiler
C:\Users\erhan\github\mcu\stm32f1_hal_sw\UsartPrint\UsartPrint\Debug
arm-none-eabi-gcc -mcpu=cortex-m3 -mthumb -mfloat-abi=soft '-D__weak=__attribute__((weak))' '-D__packed=__attribute__((__packed__))' -DUSE_HAL_DRIVER -DSTM32F103xB -I"C:/Users/erhan/github/mcu/stm32f1_hal_sw/UsartPrint/UsartPrint/Core/Inc" -I"C:/Users/erhan/github/mcu/stm32f1_hal_sw/UsartPrint/UsartPrint/Drivers/STM32F1xx_HAL_Driver/Inc" -I"C:/Users/erhan/github/mcu/stm32f1_hal_sw/UsartPrint/UsartPrint/Drivers/STM32F1xx_HAL_Driver/Inc/Legacy" -I"C:/Users/erhan/github/mcu/stm32f1_hal_sw/UsartPrint/UsartPrint/Drivers/CMSIS/Device/ST/STM32F1xx/Include" -I"C:/Users/erhan/github/mcu/stm32f1_hal_sw/UsartPrint/UsartPrint/Drivers/CMSIS/Include"  -Og -g3 -Wall -fmessage-length=0 -ffunction-sections -c -fmessage-length=0 -MMD -MP -MF"Drivers/STM32F1xx_HAL_Driver/Src/stm32f1xx_hal_rcc.d" -MT"Drivers/STM32F1xx_HAL_Driver/Src/stm32f1xx_hal_rcc.o" -o "Drivers/STM32F1xx_HAL_Driver/Src/stm32f1xx_hal_rcc.o" "../Drivers/STM32F1xx_HAL_Driver/Src/stm32f1xx_hal_rcc.c"
Finished building: ../Drivers/STM32F1xx_HAL_Driver/Src/stm32f1xx_hal_rcc.c
 
Building file: ../Drivers/STM32F1xx_HAL_Driver/Src/stm32f1xx_hal_rcc_ex.c
Invoking: MCU GCC Compiler
C:\Users\erhan\github\mcu\stm32f1_hal_sw\UsartPrint\UsartPrint\Debug
arm-none-eabi-gcc -mcpu=cortex-m3 -mthumb -mfloat-abi=soft '-D__weak=__attribute__((weak))' '-D__packed=__attribute__((__packed__))' -DUSE_HAL_DRIVER -DSTM32F103xB -I"C:/Users/erhan/github/mcu/stm32f1_hal_sw/UsartPrint/UsartPrint/Core/Inc" -I"C:/Users/erhan/github/mcu/stm32f1_hal_sw/UsartPrint/UsartPrint/Drivers/STM32F1xx_HAL_Driver/Inc" -I"C:/Users/erhan/github/mcu/stm32f1_hal_sw/UsartPrint/UsartPrint/Drivers/STM32F1xx_HAL_Driver/Inc/Legacy" -I"C:/Users/erhan/github/mcu/stm32f1_hal_sw/UsartPrint/UsartPrint/Drivers/CMSIS/Device/ST/STM32F1xx/Include" -I"C:/Users/erhan/github/mcu/stm32f1_hal_sw/UsartPrint/UsartPrint/Drivers/CMSIS/Include"  -Og -g3 -Wall -fmessage-length=0 -ffunction-sections -c -fmessage-length=0 -MMD -MP -MF"Drivers/STM32F1xx_HAL_Driver/Src/stm32f1xx_hal_rcc_ex.d" -MT"Drivers/STM32F1xx_HAL_Driver/Src/stm32f1xx_hal_rcc_ex.o" -o "Drivers/STM32F1xx_HAL_Driver/Src/stm32f1xx_hal_rcc_ex.o" "../Drivers/STM32F1xx_HAL_Driver/Src/stm32f1xx_hal_rcc_ex.c"
Finished building: ../Drivers/STM32F1xx_HAL_Driver/Src/stm32f1xx_hal_rcc_ex.c
 
Building file: ../Drivers/STM32F1xx_HAL_Driver/Src/stm32f1xx_hal_tim.c
Invoking: MCU GCC Compiler
C:\Users\erhan\github\mcu\stm32f1_hal_sw\UsartPrint\UsartPrint\Debug
arm-none-eabi-gcc -mcpu=cortex-m3 -mthumb -mfloat-abi=soft '-D__weak=__attribute__((weak))' '-D__packed=__attribute__((__packed__))' -DUSE_HAL_DRIVER -DSTM32F103xB -I"C:/Users/erhan/github/mcu/stm32f1_hal_sw/UsartPrint/UsartPrint/Core/Inc" -I"C:/Users/erhan/github/mcu/stm32f1_hal_sw/UsartPrint/UsartPrint/Drivers/STM32F1xx_HAL_Driver/Inc" -I"C:/Users/erhan/github/mcu/stm32f1_hal_sw/UsartPrint/UsartPrint/Drivers/STM32F1xx_HAL_Driver/Inc/Legacy" -I"C:/Users/erhan/github/mcu/stm32f1_hal_sw/UsartPrint/UsartPrint/Drivers/CMSIS/Device/ST/STM32F1xx/Include" -I"C:/Users/erhan/github/mcu/stm32f1_hal_sw/UsartPrint/UsartPrint/Drivers/CMSIS/Include"  -Og -g3 -Wall -fmessage-length=0 -ffunction-sections -c -fmessage-length=0 -MMD -MP -MF"Drivers/STM32F1xx_HAL_Driver/Src/stm32f1xx_hal_tim.d" -MT"Drivers/STM32F1xx_HAL_Driver/Src/stm32f1xx_hal_tim.o" -o "Drivers/STM32F1xx_HAL_Driver/Src/stm32f1xx_hal_tim.o" "../Drivers/STM32F1xx_HAL_Driver/Src/stm32f1xx_hal_tim.c"
Finished building: ../Drivers/STM32F1xx_HAL_Driver/Src/stm32f1xx_hal_tim.c
 
Building file: ../Drivers/STM32F1xx_HAL_Driver/Src/stm32f1xx_hal_tim_ex.c
Invoking: MCU GCC Compiler
C:\Users\erhan\github\mcu\stm32f1_hal_sw\UsartPrint\UsartPrint\Debug
arm-none-eabi-gcc -mcpu=cortex-m3 -mthumb -mfloat-abi=soft '-D__weak=__attribute__((weak))' '-D__packed=__attribute__((__packed__))' -DUSE_HAL_DRIVER -DSTM32F103xB -I"C:/Users/erhan/github/mcu/stm32f1_hal_sw/UsartPrint/UsartPrint/Core/Inc" -I"C:/Users/erhan/github/mcu/stm32f1_hal_sw/UsartPrint/UsartPrint/Drivers/STM32F1xx_HAL_Driver/Inc" -I"C:/Users/erhan/github/mcu/stm32f1_hal_sw/UsartPrint/UsartPrint/Drivers/STM32F1xx_HAL_Driver/Inc/Legacy" -I"C:/Users/erhan/github/mcu/stm32f1_hal_sw/UsartPrint/UsartPrint/Drivers/CMSIS/Device/ST/STM32F1xx/Include" -I"C:/Users/erhan/github/mcu/stm32f1_hal_sw/UsartPrint/UsartPrint/Drivers/CMSIS/Include"  -Og -g3 -Wall -fmessage-length=0 -ffunction-sections -c -fmessage-length=0 -MMD -MP -MF"Drivers/STM32F1xx_HAL_Driver/Src/stm32f1xx_hal_tim_ex.d" -MT"Drivers/STM32F1xx_HAL_Driver/Src/stm32f1xx_hal_tim_ex.o" -o "Drivers/STM32F1xx_HAL_Driver/Src/stm32f1xx_hal_tim_ex.o" "../Drivers/STM32F1xx_HAL_Driver/Src/stm32f1xx_hal_tim_ex.c"
Finished building: ../Drivers/STM32F1xx_HAL_Driver/Src/stm32f1xx_hal_tim_ex.c
 
Building file: ../Drivers/STM32F1xx_HAL_Driver/Src/stm32f1xx_hal_uart.c
Invoking: MCU GCC Compiler
C:\Users\erhan\github\mcu\stm32f1_hal_sw\UsartPrint\UsartPrint\Debug
arm-none-eabi-gcc -mcpu=cortex-m3 -mthumb -mfloat-abi=soft '-D__weak=__attribute__((weak))' '-D__packed=__attribute__((__packed__))' -DUSE_HAL_DRIVER -DSTM32F103xB -I"C:/Users/erhan/github/mcu/stm32f1_hal_sw/UsartPrint/UsartPrint/Core/Inc" -I"C:/Users/erhan/github/mcu/stm32f1_hal_sw/UsartPrint/UsartPrint/Drivers/STM32F1xx_HAL_Driver/Inc" -I"C:/Users/erhan/github/mcu/stm32f1_hal_sw/UsartPrint/UsartPrint/Drivers/STM32F1xx_HAL_Driver/Inc/Legacy" -I"C:/Users/erhan/github/mcu/stm32f1_hal_sw/UsartPrint/UsartPrint/Drivers/CMSIS/Device/ST/STM32F1xx/Include" -I"C:/Users/erhan/github/mcu/stm32f1_hal_sw/UsartPrint/UsartPrint/Drivers/CMSIS/Include"  -Og -g3 -Wall -fmessage-length=0 -ffunction-sections -c -fmessage-length=0 -MMD -MP -MF"Drivers/STM32F1xx_HAL_Driver/Src/stm32f1xx_hal_uart.d" -MT"Drivers/STM32F1xx_HAL_Driver/Src/stm32f1xx_hal_uart.o" -o "Drivers/STM32F1xx_HAL_Driver/Src/stm32f1xx_hal_uart.o" "../Drivers/STM32F1xx_HAL_Driver/Src/stm32f1xx_hal_uart.c"
Finished building: ../Drivers/STM32F1xx_HAL_Driver/Src/stm32f1xx_hal_uart.c
 
Building file: ../Core/Src/main.c
Invoking: MCU GCC Compiler
C:\Users\erhan\github\mcu\stm32f1_hal_sw\UsartPrint\UsartPrint\Debug
arm-none-eabi-gcc -mcpu=cortex-m3 -mthumb -mfloat-abi=soft '-D__weak=__attribute__((weak))' '-D__packed=__attribute__((__packed__))' -DUSE_HAL_DRIVER -DSTM32F103xB -I"C:/Users/erhan/github/mcu/stm32f1_hal_sw/UsartPrint/UsartPrint/Core/Inc" -I"C:/Users/erhan/github/mcu/stm32f1_hal_sw/UsartPrint/UsartPrint/Drivers/STM32F1xx_HAL_Driver/Inc" -I"C:/Users/erhan/github/mcu/stm32f1_hal_sw/UsartPrint/UsartPrint/Drivers/STM32F1xx_HAL_Driver/Inc/Legacy" -I"C:/Users/erhan/github/mcu/stm32f1_hal_sw/UsartPrint/UsartPrint/Drivers/CMSIS/Device/ST/STM32F1xx/Include" -I"C:/Users/erhan/github/mcu/stm32f1_hal_sw/UsartPrint/UsartPrint/Drivers/CMSIS/Include"  -Og -g3 -Wall -fmessage-length=0 -ffunction-sections -c -fmessage-length=0 -MMD -MP -MF"Core/Src/main.d" -MT"Core/Src/main.o" -o "Core/Src/main.o" "../Core/Src/main.c"
Finished building: ../Core/Src/main.c
 
Building file: ../Core/Src/stm32f1xx_hal_msp.c
Invoking: MCU GCC Compiler
C:\Users\erhan\github\mcu\stm32f1_hal_sw\UsartPrint\UsartPrint\Debug
arm-none-eabi-gcc -mcpu=cortex-m3 -mthumb -mfloat-abi=soft '-D__weak=__attribute__((weak))' '-D__packed=__attribute__((__packed__))' -DUSE_HAL_DRIVER -DSTM32F103xB -I"C:/Users/erhan/github/mcu/stm32f1_hal_sw/UsartPrint/UsartPrint/Core/Inc" -I"C:/Users/erhan/github/mcu/stm32f1_hal_sw/UsartPrint/UsartPrint/Drivers/STM32F1xx_HAL_Driver/Inc" -I"C:/Users/erhan/github/mcu/stm32f1_hal_sw/UsartPrint/UsartPrint/Drivers/STM32F1xx_HAL_Driver/Inc/Legacy" -I"C:/Users/erhan/github/mcu/stm32f1_hal_sw/UsartPrint/UsartPrint/Drivers/CMSIS/Device/ST/STM32F1xx/Include" -I"C:/Users/erhan/github/mcu/stm32f1_hal_sw/UsartPrint/UsartPrint/Drivers/CMSIS/Include"  -Og -g3 -Wall -fmessage-length=0 -ffunction-sections -c -fmessage-length=0 -MMD -MP -MF"Core/Src/stm32f1xx_hal_msp.d" -MT"Core/Src/stm32f1xx_hal_msp.o" -o "Core/Src/stm32f1xx_hal_msp.o" "../Core/Src/stm32f1xx_hal_msp.c"
Finished building: ../Core/Src/stm32f1xx_hal_msp.c
 
Building file: ../Core/Src/stm32f1xx_it.c
Invoking: MCU GCC Compiler
C:\Users\erhan\github\mcu\stm32f1_hal_sw\UsartPrint\UsartPrint\Debug
arm-none-eabi-gcc -mcpu=cortex-m3 -mthumb -mfloat-abi=soft '-D__weak=__attribute__((weak))' '-D__packed=__attribute__((__packed__))' -DUSE_HAL_DRIVER -DSTM32F103xB -I"C:/Users/erhan/github/mcu/stm32f1_hal_sw/UsartPrint/UsartPrint/Core/Inc" -I"C:/Users/erhan/github/mcu/stm32f1_hal_sw/UsartPrint/UsartPrint/Drivers/STM32F1xx_HAL_Driver/Inc" -I"C:/Users/erhan/github/mcu/stm32f1_hal_sw/UsartPrint/UsartPrint/Drivers/STM32F1xx_HAL_Driver/Inc/Legacy" -I"C:/Users/erhan/github/mcu/stm32f1_hal_sw/UsartPrint/UsartPrint/Drivers/CMSIS/Device/ST/STM32F1xx/Include" -I"C:/Users/erhan/github/mcu/stm32f1_hal_sw/UsartPrint/UsartPrint/Drivers/CMSIS/Include"  -Og -g3 -Wall -fmessage-length=0 -ffunction-sections -c -fmessage-length=0 -MMD -MP -MF"Core/Src/stm32f1xx_it.d" -MT"Core/Src/stm32f1xx_it.o" -o "Core/Src/stm32f1xx_it.o" "../Core/Src/stm32f1xx_it.c"
Finished building: ../Core/Src/stm32f1xx_it.c
 
Building file: ../Core/Src/syscalls.c
Invoking: MCU GCC Compiler
C:\Users\erhan\github\mcu\stm32f1_hal_sw\UsartPrint\UsartPrint\Debug
arm-none-eabi-gcc -mcpu=cortex-m3 -mthumb -mfloat-abi=soft '-D__weak=__attribute__((weak))' '-D__packed=__attribute__((__packed__))' -DUSE_HAL_DRIVER -DSTM32F103xB -I"C:/Users/erhan/github/mcu/stm32f1_hal_sw/UsartPrint/UsartPrint/Core/Inc" -I"C:/Users/erhan/github/mcu/stm32f1_hal_sw/UsartPrint/UsartPrint/Drivers/STM32F1xx_HAL_Driver/Inc" -I"C:/Users/erhan/github/mcu/stm32f1_hal_sw/UsartPrint/UsartPrint/Drivers/STM32F1xx_HAL_Driver/Inc/Legacy" -I"C:/Users/erhan/github/mcu/stm32f1_hal_sw/UsartPrint/UsartPrint/Drivers/CMSIS/Device/ST/STM32F1xx/Include" -I"C:/Users/erhan/github/mcu/stm32f1_hal_sw/UsartPrint/UsartPrint/Drivers/CMSIS/Include"  -Og -g3 -Wall -fmessage-length=0 -ffunction-sections -c -fmessage-length=0 -MMD -MP -MF"Core/Src/syscalls.d" -MT"Core/Src/syscalls.o" -o "Core/Src/syscalls.o" "../Core/Src/syscalls.c"
Finished building: ../Core/Src/syscalls.c
 
Building file: ../Core/Src/system_stm32f1xx.c
Invoking: MCU GCC Compiler
C:\Users\erhan\github\mcu\stm32f1_hal_sw\UsartPrint\UsartPrint\Debug
arm-none-eabi-gcc -mcpu=cortex-m3 -mthumb -mfloat-abi=soft '-D__weak=__attribute__((weak))' '-D__packed=__attribute__((__packed__))' -DUSE_HAL_DRIVER -DSTM32F103xB -I"C:/Users/erhan/github/mcu/stm32f1_hal_sw/UsartPrint/UsartPrint/Core/Inc" -I"C:/Users/erhan/github/mcu/stm32f1_hal_sw/UsartPrint/UsartPrint/Drivers/STM32F1xx_HAL_Driver/Inc" -I"C:/Users/erhan/github/mcu/stm32f1_hal_sw/UsartPrint/UsartPrint/Drivers/STM32F1xx_HAL_Driver/Inc/Legacy" -I"C:/Users/erhan/github/mcu/stm32f1_hal_sw/UsartPrint/UsartPrint/Drivers/CMSIS/Device/ST/STM32F1xx/Include" -I"C:/Users/erhan/github/mcu/stm32f1_hal_sw/UsartPrint/UsartPrint/Drivers/CMSIS/Include"  -Og -g3 -Wall -fmessage-length=0 -ffunction-sections -c -fmessage-length=0 -MMD -MP -MF"Core/Src/system_stm32f1xx.d" -MT"Core/Src/system_stm32f1xx.o" -o "Core/Src/system_stm32f1xx.o" "../Core/Src/system_stm32f1xx.c"
Finished building: ../Core/Src/system_stm32f1xx.c
 
Building target: UsartPrint.elf
Invoking: MCU GCC Linker
arm-none-eabi-gcc -mcpu=cortex-m3 -mthumb -mfloat-abi=soft -specs=nosys.specs -specs=nano.specs -T"../STM32F103RBTx_FLASH.ld" -Wl,-Map=output.map -Wl,--gc-sections -o "UsartPrint.elf" @"objects.list"   -lm
Finished building target: UsartPrint.elf
 
make --no-print-directory post-build
Generating hex and Printing size information:
arm-none-eabi-objcopy -O ihex "UsartPrint.elf" "UsartPrint.hex"
arm-none-eabi-size "UsartPrint.elf"
   text	   data	    bss	    dec	    hex	filename
   4184	     20	   1636	   5840	   16d0	UsartPrint.elf
 
