16:51:59 **** Incremental Build of configuration Debug for project stm32f103rbFreeRtosTemplate ****
make all 
Building file: ../Core/Src/main.c
Invoking: MCU GCC Compiler
C:\Users\erhan\github\mcu\stm32f1_freertos_sw\freeRtosTemplateWithCubeMX\stm32f103rbFreeRtosTemplate\Debug
arm-none-eabi-gcc -mcpu=cortex-m3 -mthumb -mfloat-abi=soft '-D__weak=__attribute__((weak))' '-D__packed=__attribute__((__packed__))' -DUSE_HAL_DRIVER -DSTM32F103xB -I"C:/Users/erhan/github/mcu/stm32f1_freertos_sw/freeRtosTemplateWithCubeMX/stm32f103rbFreeRtosTemplate/Core/Inc" -I"C:/Users/erhan/github/mcu/stm32f1_freertos_sw/freeRtosTemplateWithCubeMX/stm32f103rbFreeRtosTemplate/Drivers/STM32F1xx_HAL_Driver/Inc" -I"C:/Users/erhan/github/mcu/stm32f1_freertos_sw/freeRtosTemplateWithCubeMX/stm32f103rbFreeRtosTemplate/Drivers/STM32F1xx_HAL_Driver/Inc/Legacy" -I"C:/Users/erhan/github/mcu/stm32f1_freertos_sw/freeRtosTemplateWithCubeMX/stm32f103rbFreeRtosTemplate/Middlewares/Third_Party/FreeRTOS/Source/include" -I"C:/Users/erhan/github/mcu/stm32f1_freertos_sw/freeRtosTemplateWithCubeMX/stm32f103rbFreeRtosTemplate/Middlewares/Third_Party/FreeRTOS/Source/CMSIS_RTOS" -I"C:/Users/erhan/github/mcu/stm32f1_freertos_sw/freeRtosTemplateWithCubeMX/stm32f103rbFreeRtosTemplate/Middlewares/Third_Party/FreeRTOS/Source/portable/GCC/ARM_CM3" -I"C:/Users/erhan/github/mcu/stm32f1_freertos_sw/freeRtosTemplateWithCubeMX/stm32f103rbFreeRtosTemplate/Drivers/CMSIS/Device/ST/STM32F1xx/Include" -I"C:/Users/erhan/github/mcu/stm32f1_freertos_sw/freeRtosTemplateWithCubeMX/stm32f103rbFreeRtosTemplate/Drivers/CMSIS/Include"  -Og -g3 -Wall -fmessage-length=0 -ffunction-sections -c -fmessage-length=0 -MMD -MP -MF"Core/Src/main.d" -MT"Core/Src/main.o" -o "Core/Src/main.o" "../Core/Src/main.c"
../Core/Src/main.c: In function 'task1Handler':
../Core/Src/main.c:179:31: warning: pointer targets in passing argument 2 of 'HAL_UART_Transmit' differ in signedness [-Wpointer-sign]
    HAL_UART_Transmit(&huart2, "hello world1 !\r\n", sizeof("hello world1 !\r\n"), 1000);
                               ^~~~~~~~~~~~~~~~~~~~
In file included from C:/Users/erhan/github/mcu/stm32f1_freertos_sw/freeRtosTemplateWithCubeMX/stm32f103rbFreeRtosTemplate/Core/Inc/stm32f1xx_hal_conf.h:319:0,
                 from C:/Users/erhan/github/mcu/stm32f1_freertos_sw/freeRtosTemplateWithCubeMX/stm32f103rbFreeRtosTemplate/Drivers/STM32F1xx_HAL_Driver/Inc/stm32f1xx_hal.h:46,
                 from C:/Users/erhan/github/mcu/stm32f1_freertos_sw/freeRtosTemplateWithCubeMX/stm32f103rbFreeRtosTemplate/Core/Inc/main.h:61,
                 from ../Core/Src/main.c:54:
C:/Users/erhan/github/mcu/stm32f1_freertos_sw/freeRtosTemplateWithCubeMX/stm32f103rbFreeRtosTemplate/Drivers/STM32F1xx_HAL_Driver/Inc/stm32f1xx_hal_uart.h:635:19: note: expected 'uint8_t * {aka unsigned char *}' but argument is of type 'char *'
 HAL_StatusTypeDef HAL_UART_Transmit(UART_HandleTypeDef *huart, uint8_t *pData, uint16_t Size, uint32_t Timeout);
                   ^~~~~~~~~~~~~~~~~
../Core/Src/main.c: In function 'task2Handler':
../Core/Src/main.c:194:31: warning: pointer targets in passing argument 2 of 'HAL_UART_Transmit' differ in signedness [-Wpointer-sign]
    HAL_UART_Transmit(&huart2, "hello world2 !\r\n", sizeof("hello world2 !\r\n"), 1000);
                               ^~~~~~~~~~~~~~~~~~~~
In file included from C:/Users/erhan/github/mcu/stm32f1_freertos_sw/freeRtosTemplateWithCubeMX/stm32f103rbFreeRtosTemplate/Core/Inc/stm32f1xx_hal_conf.h:319:0,
                 from C:/Users/erhan/github/mcu/stm32f1_freertos_sw/freeRtosTemplateWithCubeMX/stm32f103rbFreeRtosTemplate/Drivers/STM32F1xx_HAL_Driver/Inc/stm32f1xx_hal.h:46,
                 from C:/Users/erhan/github/mcu/stm32f1_freertos_sw/freeRtosTemplateWithCubeMX/stm32f103rbFreeRtosTemplate/Core/Inc/main.h:61,
                 from ../Core/Src/main.c:54:
C:/Users/erhan/github/mcu/stm32f1_freertos_sw/freeRtosTemplateWithCubeMX/stm32f103rbFreeRtosTemplate/Drivers/STM32F1xx_HAL_Driver/Inc/stm32f1xx_hal_uart.h:635:19: note: expected 'uint8_t * {aka unsigned char *}' but argument is of type 'char *'
 HAL_StatusTypeDef HAL_UART_Transmit(UART_HandleTypeDef *huart, uint8_t *pData, uint16_t Size, uint32_t Timeout);
                   ^~~~~~~~~~~~~~~~~
Finished building: ../Core/Src/main.c
 
Building target: stm32f103rbFreeRtosTemplate.elf
Invoking: MCU GCC Linker
arm-none-eabi-gcc -mcpu=cortex-m3 -mthumb -mfloat-abi=soft -specs=nosys.specs -specs=nano.specs -specs=rdimon.specs -lc -lrdimon -T"../STM32F103RBTx_FLASH.ld" -Wl,-Map=output.map -Wl,--gc-sections -o "stm32f103rbFreeRtosTemplate.elf" @"objects.list"   -lm
Finished building target: stm32f103rbFreeRtosTemplate.elf
 
make --no-print-directory post-build
Generating hex and Printing size information:
arm-none-eabi-objcopy -O ihex "stm32f103rbFreeRtosTemplate.elf" "stm32f103rbFreeRtosTemplate.hex"
arm-none-eabi-size "stm32f103rbFreeRtosTemplate.elf"
   text	   data	    bss	    dec	    hex	filename
   7504	     28	   5044	  12576	   3120	stm32f103rbFreeRtosTemplate.elf
 
