Archive member included to satisfy reference by file (symbol)

c:/st/stm32cubeide_1.0.1/stm32cubeide/plugins/com.st.stm32cube.ide.mcu.externaltools.gnu-tools-for-stm32.7-2018-q2-update.win32_1.0.0.201904181610/tools/bin/../lib/gcc/arm-none-eabi/7.3.1/../../../../arm-none-eabi/lib/thumb/v7e-m/fpv5/hard\libc_nano.a(lib_a-errno.o)
                              Src/syscalls.o (__errno)
c:/st/stm32cubeide_1.0.1/stm32cubeide/plugins/com.st.stm32cube.ide.mcu.externaltools.gnu-tools-for-stm32.7-2018-q2-update.win32_1.0.0.201904181610/tools/bin/../lib/gcc/arm-none-eabi/7.3.1/../../../../arm-none-eabi/lib/thumb/v7e-m/fpv5/hard\libc_nano.a(lib_a-exit.o)
                              c:/st/stm32cubeide_1.0.1/stm32cubeide/plugins/com.st.stm32cube.ide.mcu.externaltools.gnu-tools-for-stm32.7-2018-q2-update.win32_1.0.0.201904181610/tools/bin/../lib/gcc/arm-none-eabi/7.3.1/../../../../arm-none-eabi/lib/thumb/v7e-m/fpv5/hard/crt0.o (exit)
c:/st/stm32cubeide_1.0.1/stm32cubeide/plugins/com.st.stm32cube.ide.mcu.externaltools.gnu-tools-for-stm32.7-2018-q2-update.win32_1.0.0.201904181610/tools/bin/../lib/gcc/arm-none-eabi/7.3.1/../../../../arm-none-eabi/lib/thumb/v7e-m/fpv5/hard\libc_nano.a(lib_a-impure.o)
                              c:/st/stm32cubeide_1.0.1/stm32cubeide/plugins/com.st.stm32cube.ide.mcu.externaltools.gnu-tools-for-stm32.7-2018-q2-update.win32_1.0.0.201904181610/tools/bin/../lib/gcc/arm-none-eabi/7.3.1/../../../../arm-none-eabi/lib/thumb/v7e-m/fpv5/hard\libc_nano.a(lib_a-exit.o) (_global_impure_ptr)
c:/st/stm32cubeide_1.0.1/stm32cubeide/plugins/com.st.stm32cube.ide.mcu.externaltools.gnu-tools-for-stm32.7-2018-q2-update.win32_1.0.0.201904181610/tools/bin/../lib/gcc/arm-none-eabi/7.3.1/../../../../arm-none-eabi/lib/thumb/v7e-m/fpv5/hard\libc_nano.a(lib_a-init.o)
                              c:/st/stm32cubeide_1.0.1/stm32cubeide/plugins/com.st.stm32cube.ide.mcu.externaltools.gnu-tools-for-stm32.7-2018-q2-update.win32_1.0.0.201904181610/tools/bin/../lib/gcc/arm-none-eabi/7.3.1/../../../../arm-none-eabi/lib/thumb/v7e-m/fpv5/hard/crt0.o (__libc_init_array)
c:/st/stm32cubeide_1.0.1/stm32cubeide/plugins/com.st.stm32cube.ide.mcu.externaltools.gnu-tools-for-stm32.7-2018-q2-update.win32_1.0.0.201904181610/tools/bin/../lib/gcc/arm-none-eabi/7.3.1/../../../../arm-none-eabi/lib/thumb/v7e-m/fpv5/hard\libc_nano.a(lib_a-memset.o)
                              c:/st/stm32cubeide_1.0.1/stm32cubeide/plugins/com.st.stm32cube.ide.mcu.externaltools.gnu-tools-for-stm32.7-2018-q2-update.win32_1.0.0.201904181610/tools/bin/../lib/gcc/arm-none-eabi/7.3.1/../../../../arm-none-eabi/lib/thumb/v7e-m/fpv5/hard/crt0.o (memset)
c:/st/stm32cubeide_1.0.1/stm32cubeide/plugins/com.st.stm32cube.ide.mcu.externaltools.gnu-tools-for-stm32.7-2018-q2-update.win32_1.0.0.201904181610/tools/bin/../lib/gcc/arm-none-eabi/7.3.1/../../../../arm-none-eabi/lib/thumb/v7e-m/fpv5/hard\libc_nano.a(lib_a-strlen.o)
                              Src/main.o (strlen)

Discarded input sections

 .text          0x0000000000000000        0x0 c:/st/stm32cubeide_1.0.1/stm32cubeide/plugins/com.st.stm32cube.ide.mcu.externaltools.gnu-tools-for-stm32.7-2018-q2-update.win32_1.0.0.201904181610/tools/bin/../lib/gcc/arm-none-eabi/7.3.1/thumb/v7e-m/fpv5/hard/crti.o
 .data          0x0000000000000000        0x0 c:/st/stm32cubeide_1.0.1/stm32cubeide/plugins/com.st.stm32cube.ide.mcu.externaltools.gnu-tools-for-stm32.7-2018-q2-update.win32_1.0.0.201904181610/tools/bin/../lib/gcc/arm-none-eabi/7.3.1/thumb/v7e-m/fpv5/hard/crti.o
 .bss           0x0000000000000000        0x0 c:/st/stm32cubeide_1.0.1/stm32cubeide/plugins/com.st.stm32cube.ide.mcu.externaltools.gnu-tools-for-stm32.7-2018-q2-update.win32_1.0.0.201904181610/tools/bin/../lib/gcc/arm-none-eabi/7.3.1/thumb/v7e-m/fpv5/hard/crti.o
 .data          0x0000000000000000        0x4 c:/st/stm32cubeide_1.0.1/stm32cubeide/plugins/com.st.stm32cube.ide.mcu.externaltools.gnu-tools-for-stm32.7-2018-q2-update.win32_1.0.0.201904181610/tools/bin/../lib/gcc/arm-none-eabi/7.3.1/thumb/v7e-m/fpv5/hard/crtbegin.o
 .text          0x0000000000000000       0x74 c:/st/stm32cubeide_1.0.1/stm32cubeide/plugins/com.st.stm32cube.ide.mcu.externaltools.gnu-tools-for-stm32.7-2018-q2-update.win32_1.0.0.201904181610/tools/bin/../lib/gcc/arm-none-eabi/7.3.1/../../../../arm-none-eabi/lib/thumb/v7e-m/fpv5/hard/crt0.o
 .data          0x0000000000000000        0x0 c:/st/stm32cubeide_1.0.1/stm32cubeide/plugins/com.st.stm32cube.ide.mcu.externaltools.gnu-tools-for-stm32.7-2018-q2-update.win32_1.0.0.201904181610/tools/bin/../lib/gcc/arm-none-eabi/7.3.1/../../../../arm-none-eabi/lib/thumb/v7e-m/fpv5/hard/crt0.o
 .bss           0x0000000000000000        0x0 c:/st/stm32cubeide_1.0.1/stm32cubeide/plugins/com.st.stm32cube.ide.mcu.externaltools.gnu-tools-for-stm32.7-2018-q2-update.win32_1.0.0.201904181610/tools/bin/../lib/gcc/arm-none-eabi/7.3.1/../../../../arm-none-eabi/lib/thumb/v7e-m/fpv5/hard/crt0.o
 .ARM.extab     0x0000000000000000        0x0 c:/st/stm32cubeide_1.0.1/stm32cubeide/plugins/com.st.stm32cube.ide.mcu.externaltools.gnu-tools-for-stm32.7-2018-q2-update.win32_1.0.0.201904181610/tools/bin/../lib/gcc/arm-none-eabi/7.3.1/../../../../arm-none-eabi/lib/thumb/v7e-m/fpv5/hard/crt0.o
 .ARM.exidx     0x0000000000000000        0x8 c:/st/stm32cubeide_1.0.1/stm32cubeide/plugins/com.st.stm32cube.ide.mcu.externaltools.gnu-tools-for-stm32.7-2018-q2-update.win32_1.0.0.201904181610/tools/bin/../lib/gcc/arm-none-eabi/7.3.1/../../../../arm-none-eabi/lib/thumb/v7e-m/fpv5/hard/crt0.o
 .ARM.attributes
                0x0000000000000000       0x1e c:/st/stm32cubeide_1.0.1/stm32cubeide/plugins/com.st.stm32cube.ide.mcu.externaltools.gnu-tools-for-stm32.7-2018-q2-update.win32_1.0.0.201904181610/tools/bin/../lib/gcc/arm-none-eabi/7.3.1/../../../../arm-none-eabi/lib/thumb/v7e-m/fpv5/hard/crt0.o
 .group         0x0000000000000000        0xc Drivers/src/EXTI_driver.o
 .group         0x0000000000000000        0xc Drivers/src/EXTI_driver.o
 .group         0x0000000000000000        0xc Drivers/src/EXTI_driver.o
 .group         0x0000000000000000        0xc Drivers/src/EXTI_driver.o
 .group         0x0000000000000000        0xc Drivers/src/EXTI_driver.o
 .group         0x0000000000000000        0xc Drivers/src/EXTI_driver.o
 .group         0x0000000000000000        0xc Drivers/src/EXTI_driver.o
 .group         0x0000000000000000        0xc Drivers/src/EXTI_driver.o
 .group         0x0000000000000000        0xc Drivers/src/EXTI_driver.o
 .group         0x0000000000000000        0xc Drivers/src/EXTI_driver.o
 .group         0x0000000000000000        0xc Drivers/src/EXTI_driver.o
 .group         0x0000000000000000        0xc Drivers/src/EXTI_driver.o
 .group         0x0000000000000000        0xc Drivers/src/EXTI_driver.o
 .group         0x0000000000000000        0xc Drivers/src/EXTI_driver.o
 .group         0x0000000000000000        0xc Drivers/src/EXTI_driver.o
 .group         0x0000000000000000        0xc Drivers/src/EXTI_driver.o
 .text          0x0000000000000000        0x0 Drivers/src/EXTI_driver.o
 .data          0x0000000000000000        0x0 Drivers/src/EXTI_driver.o
 .bss           0x0000000000000000        0x0 Drivers/src/EXTI_driver.o
 .text.__NVIC_EnableIRQ
                0x0000000000000000       0x3c Drivers/src/EXTI_driver.o
 .text.__NVIC_DisableIRQ
                0x0000000000000000       0x44 Drivers/src/EXTI_driver.o
 .text.__NVIC_SetPriority
                0x0000000000000000       0x54 Drivers/src/EXTI_driver.o
 .text.EXTI_initExtInt
                0x0000000000000000      0x138 Drivers/src/EXTI_driver.o
 .text.EXTI_configPriority
                0x0000000000000000       0x20 Drivers/src/EXTI_driver.o
 .text.EXTI_enableDisable
                0x0000000000000000       0x3c Drivers/src/EXTI_driver.o
 .group         0x0000000000000000        0xc Drivers/src/GPIO_driver.o
 .group         0x0000000000000000        0xc Drivers/src/GPIO_driver.o
 .group         0x0000000000000000        0xc Drivers/src/GPIO_driver.o
 .group         0x0000000000000000        0xc Drivers/src/GPIO_driver.o
 .group         0x0000000000000000        0xc Drivers/src/GPIO_driver.o
 .group         0x0000000000000000        0xc Drivers/src/GPIO_driver.o
 .group         0x0000000000000000        0xc Drivers/src/GPIO_driver.o
 .group         0x0000000000000000        0xc Drivers/src/GPIO_driver.o
 .group         0x0000000000000000        0xc Drivers/src/GPIO_driver.o
 .group         0x0000000000000000        0xc Drivers/src/GPIO_driver.o
 .group         0x0000000000000000        0xc Drivers/src/GPIO_driver.o
 .group         0x0000000000000000        0xc Drivers/src/GPIO_driver.o
 .group         0x0000000000000000        0xc Drivers/src/GPIO_driver.o
 .group         0x0000000000000000        0xc Drivers/src/GPIO_driver.o
 .group         0x0000000000000000        0xc Drivers/src/GPIO_driver.o
 .group         0x0000000000000000        0xc Drivers/src/GPIO_driver.o
 .group         0x0000000000000000        0xc Drivers/src/GPIO_driver.o
 .text          0x0000000000000000        0x0 Drivers/src/GPIO_driver.o
 .data          0x0000000000000000        0x0 Drivers/src/GPIO_driver.o
 .bss           0x0000000000000000        0x0 Drivers/src/GPIO_driver.o
 .text.GPIO_lockPort
                0x0000000000000000       0x6a Drivers/src/GPIO_driver.o
 .text.GPIO_deInit
                0x0000000000000000      0x1b8 Drivers/src/GPIO_driver.o
 .text.GPIO_readPin
                0x0000000000000000       0x30 Drivers/src/GPIO_driver.o
 .text.GPIO_readPort
                0x0000000000000000       0x1a Drivers/src/GPIO_driver.o
 .text.GPIO_writePin
                0x0000000000000000       0x7c Drivers/src/GPIO_driver.o
 .text.GPIO_writePort
                0x0000000000000000       0x1e Drivers/src/GPIO_driver.o
 .debug_macro   0x0000000000000000      0xa72 Drivers/src/GPIO_driver.o
 .debug_macro   0x0000000000000000       0x3b Drivers/src/GPIO_driver.o
 .debug_macro   0x0000000000000000       0x22 Drivers/src/GPIO_driver.o
 .debug_macro   0x0000000000000000       0x8e Drivers/src/GPIO_driver.o
 .debug_macro   0x0000000000000000       0x51 Drivers/src/GPIO_driver.o
 .debug_macro   0x0000000000000000       0xef Drivers/src/GPIO_driver.o
 .debug_macro   0x0000000000000000       0x6a Drivers/src/GPIO_driver.o
 .debug_macro   0x0000000000000000      0x1df Drivers/src/GPIO_driver.o
 .debug_macro   0x0000000000000000       0x1c Drivers/src/GPIO_driver.o
 .debug_macro   0x0000000000000000       0x22 Drivers/src/GPIO_driver.o
 .debug_macro   0x0000000000000000       0xdf Drivers/src/GPIO_driver.o
 .debug_macro   0x0000000000000000     0x12cd Drivers/src/GPIO_driver.o
 .debug_macro   0x0000000000000000      0x11f Drivers/src/GPIO_driver.o
 .debug_macro   0x0000000000000000       0x19 Drivers/src/GPIO_driver.o
 .debug_macro   0x0000000000000000    0x1a029 Drivers/src/GPIO_driver.o
 .debug_macro   0x0000000000000000       0x22 Drivers/src/GPIO_driver.o
 .group         0x0000000000000000        0xc Drivers/src/RCC_driver.o
 .group         0x0000000000000000        0xc Drivers/src/RCC_driver.o
 .group         0x0000000000000000        0xc Drivers/src/RCC_driver.o
 .group         0x0000000000000000        0xc Drivers/src/RCC_driver.o
 .group         0x0000000000000000        0xc Drivers/src/RCC_driver.o
 .group         0x0000000000000000        0xc Drivers/src/RCC_driver.o
 .group         0x0000000000000000        0xc Drivers/src/RCC_driver.o
 .group         0x0000000000000000        0xc Drivers/src/RCC_driver.o
 .group         0x0000000000000000        0xc Drivers/src/RCC_driver.o
 .group         0x0000000000000000        0xc Drivers/src/RCC_driver.o
 .group         0x0000000000000000        0xc Drivers/src/RCC_driver.o
 .group         0x0000000000000000        0xc Drivers/src/RCC_driver.o
 .group         0x0000000000000000        0xc Drivers/src/RCC_driver.o
 .group         0x0000000000000000        0xc Drivers/src/RCC_driver.o
 .group         0x0000000000000000        0xc Drivers/src/RCC_driver.o
 .group         0x0000000000000000        0xc Drivers/src/RCC_driver.o
 .group         0x0000000000000000        0xc Drivers/src/RCC_driver.o
 .text          0x0000000000000000        0x0 Drivers/src/RCC_driver.o
 .data          0x0000000000000000        0x0 Drivers/src/RCC_driver.o
 .bss           0x0000000000000000        0x0 Drivers/src/RCC_driver.o
 .debug_info    0x0000000000000000      0x10b Drivers/src/RCC_driver.o
 .debug_abbrev  0x0000000000000000       0x78 Drivers/src/RCC_driver.o
 .debug_aranges
                0x0000000000000000       0x18 Drivers/src/RCC_driver.o
 .debug_macro   0x0000000000000000       0xd9 Drivers/src/RCC_driver.o
 .debug_macro   0x0000000000000000      0xa72 Drivers/src/RCC_driver.o
 .debug_macro   0x0000000000000000       0x3b Drivers/src/RCC_driver.o
 .debug_macro   0x0000000000000000       0x22 Drivers/src/RCC_driver.o
 .debug_macro   0x0000000000000000       0x8e Drivers/src/RCC_driver.o
 .debug_macro   0x0000000000000000       0x51 Drivers/src/RCC_driver.o
 .debug_macro   0x0000000000000000       0xef Drivers/src/RCC_driver.o
 .debug_macro   0x0000000000000000       0x6a Drivers/src/RCC_driver.o
 .debug_macro   0x0000000000000000      0x1df Drivers/src/RCC_driver.o
 .debug_macro   0x0000000000000000       0x1c Drivers/src/RCC_driver.o
 .debug_macro   0x0000000000000000       0x22 Drivers/src/RCC_driver.o
 .debug_macro   0x0000000000000000       0xdf Drivers/src/RCC_driver.o
 .debug_macro   0x0000000000000000     0x12cd Drivers/src/RCC_driver.o
 .debug_macro   0x0000000000000000      0x11f Drivers/src/RCC_driver.o
 .debug_macro   0x0000000000000000       0x19 Drivers/src/RCC_driver.o
 .debug_macro   0x0000000000000000    0x1a029 Drivers/src/RCC_driver.o
 .debug_macro   0x0000000000000000       0x22 Drivers/src/RCC_driver.o
 .debug_macro   0x0000000000000000      0x112 Drivers/src/RCC_driver.o
 .debug_line    0x0000000000000000      0x4e3 Drivers/src/RCC_driver.o
 .debug_str     0x0000000000000000    0xa00d8 Drivers/src/RCC_driver.o
 .comment       0x0000000000000000       0x7c Drivers/src/RCC_driver.o
 .ARM.attributes
                0x0000000000000000       0x37 Drivers/src/RCC_driver.o
 .group         0x0000000000000000        0xc Drivers/src/SPI_driver.o
 .group         0x0000000000000000        0xc Drivers/src/SPI_driver.o
 .group         0x0000000000000000        0xc Drivers/src/SPI_driver.o
 .group         0x0000000000000000        0xc Drivers/src/SPI_driver.o
 .group         0x0000000000000000        0xc Drivers/src/SPI_driver.o
 .group         0x0000000000000000        0xc Drivers/src/SPI_driver.o
 .group         0x0000000000000000        0xc Drivers/src/SPI_driver.o
 .group         0x0000000000000000        0xc Drivers/src/SPI_driver.o
 .group         0x0000000000000000        0xc Drivers/src/SPI_driver.o
 .group         0x0000000000000000        0xc Drivers/src/SPI_driver.o
 .group         0x0000000000000000        0xc Drivers/src/SPI_driver.o
 .group         0x0000000000000000        0xc Drivers/src/SPI_driver.o
 .group         0x0000000000000000        0xc Drivers/src/SPI_driver.o
 .group         0x0000000000000000        0xc Drivers/src/SPI_driver.o
 .group         0x0000000000000000        0xc Drivers/src/SPI_driver.o
 .group         0x0000000000000000        0xc Drivers/src/SPI_driver.o
 .group         0x0000000000000000        0xc Drivers/src/SPI_driver.o
 .group         0x0000000000000000        0xc Drivers/src/SPI_driver.o
 .text          0x0000000000000000        0x0 Drivers/src/SPI_driver.o
 .data          0x0000000000000000        0x0 Drivers/src/SPI_driver.o
 .bss           0x0000000000000000        0x0 Drivers/src/SPI_driver.o
 .text.SPI_deInit
                0x0000000000000000       0xb0 Drivers/src/SPI_driver.o
 .text.SPI_init
                0x0000000000000000       0xa4 Drivers/src/SPI_driver.o
 .debug_macro   0x0000000000000000      0xa72 Drivers/src/SPI_driver.o
 .debug_macro   0x0000000000000000       0x3b Drivers/src/SPI_driver.o
 .debug_macro   0x0000000000000000       0x22 Drivers/src/SPI_driver.o
 .debug_macro   0x0000000000000000       0x8e Drivers/src/SPI_driver.o
 .debug_macro   0x0000000000000000       0x51 Drivers/src/SPI_driver.o
 .debug_macro   0x0000000000000000       0xef Drivers/src/SPI_driver.o
 .debug_macro   0x0000000000000000       0x6a Drivers/src/SPI_driver.o
 .debug_macro   0x0000000000000000      0x1df Drivers/src/SPI_driver.o
 .debug_macro   0x0000000000000000       0x1c Drivers/src/SPI_driver.o
 .debug_macro   0x0000000000000000       0x22 Drivers/src/SPI_driver.o
 .debug_macro   0x0000000000000000       0xdf Drivers/src/SPI_driver.o
 .debug_macro   0x0000000000000000     0x12cd Drivers/src/SPI_driver.o
 .debug_macro   0x0000000000000000      0x11f Drivers/src/SPI_driver.o
 .debug_macro   0x0000000000000000       0x19 Drivers/src/SPI_driver.o
 .debug_macro   0x0000000000000000    0x1a029 Drivers/src/SPI_driver.o
 .debug_macro   0x0000000000000000       0x22 Drivers/src/SPI_driver.o
 .debug_macro   0x0000000000000000      0x118 Drivers/src/SPI_driver.o
 .group         0x0000000000000000        0xc Src/main.o
 .group         0x0000000000000000        0xc Src/main.o
 .group         0x0000000000000000        0xc Src/main.o
 .group         0x0000000000000000        0xc Src/main.o
 .group         0x0000000000000000        0xc Src/main.o
 .group         0x0000000000000000        0xc Src/main.o
 .group         0x0000000000000000        0xc Src/main.o
 .group         0x0000000000000000        0xc Src/main.o
 .group         0x0000000000000000        0xc Src/main.o
 .group         0x0000000000000000        0xc Src/main.o
 .group         0x0000000000000000        0xc Src/main.o
 .group         0x0000000000000000        0xc Src/main.o
 .group         0x0000000000000000        0xc Src/main.o
 .group         0x0000000000000000        0xc Src/main.o
 .group         0x0000000000000000        0xc Src/main.o
 .group         0x0000000000000000        0xc Src/main.o
 .group         0x0000000000000000        0xc Src/main.o
 .group         0x0000000000000000        0xc Src/main.o
 .group         0x0000000000000000        0xc Src/main.o
 .group         0x0000000000000000        0xc Src/main.o
 .group         0x0000000000000000        0xc Src/main.o
 .group         0x0000000000000000        0xc Src/main.o
 .group         0x0000000000000000        0xc Src/main.o
 .group         0x0000000000000000        0xc Src/main.o
 .group         0x0000000000000000        0xc Src/main.o
 .group         0x0000000000000000        0xc Src/main.o
 .group         0x0000000000000000        0xc Src/main.o
 .group         0x0000000000000000        0xc Src/main.o
 .group         0x0000000000000000        0xc Src/main.o
 .group         0x0000000000000000        0xc Src/main.o
 .text          0x0000000000000000        0x0 Src/main.o
 .data          0x0000000000000000        0x0 Src/main.o
 .bss           0x0000000000000000        0x0 Src/main.o
 .text.initLED  0x0000000000000000       0x48 Src/main.o
 .text.initButton
                0x0000000000000000       0x40 Src/main.o
 .text.initTouchSensor
                0x0000000000000000       0x40 Src/main.o
 .text.initTouchSensorITMode
                0x0000000000000000       0x74 Src/main.o
 .text.controlLED
                0x0000000000000000       0x28 Src/main.o
 .text.getButtonState
                0x0000000000000000       0x18 Src/main.o
 .text.getTouchedState
                0x0000000000000000       0x18 Src/main.o
 .debug_macro   0x0000000000000000      0xa72 Src/main.o
 .debug_macro   0x0000000000000000       0x22 Src/main.o
 .debug_macro   0x0000000000000000      0x174 Src/main.o
 .debug_macro   0x0000000000000000       0x3b Src/main.o
 .debug_macro   0x0000000000000000       0xef Src/main.o
 .debug_macro   0x0000000000000000       0x6a Src/main.o
 .debug_macro   0x0000000000000000      0x1df Src/main.o
 .debug_macro   0x0000000000000000       0x1c Src/main.o
 .debug_macro   0x0000000000000000       0x22 Src/main.o
 .debug_macro   0x0000000000000000     0x12cd Src/main.o
 .debug_macro   0x0000000000000000      0x11f Src/main.o
 .debug_macro   0x0000000000000000       0x19 Src/main.o
 .debug_macro   0x0000000000000000    0x1a029 Src/main.o
 .debug_macro   0x0000000000000000       0x22 Src/main.o
 .group         0x0000000000000000        0xc Src/syscalls.o
 .group         0x0000000000000000        0xc Src/syscalls.o
 .group         0x0000000000000000        0xc Src/syscalls.o
 .group         0x0000000000000000        0xc Src/syscalls.o
 .group         0x0000000000000000        0xc Src/syscalls.o
 .group         0x0000000000000000        0xc Src/syscalls.o
 .group         0x0000000000000000        0xc Src/syscalls.o
 .group         0x0000000000000000        0xc Src/syscalls.o
 .group         0x0000000000000000        0xc Src/syscalls.o
 .group         0x0000000000000000        0xc Src/syscalls.o
 .group         0x0000000000000000        0xc Src/syscalls.o
 .group         0x0000000000000000        0xc Src/syscalls.o
 .group         0x0000000000000000        0xc Src/syscalls.o
 .group         0x0000000000000000        0xc Src/syscalls.o
 .group         0x0000000000000000        0xc Src/syscalls.o
 .group         0x0000000000000000        0xc Src/syscalls.o
 .group         0x0000000000000000        0xc Src/syscalls.o
 .group         0x0000000000000000        0xc Src/syscalls.o
 .group         0x0000000000000000        0xc Src/syscalls.o
 .group         0x0000000000000000        0xc Src/syscalls.o
 .group         0x0000000000000000        0xc Src/syscalls.o
 .group         0x0000000000000000        0xc Src/syscalls.o
 .group         0x0000000000000000        0xc Src/syscalls.o
 .group         0x0000000000000000        0xc Src/syscalls.o
 .group         0x0000000000000000        0xc Src/syscalls.o
 .group         0x0000000000000000        0xc Src/syscalls.o
 .group         0x0000000000000000        0xc Src/syscalls.o
 .group         0x0000000000000000        0xc Src/syscalls.o
 .group         0x0000000000000000        0xc Src/syscalls.o
 .group         0x0000000000000000        0xc Src/syscalls.o
 .group         0x0000000000000000        0xc Src/syscalls.o
 .group         0x0000000000000000        0xc Src/syscalls.o
 .group         0x0000000000000000        0xc Src/syscalls.o
 .group         0x0000000000000000        0xc Src/syscalls.o
 .group         0x0000000000000000        0xc Src/syscalls.o
 .group         0x0000000000000000        0xc Src/syscalls.o
 .group         0x0000000000000000        0xc Src/syscalls.o
 .group         0x0000000000000000        0xc Src/syscalls.o
 .group         0x0000000000000000        0xc Src/syscalls.o
 .group         0x0000000000000000        0xc Src/syscalls.o
 .group         0x0000000000000000        0xc Src/syscalls.o
 .group         0x0000000000000000        0xc Src/syscalls.o
 .group         0x0000000000000000        0xc Src/syscalls.o
 .group         0x0000000000000000        0xc Src/syscalls.o
 .text          0x0000000000000000        0x0 Src/syscalls.o
 .data          0x0000000000000000        0x0 Src/syscalls.o
 .bss           0x0000000000000000        0x0 Src/syscalls.o
 .bss.__env     0x0000000000000000        0x4 Src/syscalls.o
 .data.environ  0x0000000000000000        0x4 Src/syscalls.o
 .text.initialise_monitor_handles
                0x0000000000000000        0xe Src/syscalls.o
 .text._getpid  0x0000000000000000       0x10 Src/syscalls.o
 .text._kill    0x0000000000000000       0x20 Src/syscalls.o
 .text._exit    0x0000000000000000       0x14 Src/syscalls.o
 .text._read    0x0000000000000000       0x3a Src/syscalls.o
 .text._write   0x0000000000000000       0x38 Src/syscalls.o
 .text._close   0x0000000000000000       0x18 Src/syscalls.o
 .text._fstat   0x0000000000000000       0x20 Src/syscalls.o
 .text._isatty  0x0000000000000000       0x16 Src/syscalls.o
 .text._lseek   0x0000000000000000       0x1a Src/syscalls.o
 .text._open    0x0000000000000000       0x1c Src/syscalls.o
 .text._wait    0x0000000000000000       0x1e Src/syscalls.o
 .text._unlink  0x0000000000000000       0x1e Src/syscalls.o
 .text._times   0x0000000000000000       0x18 Src/syscalls.o
 .text._stat    0x0000000000000000       0x20 Src/syscalls.o
 .text._link    0x0000000000000000       0x20 Src/syscalls.o
 .text._fork    0x0000000000000000       0x16 Src/syscalls.o
 .text._execve  0x0000000000000000       0x22 Src/syscalls.o
 .debug_info    0x0000000000000000      0xebd Src/syscalls.o
 .debug_abbrev  0x0000000000000000      0x261 Src/syscalls.o
 .debug_aranges
                0x0000000000000000       0xa8 Src/syscalls.o
 .debug_ranges  0x0000000000000000       0x98 Src/syscalls.o
 .debug_macro   0x0000000000000000      0x243 Src/syscalls.o
 .debug_macro   0x0000000000000000      0xa72 Src/syscalls.o
 .debug_macro   0x0000000000000000       0x22 Src/syscalls.o
 .debug_macro   0x0000000000000000       0x40 Src/syscalls.o
 .debug_macro   0x0000000000000000       0x17 Src/syscalls.o
 .debug_macro   0x0000000000000000       0x94 Src/syscalls.o
 .debug_macro   0x0000000000000000       0x3c Src/syscalls.o
 .debug_macro   0x0000000000000000       0x34 Src/syscalls.o
 .debug_macro   0x0000000000000000       0x57 Src/syscalls.o
 .debug_macro   0x0000000000000000      0x174 Src/syscalls.o
 .debug_macro   0x0000000000000000      0x330 Src/syscalls.o
 .debug_macro   0x0000000000000000       0x52 Src/syscalls.o
 .debug_macro   0x0000000000000000       0x1f Src/syscalls.o
 .debug_macro   0x0000000000000000       0x43 Src/syscalls.o
 .debug_macro   0x0000000000000000       0x20 Src/syscalls.o
 .debug_macro   0x0000000000000000      0x1a3 Src/syscalls.o
 .debug_macro   0x0000000000000000       0x10 Src/syscalls.o
 .debug_macro   0x0000000000000000       0x35 Src/syscalls.o
 .debug_macro   0x0000000000000000       0x10 Src/syscalls.o
 .debug_macro   0x0000000000000000       0x10 Src/syscalls.o
 .debug_macro   0x0000000000000000       0x10 Src/syscalls.o
 .debug_macro   0x0000000000000000       0x6a Src/syscalls.o
 .debug_macro   0x0000000000000000       0x1c Src/syscalls.o
 .debug_macro   0x0000000000000000       0x52 Src/syscalls.o
 .debug_macro   0x0000000000000000       0x40 Src/syscalls.o
 .debug_macro   0x0000000000000000       0x10 Src/syscalls.o
 .debug_macro   0x0000000000000000       0x40 Src/syscalls.o
 .debug_macro   0x0000000000000000       0xd7 Src/syscalls.o
 .debug_macro   0x0000000000000000       0x1c Src/syscalls.o
 .debug_macro   0x0000000000000000       0x3d Src/syscalls.o
 .debug_macro   0x0000000000000000       0x35 Src/syscalls.o
 .debug_macro   0x0000000000000000      0x122 Src/syscalls.o
 .debug_macro   0x0000000000000000       0x16 Src/syscalls.o
 .debug_macro   0x0000000000000000       0x16 Src/syscalls.o
 .debug_macro   0x0000000000000000       0x29 Src/syscalls.o
 .debug_macro   0x0000000000000000       0x10 Src/syscalls.o
 .debug_macro   0x0000000000000000      0x241 Src/syscalls.o
 .debug_macro   0x0000000000000000       0x1c Src/syscalls.o
 .debug_macro   0x0000000000000000       0x10 Src/syscalls.o
 .debug_macro   0x0000000000000000       0x10 Src/syscalls.o
 .debug_macro   0x0000000000000000       0x16 Src/syscalls.o
 .debug_macro   0x0000000000000000      0x145 Src/syscalls.o
 .debug_macro   0x0000000000000000      0x189 Src/syscalls.o
 .debug_macro   0x0000000000000000       0x16 Src/syscalls.o
 .debug_macro   0x0000000000000000       0x88 Src/syscalls.o
 .debug_line    0x0000000000000000      0x73d Src/syscalls.o
 .debug_str     0x0000000000000000     0x88c0 Src/syscalls.o
 .comment       0x0000000000000000       0x7c Src/syscalls.o
 .debug_frame   0x0000000000000000      0x2ac Src/syscalls.o
 .ARM.attributes
                0x0000000000000000       0x37 Src/syscalls.o
 .group         0x0000000000000000        0xc Src/sysmem.o
 .group         0x0000000000000000        0xc Src/sysmem.o
 .group         0x0000000000000000        0xc Src/sysmem.o
 .group         0x0000000000000000        0xc Src/sysmem.o
 .group         0x0000000000000000        0xc Src/sysmem.o
 .group         0x0000000000000000        0xc Src/sysmem.o
 .group         0x0000000000000000        0xc Src/sysmem.o
 .group         0x0000000000000000        0xc Src/sysmem.o
 .group         0x0000000000000000        0xc Src/sysmem.o
 .group         0x0000000000000000        0xc Src/sysmem.o
 .group         0x0000000000000000        0xc Src/sysmem.o
 .group         0x0000000000000000        0xc Src/sysmem.o
 .group         0x0000000000000000        0xc Src/sysmem.o
 .group         0x0000000000000000        0xc Src/sysmem.o
 .group         0x0000000000000000        0xc Src/sysmem.o
 .group         0x0000000000000000        0xc Src/sysmem.o
 .group         0x0000000000000000        0xc Src/sysmem.o
 .group         0x0000000000000000        0xc Src/sysmem.o
 .group         0x0000000000000000        0xc Src/sysmem.o
 .group         0x0000000000000000        0xc Src/sysmem.o
 .group         0x0000000000000000        0xc Src/sysmem.o
 .group         0x0000000000000000        0xc Src/sysmem.o
 .group         0x0000000000000000        0xc Src/sysmem.o
 .group         0x0000000000000000        0xc Src/sysmem.o
 .group         0x0000000000000000        0xc Src/sysmem.o
 .group         0x0000000000000000        0xc Src/sysmem.o
 .group         0x0000000000000000        0xc Src/sysmem.o
 .group         0x0000000000000000        0xc Src/sysmem.o
 .group         0x0000000000000000        0xc Src/sysmem.o
 .group         0x0000000000000000        0xc Src/sysmem.o
 .group         0x0000000000000000        0xc Src/sysmem.o
 .group         0x0000000000000000        0xc Src/sysmem.o
 .text          0x0000000000000000        0x0 Src/sysmem.o
 .data          0x0000000000000000        0x0 Src/sysmem.o
 .bss           0x0000000000000000        0x0 Src/sysmem.o
 .bss.heap_end.6424
                0x0000000000000000        0x4 Src/sysmem.o
 .text._sbrk    0x0000000000000000       0x58 Src/sysmem.o
 .debug_info    0x0000000000000000      0x91c Src/sysmem.o
 .debug_abbrev  0x0000000000000000      0x1bb Src/sysmem.o
 .debug_aranges
                0x0000000000000000       0x20 Src/sysmem.o
 .debug_ranges  0x0000000000000000       0x10 Src/sysmem.o
 .debug_macro   0x0000000000000000      0x1ae Src/sysmem.o
 .debug_macro   0x0000000000000000      0xa72 Src/sysmem.o
 .debug_macro   0x0000000000000000       0x10 Src/sysmem.o
 .debug_macro   0x0000000000000000       0x22 Src/sysmem.o
 .debug_macro   0x0000000000000000       0x40 Src/sysmem.o
 .debug_macro   0x0000000000000000       0x17 Src/sysmem.o
 .debug_macro   0x0000000000000000       0x94 Src/sysmem.o
 .debug_macro   0x0000000000000000       0x3c Src/sysmem.o
 .debug_macro   0x0000000000000000       0x34 Src/sysmem.o
 .debug_macro   0x0000000000000000      0x174 Src/sysmem.o
 .debug_macro   0x0000000000000000       0x57 Src/sysmem.o
 .debug_macro   0x0000000000000000       0x52 Src/sysmem.o
 .debug_macro   0x0000000000000000       0x1f Src/sysmem.o
 .debug_macro   0x0000000000000000       0x43 Src/sysmem.o
 .debug_macro   0x0000000000000000       0x20 Src/sysmem.o
 .debug_macro   0x0000000000000000      0x1a3 Src/sysmem.o
 .debug_macro   0x0000000000000000      0x23b Src/sysmem.o
 .debug_macro   0x0000000000000000       0x16 Src/sysmem.o
 .debug_macro   0x0000000000000000       0x35 Src/sysmem.o
 .debug_macro   0x0000000000000000      0x330 Src/sysmem.o
 .debug_macro   0x0000000000000000       0x10 Src/sysmem.o
 .debug_macro   0x0000000000000000       0x10 Src/sysmem.o
 .debug_macro   0x0000000000000000       0x6a Src/sysmem.o
 .debug_macro   0x0000000000000000       0x1c Src/sysmem.o
 .debug_macro   0x0000000000000000       0x52 Src/sysmem.o
 .debug_macro   0x0000000000000000       0x40 Src/sysmem.o
 .debug_macro   0x0000000000000000       0x10 Src/sysmem.o
 .debug_macro   0x0000000000000000       0x40 Src/sysmem.o
 .debug_macro   0x0000000000000000       0xd7 Src/sysmem.o
 .debug_macro   0x0000000000000000       0x1c Src/sysmem.o
 .debug_macro   0x0000000000000000       0x3d Src/sysmem.o
 .debug_macro   0x0000000000000000       0x16 Src/sysmem.o
 .debug_macro   0x0000000000000000      0x145 Src/sysmem.o
 .debug_line    0x0000000000000000      0x559 Src/sysmem.o
 .debug_str     0x0000000000000000     0x7b19 Src/sysmem.o
 .comment       0x0000000000000000       0x7c Src/sysmem.o
 .debug_frame   0x0000000000000000       0x34 Src/sysmem.o
 .ARM.attributes
                0x0000000000000000       0x37 Src/sysmem.o
 .text          0x0000000000000000       0x14 Startup/startup_stm32f767zitx.o
 .data          0x0000000000000000        0x0 Startup/startup_stm32f767zitx.o
 .bss           0x0000000000000000        0x0 Startup/startup_stm32f767zitx.o
 .text          0x0000000000000000        0x0 c:/st/stm32cubeide_1.0.1/stm32cubeide/plugins/com.st.stm32cube.ide.mcu.externaltools.gnu-tools-for-stm32.7-2018-q2-update.win32_1.0.0.201904181610/tools/bin/../lib/gcc/arm-none-eabi/7.3.1/../../../../arm-none-eabi/lib/thumb/v7e-m/fpv5/hard\libc_nano.a(lib_a-errno.o)
 .data          0x0000000000000000        0x0 c:/st/stm32cubeide_1.0.1/stm32cubeide/plugins/com.st.stm32cube.ide.mcu.externaltools.gnu-tools-for-stm32.7-2018-q2-update.win32_1.0.0.201904181610/tools/bin/../lib/gcc/arm-none-eabi/7.3.1/../../../../arm-none-eabi/lib/thumb/v7e-m/fpv5/hard\libc_nano.a(lib_a-errno.o)
 .bss           0x0000000000000000        0x0 c:/st/stm32cubeide_1.0.1/stm32cubeide/plugins/com.st.stm32cube.ide.mcu.externaltools.gnu-tools-for-stm32.7-2018-q2-update.win32_1.0.0.201904181610/tools/bin/../lib/gcc/arm-none-eabi/7.3.1/../../../../arm-none-eabi/lib/thumb/v7e-m/fpv5/hard\libc_nano.a(lib_a-errno.o)
 .text.__errno  0x0000000000000000        0xc c:/st/stm32cubeide_1.0.1/stm32cubeide/plugins/com.st.stm32cube.ide.mcu.externaltools.gnu-tools-for-stm32.7-2018-q2-update.win32_1.0.0.201904181610/tools/bin/../lib/gcc/arm-none-eabi/7.3.1/../../../../arm-none-eabi/lib/thumb/v7e-m/fpv5/hard\libc_nano.a(lib_a-errno.o)
 .debug_frame   0x0000000000000000       0x20 c:/st/stm32cubeide_1.0.1/stm32cubeide/plugins/com.st.stm32cube.ide.mcu.externaltools.gnu-tools-for-stm32.7-2018-q2-update.win32_1.0.0.201904181610/tools/bin/../lib/gcc/arm-none-eabi/7.3.1/../../../../arm-none-eabi/lib/thumb/v7e-m/fpv5/hard\libc_nano.a(lib_a-errno.o)
 .ARM.attributes
                0x0000000000000000       0x32 c:/st/stm32cubeide_1.0.1/stm32cubeide/plugins/com.st.stm32cube.ide.mcu.externaltools.gnu-tools-for-stm32.7-2018-q2-update.win32_1.0.0.201904181610/tools/bin/../lib/gcc/arm-none-eabi/7.3.1/../../../../arm-none-eabi/lib/thumb/v7e-m/fpv5/hard\libc_nano.a(lib_a-errno.o)
 .text          0x0000000000000000        0x0 c:/st/stm32cubeide_1.0.1/stm32cubeide/plugins/com.st.stm32cube.ide.mcu.externaltools.gnu-tools-for-stm32.7-2018-q2-update.win32_1.0.0.201904181610/tools/bin/../lib/gcc/arm-none-eabi/7.3.1/../../../../arm-none-eabi/lib/thumb/v7e-m/fpv5/hard\libc_nano.a(lib_a-exit.o)
 .data          0x0000000000000000        0x0 c:/st/stm32cubeide_1.0.1/stm32cubeide/plugins/com.st.stm32cube.ide.mcu.externaltools.gnu-tools-for-stm32.7-2018-q2-update.win32_1.0.0.201904181610/tools/bin/../lib/gcc/arm-none-eabi/7.3.1/../../../../arm-none-eabi/lib/thumb/v7e-m/fpv5/hard\libc_nano.a(lib_a-exit.o)
 .bss           0x0000000000000000        0x0 c:/st/stm32cubeide_1.0.1/stm32cubeide/plugins/com.st.stm32cube.ide.mcu.externaltools.gnu-tools-for-stm32.7-2018-q2-update.win32_1.0.0.201904181610/tools/bin/../lib/gcc/arm-none-eabi/7.3.1/../../../../arm-none-eabi/lib/thumb/v7e-m/fpv5/hard\libc_nano.a(lib_a-exit.o)
 .text.exit     0x0000000000000000       0x28 c:/st/stm32cubeide_1.0.1/stm32cubeide/plugins/com.st.stm32cube.ide.mcu.externaltools.gnu-tools-for-stm32.7-2018-q2-update.win32_1.0.0.201904181610/tools/bin/../lib/gcc/arm-none-eabi/7.3.1/../../../../arm-none-eabi/lib/thumb/v7e-m/fpv5/hard\libc_nano.a(lib_a-exit.o)
 .debug_frame   0x0000000000000000       0x28 c:/st/stm32cubeide_1.0.1/stm32cubeide/plugins/com.st.stm32cube.ide.mcu.externaltools.gnu-tools-for-stm32.7-2018-q2-update.win32_1.0.0.201904181610/tools/bin/../lib/gcc/arm-none-eabi/7.3.1/../../../../arm-none-eabi/lib/thumb/v7e-m/fpv5/hard\libc_nano.a(lib_a-exit.o)
 .ARM.attributes
                0x0000000000000000       0x32 c:/st/stm32cubeide_1.0.1/stm32cubeide/plugins/com.st.stm32cube.ide.mcu.externaltools.gnu-tools-for-stm32.7-2018-q2-update.win32_1.0.0.201904181610/tools/bin/../lib/gcc/arm-none-eabi/7.3.1/../../../../arm-none-eabi/lib/thumb/v7e-m/fpv5/hard\libc_nano.a(lib_a-exit.o)
 .text          0x0000000000000000        0x0 c:/st/stm32cubeide_1.0.1/stm32cubeide/plugins/com.st.stm32cube.ide.mcu.externaltools.gnu-tools-for-stm32.7-2018-q2-update.win32_1.0.0.201904181610/tools/bin/../lib/gcc/arm-none-eabi/7.3.1/../../../../arm-none-eabi/lib/thumb/v7e-m/fpv5/hard\libc_nano.a(lib_a-impure.o)
 .data          0x0000000000000000        0x0 c:/st/stm32cubeide_1.0.1/stm32cubeide/plugins/com.st.stm32cube.ide.mcu.externaltools.gnu-tools-for-stm32.7-2018-q2-update.win32_1.0.0.201904181610/tools/bin/../lib/gcc/arm-none-eabi/7.3.1/../../../../arm-none-eabi/lib/thumb/v7e-m/fpv5/hard\libc_nano.a(lib_a-impure.o)
 .bss           0x0000000000000000        0x0 c:/st/stm32cubeide_1.0.1/stm32cubeide/plugins/com.st.stm32cube.ide.mcu.externaltools.gnu-tools-for-stm32.7-2018-q2-update.win32_1.0.0.201904181610/tools/bin/../lib/gcc/arm-none-eabi/7.3.1/../../../../arm-none-eabi/lib/thumb/v7e-m/fpv5/hard\libc_nano.a(lib_a-impure.o)
 .data._impure_ptr
                0x0000000000000000        0x4 c:/st/stm32cubeide_1.0.1/stm32cubeide/plugins/com.st.stm32cube.ide.mcu.externaltools.gnu-tools-for-stm32.7-2018-q2-update.win32_1.0.0.201904181610/tools/bin/../lib/gcc/arm-none-eabi/7.3.1/../../../../arm-none-eabi/lib/thumb/v7e-m/fpv5/hard\libc_nano.a(lib_a-impure.o)
 .data.impure_data
                0x0000000000000000       0x60 c:/st/stm32cubeide_1.0.1/stm32cubeide/plugins/com.st.stm32cube.ide.mcu.externaltools.gnu-tools-for-stm32.7-2018-q2-update.win32_1.0.0.201904181610/tools/bin/../lib/gcc/arm-none-eabi/7.3.1/../../../../arm-none-eabi/lib/thumb/v7e-m/fpv5/hard\libc_nano.a(lib_a-impure.o)
 .rodata._global_impure_ptr
                0x0000000000000000        0x4 c:/st/stm32cubeide_1.0.1/stm32cubeide/plugins/com.st.stm32cube.ide.mcu.externaltools.gnu-tools-for-stm32.7-2018-q2-update.win32_1.0.0.201904181610/tools/bin/../lib/gcc/arm-none-eabi/7.3.1/../../../../arm-none-eabi/lib/thumb/v7e-m/fpv5/hard\libc_nano.a(lib_a-impure.o)
 .ARM.attributes
                0x0000000000000000       0x32 c:/st/stm32cubeide_1.0.1/stm32cubeide/plugins/com.st.stm32cube.ide.mcu.externaltools.gnu-tools-for-stm32.7-2018-q2-update.win32_1.0.0.201904181610/tools/bin/../lib/gcc/arm-none-eabi/7.3.1/../../../../arm-none-eabi/lib/thumb/v7e-m/fpv5/hard\libc_nano.a(lib_a-impure.o)
 .text          0x0000000000000000        0x0 c:/st/stm32cubeide_1.0.1/stm32cubeide/plugins/com.st.stm32cube.ide.mcu.externaltools.gnu-tools-for-stm32.7-2018-q2-update.win32_1.0.0.201904181610/tools/bin/../lib/gcc/arm-none-eabi/7.3.1/../../../../arm-none-eabi/lib/thumb/v7e-m/fpv5/hard\libc_nano.a(lib_a-init.o)
 .data          0x0000000000000000        0x0 c:/st/stm32cubeide_1.0.1/stm32cubeide/plugins/com.st.stm32cube.ide.mcu.externaltools.gnu-tools-for-stm32.7-2018-q2-update.win32_1.0.0.201904181610/tools/bin/../lib/gcc/arm-none-eabi/7.3.1/../../../../arm-none-eabi/lib/thumb/v7e-m/fpv5/hard\libc_nano.a(lib_a-init.o)
 .bss           0x0000000000000000        0x0 c:/st/stm32cubeide_1.0.1/stm32cubeide/plugins/com.st.stm32cube.ide.mcu.externaltools.gnu-tools-for-stm32.7-2018-q2-update.win32_1.0.0.201904181610/tools/bin/../lib/gcc/arm-none-eabi/7.3.1/../../../../arm-none-eabi/lib/thumb/v7e-m/fpv5/hard\libc_nano.a(lib_a-init.o)
 .text          0x0000000000000000        0x0 c:/st/stm32cubeide_1.0.1/stm32cubeide/plugins/com.st.stm32cube.ide.mcu.externaltools.gnu-tools-for-stm32.7-2018-q2-update.win32_1.0.0.201904181610/tools/bin/../lib/gcc/arm-none-eabi/7.3.1/../../../../arm-none-eabi/lib/thumb/v7e-m/fpv5/hard\libc_nano.a(lib_a-memset.o)
 .data          0x0000000000000000        0x0 c:/st/stm32cubeide_1.0.1/stm32cubeide/plugins/com.st.stm32cube.ide.mcu.externaltools.gnu-tools-for-stm32.7-2018-q2-update.win32_1.0.0.201904181610/tools/bin/../lib/gcc/arm-none-eabi/7.3.1/../../../../arm-none-eabi/lib/thumb/v7e-m/fpv5/hard\libc_nano.a(lib_a-memset.o)
 .bss           0x0000000000000000        0x0 c:/st/stm32cubeide_1.0.1/stm32cubeide/plugins/com.st.stm32cube.ide.mcu.externaltools.gnu-tools-for-stm32.7-2018-q2-update.win32_1.0.0.201904181610/tools/bin/../lib/gcc/arm-none-eabi/7.3.1/../../../../arm-none-eabi/lib/thumb/v7e-m/fpv5/hard\libc_nano.a(lib_a-memset.o)
 .text.memset   0x0000000000000000       0x10 c:/st/stm32cubeide_1.0.1/stm32cubeide/plugins/com.st.stm32cube.ide.mcu.externaltools.gnu-tools-for-stm32.7-2018-q2-update.win32_1.0.0.201904181610/tools/bin/../lib/gcc/arm-none-eabi/7.3.1/../../../../arm-none-eabi/lib/thumb/v7e-m/fpv5/hard\libc_nano.a(lib_a-memset.o)
 .debug_frame   0x0000000000000000       0x20 c:/st/stm32cubeide_1.0.1/stm32cubeide/plugins/com.st.stm32cube.ide.mcu.externaltools.gnu-tools-for-stm32.7-2018-q2-update.win32_1.0.0.201904181610/tools/bin/../lib/gcc/arm-none-eabi/7.3.1/../../../../arm-none-eabi/lib/thumb/v7e-m/fpv5/hard\libc_nano.a(lib_a-memset.o)
 .ARM.attributes
                0x0000000000000000       0x32 c:/st/stm32cubeide_1.0.1/stm32cubeide/plugins/com.st.stm32cube.ide.mcu.externaltools.gnu-tools-for-stm32.7-2018-q2-update.win32_1.0.0.201904181610/tools/bin/../lib/gcc/arm-none-eabi/7.3.1/../../../../arm-none-eabi/lib/thumb/v7e-m/fpv5/hard\libc_nano.a(lib_a-memset.o)
 .data          0x0000000000000000        0x0 c:/st/stm32cubeide_1.0.1/stm32cubeide/plugins/com.st.stm32cube.ide.mcu.externaltools.gnu-tools-for-stm32.7-2018-q2-update.win32_1.0.0.201904181610/tools/bin/../lib/gcc/arm-none-eabi/7.3.1/../../../../arm-none-eabi/lib/thumb/v7e-m/fpv5/hard\libc_nano.a(lib_a-strlen.o)
 .bss           0x0000000000000000        0x0 c:/st/stm32cubeide_1.0.1/stm32cubeide/plugins/com.st.stm32cube.ide.mcu.externaltools.gnu-tools-for-stm32.7-2018-q2-update.win32_1.0.0.201904181610/tools/bin/../lib/gcc/arm-none-eabi/7.3.1/../../../../arm-none-eabi/lib/thumb/v7e-m/fpv5/hard\libc_nano.a(lib_a-strlen.o)
 .text          0x0000000000000000        0x0 c:/st/stm32cubeide_1.0.1/stm32cubeide/plugins/com.st.stm32cube.ide.mcu.externaltools.gnu-tools-for-stm32.7-2018-q2-update.win32_1.0.0.201904181610/tools/bin/../lib/gcc/arm-none-eabi/7.3.1/thumb/v7e-m/fpv5/hard/crtend.o
 .data          0x0000000000000000        0x0 c:/st/stm32cubeide_1.0.1/stm32cubeide/plugins/com.st.stm32cube.ide.mcu.externaltools.gnu-tools-for-stm32.7-2018-q2-update.win32_1.0.0.201904181610/tools/bin/../lib/gcc/arm-none-eabi/7.3.1/thumb/v7e-m/fpv5/hard/crtend.o
 .bss           0x0000000000000000        0x0 c:/st/stm32cubeide_1.0.1/stm32cubeide/plugins/com.st.stm32cube.ide.mcu.externaltools.gnu-tools-for-stm32.7-2018-q2-update.win32_1.0.0.201904181610/tools/bin/../lib/gcc/arm-none-eabi/7.3.1/thumb/v7e-m/fpv5/hard/crtend.o
 .eh_frame      0x0000000000000000        0x4 c:/st/stm32cubeide_1.0.1/stm32cubeide/plugins/com.st.stm32cube.ide.mcu.externaltools.gnu-tools-for-stm32.7-2018-q2-update.win32_1.0.0.201904181610/tools/bin/../lib/gcc/arm-none-eabi/7.3.1/thumb/v7e-m/fpv5/hard/crtend.o
 .ARM.attributes
                0x0000000000000000       0x32 c:/st/stm32cubeide_1.0.1/stm32cubeide/plugins/com.st.stm32cube.ide.mcu.externaltools.gnu-tools-for-stm32.7-2018-q2-update.win32_1.0.0.201904181610/tools/bin/../lib/gcc/arm-none-eabi/7.3.1/thumb/v7e-m/fpv5/hard/crtend.o
 .text          0x0000000000000000        0x0 c:/st/stm32cubeide_1.0.1/stm32cubeide/plugins/com.st.stm32cube.ide.mcu.externaltools.gnu-tools-for-stm32.7-2018-q2-update.win32_1.0.0.201904181610/tools/bin/../lib/gcc/arm-none-eabi/7.3.1/thumb/v7e-m/fpv5/hard/crtn.o
 .data          0x0000000000000000        0x0 c:/st/stm32cubeide_1.0.1/stm32cubeide/plugins/com.st.stm32cube.ide.mcu.externaltools.gnu-tools-for-stm32.7-2018-q2-update.win32_1.0.0.201904181610/tools/bin/../lib/gcc/arm-none-eabi/7.3.1/thumb/v7e-m/fpv5/hard/crtn.o
 .bss           0x0000000000000000        0x0 c:/st/stm32cubeide_1.0.1/stm32cubeide/plugins/com.st.stm32cube.ide.mcu.externaltools.gnu-tools-for-stm32.7-2018-q2-update.win32_1.0.0.201904181610/tools/bin/../lib/gcc/arm-none-eabi/7.3.1/thumb/v7e-m/fpv5/hard/crtn.o

Memory Configuration

Name             Origin             Length             Attributes
ROM              0x0000000008000000 0x0000000000200000 xr
RAM              0x0000000020000000 0x0000000000080000 xrw
*default*        0x0000000000000000 0xffffffffffffffff

Linker script and memory map

LOAD c:/st/stm32cubeide_1.0.1/stm32cubeide/plugins/com.st.stm32cube.ide.mcu.externaltools.gnu-tools-for-stm32.7-2018-q2-update.win32_1.0.0.201904181610/tools/bin/../lib/gcc/arm-none-eabi/7.3.1/thumb/v7e-m/fpv5/hard/crti.o
LOAD c:/st/stm32cubeide_1.0.1/stm32cubeide/plugins/com.st.stm32cube.ide.mcu.externaltools.gnu-tools-for-stm32.7-2018-q2-update.win32_1.0.0.201904181610/tools/bin/../lib/gcc/arm-none-eabi/7.3.1/thumb/v7e-m/fpv5/hard/crtbegin.o
LOAD c:/st/stm32cubeide_1.0.1/stm32cubeide/plugins/com.st.stm32cube.ide.mcu.externaltools.gnu-tools-for-stm32.7-2018-q2-update.win32_1.0.0.201904181610/tools/bin/../lib/gcc/arm-none-eabi/7.3.1/../../../../arm-none-eabi/lib/thumb/v7e-m/fpv5/hard/crt0.o
LOAD Drivers/src/EXTI_driver.o
LOAD Drivers/src/GPIO_driver.o
LOAD Drivers/src/RCC_driver.o
LOAD Drivers/src/SPI_driver.o
LOAD Src/main.o
LOAD Src/syscalls.o
LOAD Src/sysmem.o
LOAD Startup/startup_stm32f767zitx.o
START GROUP
LOAD c:/st/stm32cubeide_1.0.1/stm32cubeide/plugins/com.st.stm32cube.ide.mcu.externaltools.gnu-tools-for-stm32.7-2018-q2-update.win32_1.0.0.201904181610/tools/bin/../lib/gcc/arm-none-eabi/7.3.1/../../../../arm-none-eabi/lib/thumb/v7e-m/fpv5/hard\libc_nano.a
LOAD c:/st/stm32cubeide_1.0.1/stm32cubeide/plugins/com.st.stm32cube.ide.mcu.externaltools.gnu-tools-for-stm32.7-2018-q2-update.win32_1.0.0.201904181610/tools/bin/../lib/gcc/arm-none-eabi/7.3.1/../../../../arm-none-eabi/lib/thumb/v7e-m/fpv5/hard\libm.a
END GROUP
START GROUP
LOAD c:/st/stm32cubeide_1.0.1/stm32cubeide/plugins/com.st.stm32cube.ide.mcu.externaltools.gnu-tools-for-stm32.7-2018-q2-update.win32_1.0.0.201904181610/tools/bin/../lib/gcc/arm-none-eabi/7.3.1/thumb/v7e-m/fpv5/hard\libgcc.a
LOAD c:/st/stm32cubeide_1.0.1/stm32cubeide/plugins/com.st.stm32cube.ide.mcu.externaltools.gnu-tools-for-stm32.7-2018-q2-update.win32_1.0.0.201904181610/tools/bin/../lib/gcc/arm-none-eabi/7.3.1/../../../../arm-none-eabi/lib/thumb/v7e-m/fpv5/hard\libc_nano.a
END GROUP
START GROUP
LOAD c:/st/stm32cubeide_1.0.1/stm32cubeide/plugins/com.st.stm32cube.ide.mcu.externaltools.gnu-tools-for-stm32.7-2018-q2-update.win32_1.0.0.201904181610/tools/bin/../lib/gcc/arm-none-eabi/7.3.1/thumb/v7e-m/fpv5/hard\libgcc.a
LOAD c:/st/stm32cubeide_1.0.1/stm32cubeide/plugins/com.st.stm32cube.ide.mcu.externaltools.gnu-tools-for-stm32.7-2018-q2-update.win32_1.0.0.201904181610/tools/bin/../lib/gcc/arm-none-eabi/7.3.1/../../../../arm-none-eabi/lib/thumb/v7e-m/fpv5/hard\libc_nano.a
LOAD c:/st/stm32cubeide_1.0.1/stm32cubeide/plugins/com.st.stm32cube.ide.mcu.externaltools.gnu-tools-for-stm32.7-2018-q2-update.win32_1.0.0.201904181610/tools/bin/../lib/gcc/arm-none-eabi/7.3.1/../../../../arm-none-eabi/lib/thumb/v7e-m/fpv5/hard\libnosys.a
END GROUP
START GROUP
LOAD c:/st/stm32cubeide_1.0.1/stm32cubeide/plugins/com.st.stm32cube.ide.mcu.externaltools.gnu-tools-for-stm32.7-2018-q2-update.win32_1.0.0.201904181610/tools/bin/../lib/gcc/arm-none-eabi/7.3.1/thumb/v7e-m/fpv5/hard\libgcc.a
LOAD c:/st/stm32cubeide_1.0.1/stm32cubeide/plugins/com.st.stm32cube.ide.mcu.externaltools.gnu-tools-for-stm32.7-2018-q2-update.win32_1.0.0.201904181610/tools/bin/../lib/gcc/arm-none-eabi/7.3.1/../../../../arm-none-eabi/lib/thumb/v7e-m/fpv5/hard\libc_nano.a
LOAD c:/st/stm32cubeide_1.0.1/stm32cubeide/plugins/com.st.stm32cube.ide.mcu.externaltools.gnu-tools-for-stm32.7-2018-q2-update.win32_1.0.0.201904181610/tools/bin/../lib/gcc/arm-none-eabi/7.3.1/../../../../arm-none-eabi/lib/thumb/v7e-m/fpv5/hard\libnosys.a
END GROUP
LOAD c:/st/stm32cubeide_1.0.1/stm32cubeide/plugins/com.st.stm32cube.ide.mcu.externaltools.gnu-tools-for-stm32.7-2018-q2-update.win32_1.0.0.201904181610/tools/bin/../lib/gcc/arm-none-eabi/7.3.1/thumb/v7e-m/fpv5/hard/crtend.o
LOAD c:/st/stm32cubeide_1.0.1/stm32cubeide/plugins/com.st.stm32cube.ide.mcu.externaltools.gnu-tools-for-stm32.7-2018-q2-update.win32_1.0.0.201904181610/tools/bin/../lib/gcc/arm-none-eabi/7.3.1/thumb/v7e-m/fpv5/hard/crtn.o
                0x000000002007ffff                _estack = 0x2007ffff
                0x0000000000000200                _Min_Heap_Size = 0x200
                0x0000000000000400                _Min_Stack_Size = 0x400

.isr_vector     0x0000000008000000      0x1f8
                0x0000000008000000                . = ALIGN (0x4)
 *(.isr_vector)
 .isr_vector    0x0000000008000000      0x1f8 Startup/startup_stm32f767zitx.o
                0x0000000008000000                g_pfnVectors
                0x00000000080001f8                . = ALIGN (0x4)

.text           0x00000000080001f8      0x830
                0x00000000080001f8                . = ALIGN (0x4)
 *(.text)
 .text          0x00000000080001f8       0x40 c:/st/stm32cubeide_1.0.1/stm32cubeide/plugins/com.st.stm32cube.ide.mcu.externaltools.gnu-tools-for-stm32.7-2018-q2-update.win32_1.0.0.201904181610/tools/bin/../lib/gcc/arm-none-eabi/7.3.1/thumb/v7e-m/fpv5/hard/crtbegin.o
 .text          0x0000000008000238       0x10 c:/st/stm32cubeide_1.0.1/stm32cubeide/plugins/com.st.stm32cube.ide.mcu.externaltools.gnu-tools-for-stm32.7-2018-q2-update.win32_1.0.0.201904181610/tools/bin/../lib/gcc/arm-none-eabi/7.3.1/../../../../arm-none-eabi/lib/thumb/v7e-m/fpv5/hard\libc_nano.a(lib_a-strlen.o)
                0x0000000008000238                strlen
 *(.text*)
 .text.EXTI_interruptHandler
                0x0000000008000248       0x40 Drivers/src/EXTI_driver.o
                0x0000000008000248                EXTI_interruptHandler
 .text.GPIO_clkCntrl
                0x0000000008000288      0x240 Drivers/src/GPIO_driver.o
                0x0000000008000288                GPIO_clkCntrl
 .text.GPIO_init
                0x00000000080004c8      0x196 Drivers/src/GPIO_driver.o
                0x00000000080004c8                GPIO_init
 .text.GPIO_togglePin
                0x000000000800065e       0x2a Drivers/src/GPIO_driver.o
                0x000000000800065e                GPIO_togglePin
 .text.SPI_clkCntrl
                0x0000000008000688       0xf0 Drivers/src/SPI_driver.o
                0x0000000008000688                SPI_clkCntrl
 .text.SPI_periphCntrl
                0x0000000008000778       0x4e Drivers/src/SPI_driver.o
                0x0000000008000778                SPI_periphCntrl
 .text.SPI_sendData
                0x00000000080007c6       0x9c Drivers/src/SPI_driver.o
                0x00000000080007c6                SPI_sendData
 .text.SPI_getFlagStatus
                0x0000000008000862       0x3c Drivers/src/SPI_driver.o
 *fill*         0x000000000800089e        0x2 
 .text.main     0x00000000080008a0       0xb8 Src/main.o
                0x00000000080008a0                main
 .text.EXTI0_IRQHandler
                0x0000000008000958       0x1c Src/main.o
                0x0000000008000958                EXTI0_IRQHandler
 .text.Reset_Handler
                0x0000000008000974       0x50 Startup/startup_stm32f767zitx.o
                0x0000000008000974                Reset_Handler
 .text.Default_Handler
                0x00000000080009c4        0x2 Startup/startup_stm32f767zitx.o
                0x00000000080009c4                HASH_RNG_IRQHandler
                0x00000000080009c4                EXTI2_IRQHandler
                0x00000000080009c4                TIM8_CC_IRQHandler
                0x00000000080009c4                DebugMon_Handler
                0x00000000080009c4                UART8_IRQHandler
                0x00000000080009c4                LP_Timer1_IRQHandler
                0x00000000080009c4                SPI4_IRQHandler
                0x00000000080009c4                TIM1_CC_IRQHandler
                0x00000000080009c4                QuadSPI_IRQHandler
                0x00000000080009c4                DMA2_Stream5_IRQHandler
                0x00000000080009c4                HardFault_Handler
                0x00000000080009c4                JPEG_IRQHandler
                0x00000000080009c4                DSIHOST_IRQHandler
                0x00000000080009c4                DMA1_Stream5_IRQHandler
                0x00000000080009c4                SysTick_Handler
                0x00000000080009c4                CAN3_RX1_IRQHandler
                0x00000000080009c4                PVD_IRQHandler
                0x00000000080009c4                TAMP_STAMP_IRQHandler
                0x00000000080009c4                PendSV_Handler
                0x00000000080009c4                NMI_Handler
                0x00000000080009c4                CAN2_RX1_IRQHandler
                0x00000000080009c4                EXTI3_IRQHandler
                0x00000000080009c4                TIM8_TRG_COM_TIM14_IRQHandler
                0x00000000080009c4                DFSDM1_FLT1_IRQHandler
                0x00000000080009c4                TIM1_UP_TIM10_IRQHandler
                0x00000000080009c4                TIM8_UP_TIM13_IRQHandler
                0x00000000080009c4                I2C3_ER_IRQHandler
                0x00000000080009c4                DFSDM1_FLT2_IRQHandler
                0x00000000080009c4                LCD_TFT_IRQHandler
                0x00000000080009c4                I2C2_EV_IRQHandler
                0x00000000080009c4                DMA1_Stream2_IRQHandler
                0x00000000080009c4                CAN1_RX0_IRQHandler
                0x00000000080009c4                FPU_IRQHandler
                0x00000000080009c4                OTG_HS_WKUP_IRQHandler
                0x00000000080009c4                CAN3_SCE_IRQHandler
                0x00000000080009c4                UsageFault_Handler
                0x00000000080009c4                CAN2_SCE_IRQHandler
                0x00000000080009c4                DMA2_Stream2_IRQHandler
                0x00000000080009c4                SPI1_IRQHandler
                0x00000000080009c4                TIM6_DAC_IRQHandler
                0x00000000080009c4                TIM1_BRK_TIM9_IRQHandler
                0x00000000080009c4                DCMI_IRQHandler
                0x00000000080009c4                CAN2_RX0_IRQHandler
                0x00000000080009c4                DMA2_Stream3_IRQHandler
                0x00000000080009c4                RTC_ALARM_IRQHandler
                0x00000000080009c4                SAI2_IRQHandler
                0x00000000080009c4                DFSDM1_FLT3_IRQHandler
                0x00000000080009c4                USART6_IRQHandler
                0x00000000080009c4                CAN3_RX0_IRQHandler
                0x00000000080009c4                USART3_IRQHandler
                0x00000000080009c4                CRYP_IRQHandler
                0x00000000080009c4                CAN1_RX1_IRQHandler
                0x00000000080009c4                UART5_IRQHandler
                0x00000000080009c4                DMA2_Stream0_IRQHandler
                0x00000000080009c4                TIM4_IRQHandler
                0x00000000080009c4                I2C1_EV_IRQHandler
                0x00000000080009c4                DMA1_Stream6_IRQHandler
                0x00000000080009c4                DMA1_Stream1_IRQHandler
                0x00000000080009c4                UART4_IRQHandler
                0x00000000080009c4                TIM3_IRQHandler
                0x00000000080009c4                RCC_IRQHandler
                0x00000000080009c4                TIM8_BRK_TIM12_IRQHandler
                0x00000000080009c4                Default_Handler
                0x00000000080009c4                EXTI15_10_IRQHandler
                0x00000000080009c4                ADC_IRQHandler
                0x00000000080009c4                DMA1_Stream7_IRQHandler
                0x00000000080009c4                SPI5_IRQHandler
                0x00000000080009c4                TIM7_IRQHandler
                0x00000000080009c4                SDMMC1_IRQHandler
                0x00000000080009c4                CAN2_TX_IRQHandler
                0x00000000080009c4                TIM5_IRQHandler
                0x00000000080009c4                DMA2_Stream7_IRQHandler
                0x00000000080009c4                I2C3_EV_IRQHandler
                0x00000000080009c4                EXTI9_5_IRQHandler
                0x00000000080009c4                RTC_WKUP_IRQHandler
                0x00000000080009c4                ETH_WKUP_IRQHandler
                0x00000000080009c4                SPI2_IRQHandler
                0x00000000080009c4                OTG_HS_EP1_IN_IRQHandler
                0x00000000080009c4                MemManage_Handler
                0x00000000080009c4                DMA1_Stream0_IRQHandler
                0x00000000080009c4                CAN1_TX_IRQHandler
                0x00000000080009c4                SVC_Handler
                0x00000000080009c4                EXTI4_IRQHandler
                0x00000000080009c4                ETH_IRQHandler
                0x00000000080009c4                OTG_HS_EP1_OUT_IRQHandler
                0x00000000080009c4                WWDG_IRQHandler
                0x00000000080009c4                SPI6_IRQHandler
                0x00000000080009c4                MDIOS_IRQHandler
                0x00000000080009c4                I2C4_EV_IRQHandler
                0x00000000080009c4                CAN3_TX_IRQHandler
                0x00000000080009c4                TIM2_IRQHandler
                0x00000000080009c4                OTG_FS_WKUP_IRQHandler
                0x00000000080009c4                TIM1_TRG_COM_TIM11_IRQHandler
                0x00000000080009c4                OTG_HS_IRQHandler
                0x00000000080009c4                DMA2D_IRQHandler
                0x00000000080009c4                EXTI1_IRQHandler
                0x00000000080009c4                SDMMC2_IRQHandler
                0x00000000080009c4                UART7_IRQHandler
                0x00000000080009c4                USART2_IRQHandler
                0x00000000080009c4                DFSDM1_FLT0_IRQHandler
                0x00000000080009c4                I2C2_ER_IRQHandler
                0x00000000080009c4                SPDIFRX_IRQHandler
                0x00000000080009c4                DMA2_Stream1_IRQHandler
                0x00000000080009c4                CAN1_SCE_IRQHandler
                0x00000000080009c4                FLASH_IRQHandler
                0x00000000080009c4                DMA2_Stream4_IRQHandler
                0x00000000080009c4                BusFault_Handler
                0x00000000080009c4                USART1_IRQHandler
                0x00000000080009c4                OTG_FS_IRQHandler
                0x00000000080009c4                SPI3_IRQHandler
                0x00000000080009c4                DMA1_Stream4_IRQHandler
                0x00000000080009c4                I2C1_ER_IRQHandler
                0x00000000080009c4                FMC_IRQHandler
                0x00000000080009c4                I2C4_ER_IRQHandler
                0x00000000080009c4                DMA2_Stream6_IRQHandler
                0x00000000080009c4                SAI1_IRQHandler
                0x00000000080009c4                DMA1_Stream3_IRQHandler
 *fill*         0x00000000080009c6        0x2 
 .text.__libc_init_array
                0x00000000080009c8       0x48 c:/st/stm32cubeide_1.0.1/stm32cubeide/plugins/com.st.stm32cube.ide.mcu.externaltools.gnu-tools-for-stm32.7-2018-q2-update.win32_1.0.0.201904181610/tools/bin/../lib/gcc/arm-none-eabi/7.3.1/../../../../arm-none-eabi/lib/thumb/v7e-m/fpv5/hard\libc_nano.a(lib_a-init.o)
                0x00000000080009c8                __libc_init_array
 *(.glue_7)
 .glue_7        0x0000000008000a10        0x0 linker stubs
 *(.glue_7t)
 .glue_7t       0x0000000008000a10        0x0 linker stubs
 *(.eh_frame)
 .eh_frame      0x0000000008000a10        0x0 c:/st/stm32cubeide_1.0.1/stm32cubeide/plugins/com.st.stm32cube.ide.mcu.externaltools.gnu-tools-for-stm32.7-2018-q2-update.win32_1.0.0.201904181610/tools/bin/../lib/gcc/arm-none-eabi/7.3.1/thumb/v7e-m/fpv5/hard/crtbegin.o
 *(.init)
 .init          0x0000000008000a10        0x4 c:/st/stm32cubeide_1.0.1/stm32cubeide/plugins/com.st.stm32cube.ide.mcu.externaltools.gnu-tools-for-stm32.7-2018-q2-update.win32_1.0.0.201904181610/tools/bin/../lib/gcc/arm-none-eabi/7.3.1/thumb/v7e-m/fpv5/hard/crti.o
                0x0000000008000a10                _init
 .init          0x0000000008000a14        0x8 c:/st/stm32cubeide_1.0.1/stm32cubeide/plugins/com.st.stm32cube.ide.mcu.externaltools.gnu-tools-for-stm32.7-2018-q2-update.win32_1.0.0.201904181610/tools/bin/../lib/gcc/arm-none-eabi/7.3.1/thumb/v7e-m/fpv5/hard/crtn.o
 *(.fini)
 .fini          0x0000000008000a1c        0x4 c:/st/stm32cubeide_1.0.1/stm32cubeide/plugins/com.st.stm32cube.ide.mcu.externaltools.gnu-tools-for-stm32.7-2018-q2-update.win32_1.0.0.201904181610/tools/bin/../lib/gcc/arm-none-eabi/7.3.1/thumb/v7e-m/fpv5/hard/crti.o
                0x0000000008000a1c                _fini
 .fini          0x0000000008000a20        0x8 c:/st/stm32cubeide_1.0.1/stm32cubeide/plugins/com.st.stm32cube.ide.mcu.externaltools.gnu-tools-for-stm32.7-2018-q2-update.win32_1.0.0.201904181610/tools/bin/../lib/gcc/arm-none-eabi/7.3.1/thumb/v7e-m/fpv5/hard/crtn.o
                0x0000000008000a28                . = ALIGN (0x4)
                0x0000000008000a28                _etext = .

.vfp11_veneer   0x0000000008000a28        0x0
 .vfp11_veneer  0x0000000008000a28        0x0 linker stubs

.v4_bx          0x0000000008000a28        0x0
 .v4_bx         0x0000000008000a28        0x0 linker stubs

.iplt           0x0000000008000a28        0x0
 .iplt          0x0000000008000a28        0x0 c:/st/stm32cubeide_1.0.1/stm32cubeide/plugins/com.st.stm32cube.ide.mcu.externaltools.gnu-tools-for-stm32.7-2018-q2-update.win32_1.0.0.201904181610/tools/bin/../lib/gcc/arm-none-eabi/7.3.1/thumb/v7e-m/fpv5/hard/crtbegin.o

.rodata         0x0000000008000a28        0xc
                0x0000000008000a28                . = ALIGN (0x4)
 *(.rodata)
 .rodata        0x0000000008000a28        0xc Src/main.o
 *(.rodata*)
                0x0000000008000a34                . = ALIGN (0x4)

.rel.dyn        0x0000000008000a34        0x0
 .rel.iplt      0x0000000008000a34        0x0 c:/st/stm32cubeide_1.0.1/stm32cubeide/plugins/com.st.stm32cube.ide.mcu.externaltools.gnu-tools-for-stm32.7-2018-q2-update.win32_1.0.0.201904181610/tools/bin/../lib/gcc/arm-none-eabi/7.3.1/thumb/v7e-m/fpv5/hard/crtbegin.o

.ARM.extab      0x0000000008000a34        0x0
                0x0000000008000a34                . = ALIGN (0x4)
 *(.ARM.extab* .gnu.linkonce.armextab.*)
                0x0000000008000a34                . = ALIGN (0x4)

.ARM            0x0000000008000a34        0x0
                0x0000000008000a34                . = ALIGN (0x4)
                0x0000000008000a34                __exidx_start = .
 *(.ARM.exidx*)
                0x0000000008000a34                __exidx_end = .
                0x0000000008000a34                . = ALIGN (0x4)

.preinit_array  0x0000000008000a34        0x0
                0x0000000008000a34                . = ALIGN (0x4)
                0x0000000008000a34                PROVIDE (__preinit_array_start = .)
 *(.preinit_array*)
                0x0000000008000a34                PROVIDE (__preinit_array_end = .)
                0x0000000008000a34                . = ALIGN (0x4)

.init_array     0x0000000008000a34        0x4
                0x0000000008000a34                . = ALIGN (0x4)
                0x0000000008000a34                PROVIDE (__init_array_start = .)
 *(SORT_BY_NAME(.init_array.*))
 *(.init_array*)
 .init_array    0x0000000008000a34        0x4 c:/st/stm32cubeide_1.0.1/stm32cubeide/plugins/com.st.stm32cube.ide.mcu.externaltools.gnu-tools-for-stm32.7-2018-q2-update.win32_1.0.0.201904181610/tools/bin/../lib/gcc/arm-none-eabi/7.3.1/thumb/v7e-m/fpv5/hard/crtbegin.o
                0x0000000008000a38                PROVIDE (__init_array_end = .)
                0x0000000008000a38                . = ALIGN (0x4)

.fini_array     0x0000000008000a38        0x4
                0x0000000008000a38                . = ALIGN (0x4)
                [!provide]                        PROVIDE (__fini_array_start = .)
 *(SORT_BY_NAME(.fini_array.*))
 *(.fini_array*)
 .fini_array    0x0000000008000a38        0x4 c:/st/stm32cubeide_1.0.1/stm32cubeide/plugins/com.st.stm32cube.ide.mcu.externaltools.gnu-tools-for-stm32.7-2018-q2-update.win32_1.0.0.201904181610/tools/bin/../lib/gcc/arm-none-eabi/7.3.1/thumb/v7e-m/fpv5/hard/crtbegin.o
                [!provide]                        PROVIDE (__fini_array_end = .)
                0x0000000008000a3c                . = ALIGN (0x4)
                0x0000000008000a3c                _sidata = LOADADDR (.data)

.data           0x0000000020000000        0x0 load address 0x0000000008000a3c
                0x0000000020000000                . = ALIGN (0x4)
                0x0000000020000000                _sdata = .
 *(.data)
 *(.data*)
                0x0000000020000000                . = ALIGN (0x4)
                0x0000000020000000                _edata = .

.igot.plt       0x0000000020000000        0x0 load address 0x0000000008000a3c
 .igot.plt      0x0000000020000000        0x0 c:/st/stm32cubeide_1.0.1/stm32cubeide/plugins/com.st.stm32cube.ide.mcu.externaltools.gnu-tools-for-stm32.7-2018-q2-update.win32_1.0.0.201904181610/tools/bin/../lib/gcc/arm-none-eabi/7.3.1/thumb/v7e-m/fpv5/hard/crtbegin.o
                0x0000000020000000                . = ALIGN (0x4)

.bss            0x0000000020000000       0x1c load address 0x0000000008000a3c
                0x0000000020000000                _sbss = .
                0x0000000020000000                __bss_start__ = _sbss
 *(.bss)
 .bss           0x0000000020000000       0x1c c:/st/stm32cubeide_1.0.1/stm32cubeide/plugins/com.st.stm32cube.ide.mcu.externaltools.gnu-tools-for-stm32.7-2018-q2-update.win32_1.0.0.201904181610/tools/bin/../lib/gcc/arm-none-eabi/7.3.1/thumb/v7e-m/fpv5/hard/crtbegin.o
 *(.bss*)
 *(COMMON)
                0x000000002000001c                . = ALIGN (0x4)
                0x000000002000001c                _ebss = .
                0x000000002000001c                __bss_end__ = _ebss

._user_heap_stack
                0x000000002000001c      0x604 load address 0x0000000008000a3c
                0x0000000020000020                . = ALIGN (0x8)
 *fill*         0x000000002000001c        0x4 
                0x0000000020000020                PROVIDE (end = .)
                [!provide]                        PROVIDE (_end = .)
                0x0000000020000220                . = (. + _Min_Heap_Size)
 *fill*         0x0000000020000020      0x200 
                0x0000000020000620                . = (. + _Min_Stack_Size)
 *fill*         0x0000000020000220      0x400 
                0x0000000020000620                . = ALIGN (0x8)

/DISCARD/
 libc.a(*)
 libm.a(*)
 libgcc.a(*)

.ARM.attributes
                0x0000000000000000       0x2e
 *(.ARM.attributes)
 .ARM.attributes
                0x0000000000000000       0x20 c:/st/stm32cubeide_1.0.1/stm32cubeide/plugins/com.st.stm32cube.ide.mcu.externaltools.gnu-tools-for-stm32.7-2018-q2-update.win32_1.0.0.201904181610/tools/bin/../lib/gcc/arm-none-eabi/7.3.1/thumb/v7e-m/fpv5/hard/crti.o
 .ARM.attributes
                0x0000000000000020       0x32 c:/st/stm32cubeide_1.0.1/stm32cubeide/plugins/com.st.stm32cube.ide.mcu.externaltools.gnu-tools-for-stm32.7-2018-q2-update.win32_1.0.0.201904181610/tools/bin/../lib/gcc/arm-none-eabi/7.3.1/thumb/v7e-m/fpv5/hard/crtbegin.o
 .ARM.attributes
                0x0000000000000052       0x37 Drivers/src/EXTI_driver.o
 .ARM.attributes
                0x0000000000000089       0x37 Drivers/src/GPIO_driver.o
 .ARM.attributes
                0x00000000000000c0       0x37 Drivers/src/SPI_driver.o
 .ARM.attributes
                0x00000000000000f7       0x37 Src/main.o
 .ARM.attributes
                0x000000000000012e       0x21 Startup/startup_stm32f767zitx.o
 .ARM.attributes
                0x000000000000014f       0x32 c:/st/stm32cubeide_1.0.1/stm32cubeide/plugins/com.st.stm32cube.ide.mcu.externaltools.gnu-tools-for-stm32.7-2018-q2-update.win32_1.0.0.201904181610/tools/bin/../lib/gcc/arm-none-eabi/7.3.1/../../../../arm-none-eabi/lib/thumb/v7e-m/fpv5/hard\libc_nano.a(lib_a-init.o)
 .ARM.attributes
                0x0000000000000181       0x19 c:/st/stm32cubeide_1.0.1/stm32cubeide/plugins/com.st.stm32cube.ide.mcu.externaltools.gnu-tools-for-stm32.7-2018-q2-update.win32_1.0.0.201904181610/tools/bin/../lib/gcc/arm-none-eabi/7.3.1/../../../../arm-none-eabi/lib/thumb/v7e-m/fpv5/hard\libc_nano.a(lib_a-strlen.o)
 .ARM.attributes
                0x000000000000019a       0x20 c:/st/stm32cubeide_1.0.1/stm32cubeide/plugins/com.st.stm32cube.ide.mcu.externaltools.gnu-tools-for-stm32.7-2018-q2-update.win32_1.0.0.201904181610/tools/bin/../lib/gcc/arm-none-eabi/7.3.1/thumb/v7e-m/fpv5/hard/crtn.o
OUTPUT(SPI_driver.elf elf32-littlearm)

.debug_info     0x0000000000000000     0x3064
 .debug_info    0x0000000000000000      0xfff Drivers/src/EXTI_driver.o
 .debug_info    0x0000000000000fff      0x7a4 Drivers/src/GPIO_driver.o
 .debug_info    0x00000000000017a3      0x767 Drivers/src/SPI_driver.o
 .debug_info    0x0000000000001f0a     0x1138 Src/main.o
 .debug_info    0x0000000000003042       0x22 Startup/startup_stm32f767zitx.o

.debug_abbrev   0x0000000000000000      0x734
 .debug_abbrev  0x0000000000000000      0x1c7 Drivers/src/EXTI_driver.o
 .debug_abbrev  0x00000000000001c7      0x168 Drivers/src/GPIO_driver.o
 .debug_abbrev  0x000000000000032f      0x198 Drivers/src/SPI_driver.o
 .debug_abbrev  0x00000000000004c7      0x25b Src/main.o
 .debug_abbrev  0x0000000000000722       0x12 Startup/startup_stm32f767zitx.o

.debug_aranges  0x0000000000000000      0x180
 .debug_aranges
                0x0000000000000000       0x50 Drivers/src/EXTI_driver.o
 .debug_aranges
                0x0000000000000050       0x60 Drivers/src/GPIO_driver.o
 .debug_aranges
                0x00000000000000b0       0x48 Drivers/src/SPI_driver.o
 .debug_aranges
                0x00000000000000f8       0x60 Src/main.o
 .debug_aranges
                0x0000000000000158       0x28 Startup/startup_stm32f767zitx.o

.debug_ranges   0x0000000000000000      0x138
 .debug_ranges  0x0000000000000000       0x40 Drivers/src/EXTI_driver.o
 .debug_ranges  0x0000000000000040       0x50 Drivers/src/GPIO_driver.o
 .debug_ranges  0x0000000000000090       0x38 Drivers/src/SPI_driver.o
 .debug_ranges  0x00000000000000c8       0x50 Src/main.o
 .debug_ranges  0x0000000000000118       0x20 Startup/startup_stm32f767zitx.o

.debug_macro    0x0000000000000000    0x1d413
 .debug_macro   0x0000000000000000       0xe4 Drivers/src/EXTI_driver.o
 .debug_macro   0x00000000000000e4      0xa72 Drivers/src/EXTI_driver.o
 .debug_macro   0x0000000000000b56       0x3b Drivers/src/EXTI_driver.o
 .debug_macro   0x0000000000000b91       0x22 Drivers/src/EXTI_driver.o
 .debug_macro   0x0000000000000bb3       0x8e Drivers/src/EXTI_driver.o
 .debug_macro   0x0000000000000c41       0x51 Drivers/src/EXTI_driver.o
 .debug_macro   0x0000000000000c92       0xef Drivers/src/EXTI_driver.o
 .debug_macro   0x0000000000000d81       0x6a Drivers/src/EXTI_driver.o
 .debug_macro   0x0000000000000deb      0x1df Drivers/src/EXTI_driver.o
 .debug_macro   0x0000000000000fca       0x1c Drivers/src/EXTI_driver.o
 .debug_macro   0x0000000000000fe6       0x22 Drivers/src/EXTI_driver.o
 .debug_macro   0x0000000000001008       0xdf Drivers/src/EXTI_driver.o
 .debug_macro   0x00000000000010e7     0x12cd Drivers/src/EXTI_driver.o
 .debug_macro   0x00000000000023b4      0x11f Drivers/src/EXTI_driver.o
 .debug_macro   0x00000000000024d3       0x19 Drivers/src/EXTI_driver.o
 .debug_macro   0x00000000000024ec    0x1a029 Drivers/src/EXTI_driver.o
 .debug_macro   0x000000000001c515       0x22 Drivers/src/EXTI_driver.o
 .debug_macro   0x000000000001c537       0xed Drivers/src/GPIO_driver.o
 .debug_macro   0x000000000001c624      0x118 Drivers/src/GPIO_driver.o
 .debug_macro   0x000000000001c73c      0x100 Drivers/src/SPI_driver.o
 .debug_macro   0x000000000001c83c      0x174 Drivers/src/SPI_driver.o
 .debug_macro   0x000000000001c9b0      0x1cc Src/main.o
 .debug_macro   0x000000000001cb7c       0x40 Src/main.o
 .debug_macro   0x000000000001cbbc       0x17 Src/main.o
 .debug_macro   0x000000000001cbd3       0x94 Src/main.o
 .debug_macro   0x000000000001cc67       0x3c Src/main.o
 .debug_macro   0x000000000001cca3       0x34 Src/main.o
 .debug_macro   0x000000000001ccd7       0x57 Src/main.o
 .debug_macro   0x000000000001cd2e       0x52 Src/main.o
 .debug_macro   0x000000000001cd80       0x1f Src/main.o
 .debug_macro   0x000000000001cd9f       0x43 Src/main.o
 .debug_macro   0x000000000001cde2       0x20 Src/main.o
 .debug_macro   0x000000000001ce02      0x1a3 Src/main.o
 .debug_macro   0x000000000001cfa5      0x330 Src/main.o
 .debug_macro   0x000000000001d2d5       0x10 Src/main.o
 .debug_macro   0x000000000001d2e5       0x35 Src/main.o
 .debug_macro   0x000000000001d31a       0x20 Src/main.o
 .debug_macro   0x000000000001d33a       0xd9 Src/main.o

.debug_line     0x0000000000000000     0x1bb5
 .debug_line    0x0000000000000000      0x5a8 Drivers/src/EXTI_driver.o
 .debug_line    0x00000000000005a8      0x7bf Drivers/src/GPIO_driver.o
 .debug_line    0x0000000000000d67      0x688 Drivers/src/SPI_driver.o
 .debug_line    0x00000000000013ef      0x742 Src/main.o
 .debug_line    0x0000000000001b31       0x84 Startup/startup_stm32f767zitx.o

.debug_str      0x0000000000000000    0xa44ef
 .debug_str     0x0000000000000000    0xa00a4 Drivers/src/EXTI_driver.o
                                      0xa02fe (size before relaxing)
 .debug_str     0x00000000000a00a4      0xc81 Drivers/src/GPIO_driver.o
                                      0xa060b (size before relaxing)
 .debug_str     0x00000000000a0d25      0x6f4 Drivers/src/SPI_driver.o
                                      0xa0a5e (size before relaxing)
 .debug_str     0x00000000000a1419     0x306c Src/main.o
                                      0xa30d5 (size before relaxing)
 .debug_str     0x00000000000a4485       0x6a Startup/startup_stm32f767zitx.o

.comment        0x0000000000000000       0x7b
 .comment       0x0000000000000000       0x7b Drivers/src/EXTI_driver.o
                                         0x7c (size before relaxing)
 .comment       0x000000000000007b       0x7c Drivers/src/GPIO_driver.o
 .comment       0x000000000000007b       0x7c Drivers/src/SPI_driver.o
 .comment       0x000000000000007b       0x7c Src/main.o

.debug_frame    0x0000000000000000      0x4f8
 .debug_frame   0x0000000000000000      0x120 Drivers/src/EXTI_driver.o
 .debug_frame   0x0000000000000120      0x178 Drivers/src/GPIO_driver.o
 .debug_frame   0x0000000000000298       0xfc Drivers/src/SPI_driver.o
 .debug_frame   0x0000000000000394      0x138 Src/main.o
 .debug_frame   0x00000000000004cc       0x2c c:/st/stm32cubeide_1.0.1/stm32cubeide/plugins/com.st.stm32cube.ide.mcu.externaltools.gnu-tools-for-stm32.7-2018-q2-update.win32_1.0.0.201904181610/tools/bin/../lib/gcc/arm-none-eabi/7.3.1/../../../../arm-none-eabi/lib/thumb/v7e-m/fpv5/hard\libc_nano.a(lib_a-init.o)
