


ARM Macro Assembler    Page 1 


    1 00000000                 AREA             swap, CODE, READONLY
    2 00000000                 ENTRY
    3 00000000                 EXPORT           __main
    4 00000000         
    5 00000000         __main
    6 00000000 4804            LDR              R0,=0xAABBCCDD
    7 00000002 4905            LDR              R1,=0x00112233
    8 00000004 EA80 0001       EOR              R0,R0,R1
    9 00000008 EA80 0101       EOR              R1,R0,R1
   10 0000000C EA80 0001       EOR              R0,R0,R1
   11 00000010 E7FE    Stop    B                Stop
   12 00000012 00 00           ALIGN
   13 00000014                 END
              AABBCCDD 
              00112233 
Command Line: --debug --xref --diag_suppress=9931 --cpu=Cortex-M3 --apcs=interw
ork --depend=.\objects\main.d -o.\objects\main.o -I.\RTE\Device\STM32F103RB -I.
\RTE\_Target_1 -IC:\Keil_v5\ARM\PACK\ARM\CMSIS\5.4.0\CMSIS\Core\Include -IC:\Ke
il_v5\ARM\PACK\Keil\STM32F1xx_DFP\2.2.0\Device\Include --predefine="__EVAL SETA
 1" --predefine="__MICROLIB SETA 1" --predefine="__UVISION_VERSION SETA 526" --
predefine="_RTE_ SETA 1" --predefine="STM32F10X_MD SETA 1" --list=.\listings\ma
in.lst main.s



ARM Macro Assembler    Page 1 Alphabetic symbol ordering
Relocatable symbols

Stop 00000010

Symbol: Stop
   Definitions
      At line 11 in file main.s
   Uses
      At line 11 in file main.s
Comment: Stop used once
__main 00000000

Symbol: __main
   Definitions
      At line 5 in file main.s
   Uses
      At line 3 in file main.s
Comment: __main used once
swap 00000000

Symbol: swap
   Definitions
      At line 1 in file main.s
   Uses
      None
Comment: swap unused
3 symbols
340 symbols in table
