###############################################################################
#
# IAR ELF Linker V8.20.1.14183/W32 for ARM                19/Oct/2018  19:13:15
# Copyright 2007-2017 IAR Systems AB.
#
#    Output file  =  
#        C:\Users\erhan\github\mcu\cc3200_c_sdk\GPIO\Debug\Exe\GPIO.out
#    Map file     =  
#        C:\Users\erhan\github\mcu\cc3200_c_sdk\GPIO\Debug\List\GPIO.map
#    Command line =  
#        -f C:\Users\erhan\AppData\Local\Temp\EW6465.tmp
#        (C:\Users\erhan\github\mcu\cc3200_c_sdk\GPIO\Debug\Obj\button_if.o
#        C:\Users\erhan\github\mcu\cc3200_c_sdk\GPIO\Debug\Obj\cpu.o
#        C:\Users\erhan\github\mcu\cc3200_c_sdk\GPIO\Debug\Obj\des.o
#        C:\Users\erhan\github\mcu\cc3200_c_sdk\GPIO\Debug\Obj\flash.o
#        C:\Users\erhan\github\mcu\cc3200_c_sdk\GPIO\Debug\Obj\gpio.o
#        C:\Users\erhan\github\mcu\cc3200_c_sdk\GPIO\Debug\Obj\gpio_if.o
#        C:\Users\erhan\github\mcu\cc3200_c_sdk\GPIO\Debug\Obj\hwspinlock.o
#        C:\Users\erhan\github\mcu\cc3200_c_sdk\GPIO\Debug\Obj\i2c_if.o
#        C:\Users\erhan\github\mcu\cc3200_c_sdk\GPIO\Debug\Obj\i2s_if.o
#        C:\Users\erhan\github\mcu\cc3200_c_sdk\GPIO\Debug\Obj\interrupt.o
#        C:\Users\erhan\github\mcu\cc3200_c_sdk\GPIO\Debug\Obj\main.o
#        C:\Users\erhan\github\mcu\cc3200_c_sdk\GPIO\Debug\Obj\pin.o
#        C:\Users\erhan\github\mcu\cc3200_c_sdk\GPIO\Debug\Obj\pinmux.o
#        C:\Users\erhan\github\mcu\cc3200_c_sdk\GPIO\Debug\Obj\prcm.o
#        C:\Users\erhan\github\mcu\cc3200_c_sdk\GPIO\Debug\Obj\startup_ewarm.o
#        C:\Users\erhan\github\mcu\cc3200_c_sdk\GPIO\Debug\Obj\systick.o
#        C:\Users\erhan\github\mcu\cc3200_c_sdk\GPIO\Debug\Obj\timer_if.o
#        C:\Users\erhan\github\mcu\cc3200_c_sdk\GPIO\Debug\Obj\uart_if.o
#        C:\Users\erhan\github\mcu\cc3200_c_sdk\GPIO\Debug\Obj\udma_if.o
#        C:\Users\erhan\github\mcu\cc3200_c_sdk\GPIO\Debug\Obj\utils.o
#        C:\Users\erhan\github\mcu\cc3200_c_sdk\GPIO\Debug\Obj\utils_if.o
#        C:\Users\erhan\github\mcu\cc3200_c_sdk\GPIO\Debug\Obj\wdt_if.o -o
#        C:\Users\erhan\github\mcu\cc3200_c_sdk\GPIO\Debug\Exe\GPIO.out
#        --config_def CC3200_ES_1_2_1=0 --map
#        C:\Users\erhan\github\mcu\cc3200_c_sdk\GPIO\Debug\List\GPIO.map
#        --config "C:\Program Files (x86)\IAR Systems\Embedded Workbench
#        8.0\arm\config\linker\TexasInstruments\cc3200.icf"
#        C:\Users\erhan\github\mcu\cc3200_c_sdk\GPIO\0-sdkLayer\0.1-cc3200Sdk\driverlib\ewarm\Release\Exe\driverlib.a
#        --entry __iar_program_start --vfe --text_out locale)
#
###############################################################################

*******************************************************************************
*** MESSAGES
***

Warning[Lt009]: Inconsistent wchar_t size
            i2c.o(driverlib.a) and 6 other objects have wchar_t size 16 bits
            button_if.o and 40 other objects, some of them in dl7M_tln.a and 10
                      other libraries have wchar_t size 32 bits


*******************************************************************************
*** RUNTIME MODEL ATTRIBUTES
***

CppFlavor       = *
__Heap_Handler  = DLMalloc
__SystemLibrary = DLib
__dlib_version  = 6


*******************************************************************************
*** HEAP SELECTION
***

The advanced heap was selected because the application calls memory
allocation functions outside of system library functions, and there
are calls to deallocation functions in the application.


*******************************************************************************
*** PLACEMENT SUMMARY
***

"A1":  place at start of [from 0x20004000 to 0x2003c000] { ro section .intvec };
"P1":  place in [from 0x20004000 to 0x2003c000] { ro };
"P2":  place in [from 0x20004000 to 0x2003c000] { section VTABLE };
define block CmdTbl { section .cmdtbl };
"P3":  place in [from 0x20004000 to 0x2003c000] { block CmdTbl };
define block HEAP with size = 32K, alignment = 8 { };
"P4":  place in [from 0x20004000 to 0x2003c000] { rw, block HEAP };
do not initialize { section .noinit };

No sections matched the following patterns:

  section .cmdtbl  in block CmdTbl
  section .stack   in block CSTACK
  section VTABLE   in "P1-P4"


  Section          Kind        Address    Size  Object
  -------          ----        -------    ----  ------
"A1":                                    0x400
  .intvec          const    0x20004000   0x400  startup_ewarm.o [1]
                          - 0x20004400   0x400

"P1-P4", part 1 of 3:                    0x87c
  .text            ro code  0x20004400   0x298  prcm.o [1]
  .text            ro code  0x20004698     0x6  utils.o [1]
  .rodata          const    0x200046a0   0x100  pin.o [1]
  .text            ro code  0x200047a0    0xd6  gpio_if.o [1]
  .text            ro code  0x20004878    0x3a  gpio.o [1]
  .text            ro code  0x200048b4    0xb4  pin.o [1]
  .text            ro code  0x20004968    0xb0  interrupt.o [1]
  .text            ro code  0x20004a18    0x10  cpu.o [1]
  .rodata          const    0x20004a28    0xa8  prcm.o [1]
  .text            ro code  0x20004ad0    0x60  pinmux.o [1]
  .text            ro code  0x20004b30    0x5e  main.o [1]
  .text            ro code  0x20004b8e    0x40  zero_init3.o [6]
  .text            ro code  0x20004bd0    0x28  data_init.o [6]
  .iar.init_table  const    0x20004bf8    0x10  - Linker created -
  .text            ro code  0x20004c08    0x1e  cmain.o [6]
  .text            ro code  0x20004c26     0x4  low_level_init.o [3]
  .text            ro code  0x20004c2a     0x4  exit.o [3]
  .text            ro code  0x20004c30     0xa  cexit.o [6]
  .text            ro code  0x20004c3c     0xc  XXexit.o [6]
  .rodata          const    0x20004c48    0x18  interrupt.o [1]
  .text            ro code  0x20004c60    0x10  startup_ewarm.o [1]
  .text            ro code  0x20004c70     0xc  cstartup_M.o [6]
  .rodata          const    0x20004c7c     0x0  zero_init3.o [6]
                          - 0x20004c7c   0x87c

"P1-P4", part 2 of 3:                     0x10
  .bss             zero     0x20004c7c     0x4  gpio_if.o [1]
  .bss             zero     0x20004c80     0x4  gpio_if.o [1]
  .bss             zero     0x20004c84     0x4  gpio_if.o [1]
  .bss             zero     0x20004c88     0x1  gpio_if.o [1]
  .bss             zero     0x20004c89     0x1  gpio_if.o [1]
  .bss             zero     0x20004c8a     0x1  gpio_if.o [1]
                          - 0x20004c8b     0xf

"P1-P4", part 3 of 3:                   0x1000
  .noinit          uninit   0x20004c8c  0x1000  startup_ewarm.o [1]
                          - 0x20005c8c  0x1000


*******************************************************************************
*** INIT TABLE
***

          Address     Size
          -------     ----
Zero (__iar_zero_init3)
    1 destination range, total size 0xf:
          0x20004c7c   0xf



*******************************************************************************
*** MODULE SUMMARY
***

    Module            ro code  ro data  rw data
    ------            -------  -------  -------
C:\Users\erhan\github\mcu\cc3200_c_sdk\GPIO\Debug\Obj: [1]
    cpu.o                  16
    gpio.o                 58
    gpio_if.o             214                15
    interrupt.o           176       24
    main.o                 94
    pin.o                 180      256
    pinmux.o               96
    prcm.o                664      168
    startup_ewarm.o        16    1 024    4 096
    utils.o                 6
    -------------------------------------------
    Total:              1 520    1 472    4 111

command line: [2]
    -------------------------------------------
    Total:

dl7M_tln.a: [3]
    exit.o                  4
    low_level_init.o        4
    -------------------------------------------
    Total:                  8

driverlib.a: [4]
    -------------------------------------------
    Total:

m7M_tl.a: [5]
    -------------------------------------------
    Total:

rt7M_tl.a: [6]
    XXexit.o               12
    cexit.o                10
    cmain.o                30
    cstartup_M.o           12
    data_init.o            40
    zero_init3.o           64
    -------------------------------------------
    Total:                168

    Gaps                   10        2
    Linker created                  16
-----------------------------------------------
    Grand Total:        1 706    1 490    4 111


*******************************************************************************
*** ENTRY LIST
***

Entry                      Address    Size  Type      Object
-----                      -------    ----  ----      ------
.iar.init_table$$Base   0x20004bf8           --   Gb  - Linker created -
.iar.init_table$$Limit  0x20004c08           --   Gb  - Linker created -
?main                   0x20004c09          Code  Gb  cmain.o [6]
BoardInit               0x20004b5d    0x18  Code  Lc  main.o [1]
BusFaultHandler         0x20004c6d     0x2  Code  Lc  startup_ewarm.o [1]
CPUcpsie                0x20004a19    0x10  Code  Gb  cpu.o [1]
FaultISR                0x20004c6b     0x2  Code  Lc  startup_ewarm.o [1]
GPIODirModeSet          0x20004879    0x24  Code  Gb  gpio.o [1]
GPIOPinRead             0x2000489d     0xa  Code  Gb  gpio.o [1]
GPIOPinWrite            0x200048a7     0xc  Code  Gb  gpio.o [1]
GPIO_IF_LedOff          0x200047a1    0x98  Code  Gb  gpio_if.o [1]
GPIO_IF_Set             0x20004851    0x26  Code  Gb  gpio_if.o [1]
IntDefaultHandler       0x20004c6f     0x2  Code  Lc  startup_ewarm.o [1]
IntEnable               0x20004979    0x8e  Code  Gb  interrupt.o [1]
IntMasterEnable         0x20004969     0xa  Code  Gb  interrupt.o [1]
IntVTableBaseSet        0x20004973     0x6  Code  Gb  interrupt.o [1]
LedButtonRoutine        0x20004b31    0x2c  Code  Gb  main.o [1]
NmiSR                   0x20004c69     0x2  Code  Lc  startup_ewarm.o [1]
PRCMCC3200MCUInit       0x200044fb   0x12c  Code  Gb  prcm.o [1]
PRCMHIBRegRead          0x20004627    0x10  Code  Gb  prcm.o [1]
PRCMHIBRegWrite         0x20004637     0xe  Code  Gb  prcm.o [1]
PRCMPeripheralClkDisable
                        0x2000445d    0x2a  Code  Gb  prcm.o [1]
PRCMPeripheralClkEnable
                        0x20004423    0x3a  Code  Gb  prcm.o [1]
PRCMPeripheralReset     0x20004487    0x74  Code  Gb  prcm.o [1]
PRCMSysResetCauseGet    0x20004401    0x22  Code  Gb  prcm.o [1]
PRCM_PeriphRegsList     0x20004a28    0xa8  Data  Lc  prcm.o [1]
PinConfigSet            0x200048d5    0x5a  Code  Gb  pin.o [1]
PinModeSet              0x200048b5    0x20  Code  Gb  pin.o [1]
PinMuxConfig            0x20004ad1    0x60  Code  Gb  pinmux.o [1]
PinTypeGPIO             0x2000493d    0x2c  Code  Gb  pin.o [1]
Region$$Table$$Base     0x20004bf8           --   Gb  - Linker created -
Region$$Table$$Limit    0x20004c08           --   Gb  - Linker created -
ResetISR                0x20004c61     0x8  Code  Gb  startup_ewarm.o [1]
UtilsDelay              0x20004699     0x6  Code  Gb  utils.o [1]
__cmain                 0x20004c09          Code  Gb  cmain.o [6]
__exit                  0x20004c3d          Code  Gb  XXexit.o [6]
__iar_data_init3        0x20004bd1    0x28  Code  Gb  data_init.o [6]
__iar_program_start     0x20004c71          Code  Gb  cstartup_M.o [6]
__iar_systems$$module {Abs}
                        0x00000001          Data  Gb  command line/config [2]
__iar_zero_init3        0x20004b8f    0x40  Code  Gb  zero_init3.o [6]
__low_level_init        0x20004c27     0x4  Code  Gb  low_level_init.o [3]
__vector_table          0x20004000   0x400  Data  Gb  startup_ewarm.o [1]
_call_main              0x20004c15          Code  Gb  cmain.o [6]
_exit                   0x20004c31          Code  Gb  cexit.o [6]
_main                   0x20004c23          Code  Gb  cmain.o [6]
exit                    0x20004c2b     0x4  Code  Gb  exit.o [3]
g_pulEnRegs             0x20004c48    0x18  Data  Lc  interrupt.o [1]
g_ucLED1Pin             0x20004c88     0x1  Data  Gb  gpio_if.o [1]
g_ucLED2Pin             0x20004c89     0x1  Data  Gb  gpio_if.o [1]
g_ucLED3Pin             0x20004c8a     0x1  Data  Gb  gpio_if.o [1]
g_uiLED1Port            0x20004c7c     0x4  Data  Gb  gpio_if.o [1]
g_uiLED2Port            0x20004c80     0x4  Data  Gb  gpio_if.o [1]
g_uiLED3Port            0x20004c84     0x4  Data  Gb  gpio_if.o [1]
g_ulPinToPadMap         0x200046a0   0x100  Data  Lc  pin.o [1]
main                    0x20004b7d    0x12  Code  Gb  main.o [1]
pulStack                0x20004c8c  0x1000  Data  Lc  startup_ewarm.o [1]


[1] = C:\Users\erhan\github\mcu\cc3200_c_sdk\GPIO\Debug\Obj
[2] = command line
[3] = dl7M_tln.a
[4] = driverlib.a
[5] = m7M_tl.a
[6] = rt7M_tl.a

  1 706 bytes of readonly  code memory
  1 490 bytes of readonly  data memory
  4 111 bytes of readwrite data memory

Errors: none
Warnings: 1
