###############################################################################
#
# IAR ELF Linker V8.20.1.14183/W32 for ARM                05/Oct/2018  17:03:29
# Copyright 2007-2017 IAR Systems AB.
#
#    Output file  =  
#        C:\Users\erhan\github\mcu\cc3200_c_sdk\PRCM\Debug\Exe\PRCM.out
#    Map file     =  
#        C:\Users\erhan\github\mcu\cc3200_c_sdk\PRCM\Debug\List\PRCM.map
#    Command line =  
#        -f C:\Users\erhan\AppData\Local\Temp\EW177A.tmp
#        (C:\Users\erhan\github\mcu\cc3200_c_sdk\PRCM\Debug\Obj\button_if.o
#        C:\Users\erhan\github\mcu\cc3200_c_sdk\PRCM\Debug\Obj\cpu.o
#        C:\Users\erhan\github\mcu\cc3200_c_sdk\PRCM\Debug\Obj\des.o
#        C:\Users\erhan\github\mcu\cc3200_c_sdk\PRCM\Debug\Obj\flash.o
#        C:\Users\erhan\github\mcu\cc3200_c_sdk\PRCM\Debug\Obj\gpio.o
#        C:\Users\erhan\github\mcu\cc3200_c_sdk\PRCM\Debug\Obj\gpio_if.o
#        C:\Users\erhan\github\mcu\cc3200_c_sdk\PRCM\Debug\Obj\hwspinlock.o
#        C:\Users\erhan\github\mcu\cc3200_c_sdk\PRCM\Debug\Obj\i2c_if.o
#        C:\Users\erhan\github\mcu\cc3200_c_sdk\PRCM\Debug\Obj\i2s_if.o
#        C:\Users\erhan\github\mcu\cc3200_c_sdk\PRCM\Debug\Obj\init_if.o
#        C:\Users\erhan\github\mcu\cc3200_c_sdk\PRCM\Debug\Obj\interrupt.o
#        C:\Users\erhan\github\mcu\cc3200_c_sdk\PRCM\Debug\Obj\LL_init.o
#        C:\Users\erhan\github\mcu\cc3200_c_sdk\PRCM\Debug\Obj\LL_prcm.o
#        C:\Users\erhan\github\mcu\cc3200_c_sdk\PRCM\Debug\Obj\main.o
#        C:\Users\erhan\github\mcu\cc3200_c_sdk\PRCM\Debug\Obj\pin.o
#        C:\Users\erhan\github\mcu\cc3200_c_sdk\PRCM\Debug\Obj\prcm.o
#        C:\Users\erhan\github\mcu\cc3200_c_sdk\PRCM\Debug\Obj\prcm_if.o
#        C:\Users\erhan\github\mcu\cc3200_c_sdk\PRCM\Debug\Obj\startup_ewarm.o
#        C:\Users\erhan\github\mcu\cc3200_c_sdk\PRCM\Debug\Obj\systick.o
#        C:\Users\erhan\github\mcu\cc3200_c_sdk\PRCM\Debug\Obj\systick_if.o
#        C:\Users\erhan\github\mcu\cc3200_c_sdk\PRCM\Debug\Obj\timer_if.o
#        C:\Users\erhan\github\mcu\cc3200_c_sdk\PRCM\Debug\Obj\uart_if.o
#        C:\Users\erhan\github\mcu\cc3200_c_sdk\PRCM\Debug\Obj\utils.o
#        C:\Users\erhan\github\mcu\cc3200_c_sdk\PRCM\Debug\Obj\utils_if.o
#        C:\Users\erhan\github\mcu\cc3200_c_sdk\PRCM\Debug\Obj\wdt_if.o -o
#        C:\Users\erhan\github\mcu\cc3200_c_sdk\PRCM\Debug\Exe\PRCM.out
#        --config_def CC3200_ES_1_2_1=0 --map
#        C:\Users\erhan\github\mcu\cc3200_c_sdk\PRCM\Debug\List\PRCM.map
#        --config "C:\Program Files (x86)\IAR Systems\Embedded Workbench
#        8.0\arm\config\linker\TexasInstruments\cc3200.icf"
#        C:\Users\erhan\github\mcu\cc3200_c_sdk\PRCM\0-sdkLayer\0.1-cc3200Sdk\driverlib\ewarm\Release\Exe\driverlib.a
#        --entry __iar_program_start --vfe --text_out locale)
#
###############################################################################

*******************************************************************************
*** MESSAGES
***

Warning[Lt009]: Inconsistent wchar_t size
            i2c.o(driverlib.a) and 5 other objects have wchar_t size 16 bits
            button_if.o and 45 other objects, some of them in dl7M_tln.a and 10
                      other libraries have wchar_t size 32 bits


*******************************************************************************
*** RUNTIME MODEL ATTRIBUTES
***

CppFlavor       = *
__Heap_Handler  = DLMalloc
__SystemLibrary = DLib
__dlib_version  = 6


*******************************************************************************
*** HEAP SELECTION
***

The advanced heap was selected because the application calls memory
allocation functions outside of system library functions, and there
are calls to deallocation functions in the application.


*******************************************************************************
*** PLACEMENT SUMMARY
***

"A1":  place at start of [from 0x20004000 to 0x2003c000] { ro section .intvec };
"P1":  place in [from 0x20004000 to 0x2003c000] { ro };
"P2":  place in [from 0x20004000 to 0x2003c000] { section VTABLE };
define block CmdTbl { section .cmdtbl };
"P3":  place in [from 0x20004000 to 0x2003c000] { block CmdTbl };
define block HEAP with size = 32K, alignment = 8 { };
"P4":  place in [from 0x20004000 to 0x2003c000] { rw, block HEAP };
do not initialize { section .noinit };

No sections matched the following patterns:

  section .cmdtbl  in block CmdTbl
  section .stack   in block CSTACK
  section VTABLE   in "P1-P4"


  Section  Kind        Address    Size  Object
  -------  ----        -------    ----  ------
"A1":                            0x400
  .intvec  const    0x20004000   0x400  startup_ewarm.o [1]
                  - 0x20004400   0x400

"P1-P4", part 1 of 2:            0x4a8
  .text    ro code  0x20004400   0x298  prcm.o [1]
  .text    ro code  0x20004698     0x6  utils.o [1]
  .text    ro code  0x200046a0    0xb0  interrupt.o [1]
  .text    ro code  0x20004750    0x10  cpu.o [1]
  .rodata  const    0x20004760    0xa8  prcm.o [1]
  .text    ro code  0x20004808    0x1e  cmain.o [6]
  .text    ro code  0x20004826     0x4  low_level_init.o [3]
  .text    ro code  0x2000482a     0xa  main.o [1]
  .text    ro code  0x20004834     0x4  exit.o [3]
  .text    ro code  0x20004838     0x8  LL_init.o [1]
  .text    ro code  0x20004840     0xa  cexit.o [6]
  .text    ro code  0x2000484c    0x1c  init_if.o [1]
  .text    ro code  0x20004868     0xc  XXexit.o [6]
  .rodata  const    0x20004874    0x18  interrupt.o [1]
  .text    ro code  0x2000488c    0x10  startup_ewarm.o [1]
  .text    ro code  0x2000489c     0xc  cstartup_M.o [6]
                  - 0x200048a8   0x4a8

"P1-P4", part 2 of 2:           0x1000
  .noinit  uninit   0x200048a8  0x1000  startup_ewarm.o [1]
                  - 0x200058a8  0x1000



*******************************************************************************
*** MODULE SUMMARY
***

    Module            ro code  ro data  rw data
    ------            -------  -------  -------
C:\Users\erhan\github\mcu\cc3200_c_sdk\PRCM\Debug\Obj: [1]
    LL_init.o               8
    cpu.o                  16
    init_if.o              28
    interrupt.o           176       24
    main.o                 10
    prcm.o                664      168
    startup_ewarm.o        16    1 024    4 096
    utils.o                 6
    -------------------------------------------
    Total:                924    1 216    4 096

command line: [2]
    -------------------------------------------
    Total:

dl7M_tln.a: [3]
    exit.o                  4
    low_level_init.o        4
    -------------------------------------------
    Total:                  8

driverlib.a: [4]
    -------------------------------------------
    Total:

m7M_tl.a: [5]
    -------------------------------------------
    Total:

rt7M_tl.a: [6]
    XXexit.o               12
    cexit.o                10
    cmain.o                30
    cstartup_M.o           12
    -------------------------------------------
    Total:                 64

    Gaps                    4
-----------------------------------------------
    Grand Total:        1 000    1 216    4 096


*******************************************************************************
*** ENTRY LIST
***

Entry                      Address    Size  Type      Object
-----                      -------    ----  ----      ------
?main                   0x20004809          Code  Gb  cmain.o [6]
BusFaultHandler         0x20004899     0x2  Code  Lc  startup_ewarm.o [1]
CPUcpsie                0x20004751    0x10  Code  Gb  cpu.o [1]
FaultISR                0x20004897     0x2  Code  Lc  startup_ewarm.o [1]
IntDefaultHandler       0x2000489b     0x2  Code  Lc  startup_ewarm.o [1]
IntEnable               0x200046b1    0x8e  Code  Gb  interrupt.o [1]
IntMasterEnable         0x200046a1     0xa  Code  Gb  interrupt.o [1]
IntVTableBaseSet        0x200046ab     0x6  Code  Gb  interrupt.o [1]
LL_boardInit            0x20004839     0x8  Code  Gb  LL_init.o [1]
NmiSR                   0x20004895     0x2  Code  Lc  startup_ewarm.o [1]
PRCMCC3200MCUInit       0x200044fb   0x12c  Code  Gb  prcm.o [1]
PRCMHIBRegRead          0x20004627    0x10  Code  Gb  prcm.o [1]
PRCMHIBRegWrite         0x20004637     0xe  Code  Gb  prcm.o [1]
PRCMPeripheralClkDisable
                        0x2000445d    0x2a  Code  Gb  prcm.o [1]
PRCMPeripheralClkEnable
                        0x20004423    0x3a  Code  Gb  prcm.o [1]
PRCMPeripheralReset     0x20004487    0x74  Code  Gb  prcm.o [1]
PRCMSysResetCauseGet    0x20004401    0x22  Code  Gb  prcm.o [1]
PRCM_PeriphRegsList     0x20004760    0xa8  Data  Lc  prcm.o [1]
Region$$Table$$Base     0x00000000           --   Gb  - Linker created -
Region$$Table$$Limit    0x00000000           --   Gb  - Linker created -
ResetISR                0x2000488d     0x8  Code  Gb  startup_ewarm.o [1]
UtilsDelay              0x20004699     0x6  Code  Gb  utils.o [1]
__cmain                 0x20004809          Code  Gb  cmain.o [6]
__exit                  0x20004869          Code  Gb  XXexit.o [6]
__iar_program_start     0x2000489d          Code  Gb  cstartup_M.o [6]
__iar_systems$$module {Abs}
                        0x00000001          Data  Gb  command line/config [2]
__low_level_init        0x20004827     0x4  Code  Gb  low_level_init.o [3]
__vector_table          0x20004000   0x400  Data  Gb  startup_ewarm.o [1]
_call_main              0x20004815          Code  Gb  cmain.o [6]
_exit                   0x20004841          Code  Gb  cexit.o [6]
_main                   0x20004823          Code  Gb  cmain.o [6]
boardInit               0x2000484d    0x1c  Code  Gb  init_if.o [1]
exit                    0x20004835     0x4  Code  Gb  exit.o [3]
g_pulEnRegs             0x20004874    0x18  Data  Lc  interrupt.o [1]
main                    0x2000482b     0xa  Code  Gb  main.o [1]
pulStack                0x200048a8  0x1000  Data  Lc  startup_ewarm.o [1]


[1] = C:\Users\erhan\github\mcu\cc3200_c_sdk\PRCM\Debug\Obj
[2] = command line
[3] = dl7M_tln.a
[4] = driverlib.a
[5] = m7M_tl.a
[6] = rt7M_tl.a

  1 000 bytes of readonly  code memory
  1 216 bytes of readonly  data memory
  4 096 bytes of readwrite data memory

Errors: none
Warnings: 1
