23:16:40 **** Incremental Build of configuration Debug for project stm32f1Template ****
make -j4 all 
Building file: ../ThirdParty/freeRTOS/org/Source/portable/MemMang/heap_4.c
Building file: ../ThirdParty/freeRTOS/org/Source/portable/GCC/ARM_CM3_MPU/port.c
Invoking: MCU GCC Compiler
Invoking: MCU GCC Compiler
C:\Users\erhan\github\mcu\stm32f1_freertos_sw\freeRtosTemplate\stm32f1Template\Debug
arm-none-eabi-gcc -mcpu=cortex-m3 -mthumb -mfloat-abi=soft -DSTM32 -DSTM32F1 -DSTM32F103RBTx -DNUCLEO_F103RB -DDEBUG -DSTM32F10X_MD -DUSE_STDPERIPH_DRIVER -I"C:/Users/erhan/github/mcu/stm32f1_freertos_sw/freeRtosTemplate/stm32f1Template/Utilities/STM32F1xx-Nucleo" -I"C:/Users/erhan/github/mcu/stm32f1_freertos_sw/freeRtosTemplate/stm32f1Template/config" -I"C:/Users/erhan/github/mcu/stm32f1_freertos_sw/freeRtosTemplate/stm32f1Template/ThirdParty/freeRTOS/org/Source/portable/GCC/ARM_CM3_MPU" -I"C:/Users/erhan/github/mcu/stm32f1_freertos_sw/freeRtosTemplate/stm32f1Template/ThirdParty/freeRTOS/org/Source/include" -I"C:/Users/erhan/github/mcu/stm32f1_freertos_sw/freeRtosTemplate/stm32f1Template/StdPeriph_Driver/inc" -I"C:/Users/erhan/github/mcu/stm32f1_freertos_sw/freeRtosTemplate/stm32f1Template/inc" -I"C:/Users/erhan/github/mcu/stm32f1_freertos_sw/freeRtosTemplate/stm32f1Template/CMSIS/device" -I"C:/Users/erhan/github/mcu/stm32f1_freertos_sw/freeRtosTemplate/stm32f1Template/CMSIS/core" -O0 -g3 -Wall -fmessage-length=0 -ffunction-sections -c -MMD -MP -MF"ThirdParty/freeRTOS/org/Source/portable/MemMang/heap_4.d" -MT"ThirdParty/freeRTOS/org/Source/portable/MemMang/heap_4.o" -o "ThirdParty/freeRTOS/org/Source/portable/MemMang/heap_4.o" "../ThirdParty/freeRTOS/org/Source/portable/MemMang/heap_4.c"
C:\Users\erhan\github\mcu\stm32f1_freertos_sw\freeRtosTemplate\stm32f1Template\Debug
arm-none-eabi-gcc -mcpu=cortex-m3 -mthumb -mfloat-abi=soft -DSTM32 -DSTM32F1 -DSTM32F103RBTx -DNUCLEO_F103RB -DDEBUG -DSTM32F10X_MD -DUSE_STDPERIPH_DRIVER -I"C:/Users/erhan/github/mcu/stm32f1_freertos_sw/freeRtosTemplate/stm32f1Template/Utilities/STM32F1xx-Nucleo" -I"C:/Users/erhan/github/mcu/stm32f1_freertos_sw/freeRtosTemplate/stm32f1Template/config" -I"C:/Users/erhan/github/mcu/stm32f1_freertos_sw/freeRtosTemplate/stm32f1Template/ThirdParty/freeRTOS/org/Source/portable/GCC/ARM_CM3_MPU" -I"C:/Users/erhan/github/mcu/stm32f1_freertos_sw/freeRtosTemplate/stm32f1Template/ThirdParty/freeRTOS/org/Source/include" -I"C:/Users/erhan/github/mcu/stm32f1_freertos_sw/freeRtosTemplate/stm32f1Template/StdPeriph_Driver/inc" -I"C:/Users/erhan/github/mcu/stm32f1_freertos_sw/freeRtosTemplate/stm32f1Template/inc" -I"C:/Users/erhan/github/mcu/stm32f1_freertos_sw/freeRtosTemplate/stm32f1Template/CMSIS/device" -I"C:/Users/erhan/github/mcu/stm32f1_freertos_sw/freeRtosTemplate/stm32f1Template/CMSIS/core" -O0 -g3 -Wall -fmessage-length=0 -ffunction-sections -c -MMD -MP -MF"ThirdParty/freeRTOS/org/Source/portable/GCC/ARM_CM3_MPU/port.d" -MT"ThirdParty/freeRTOS/org/Source/portable/GCC/ARM_CM3_MPU/port.o" -o "ThirdParty/freeRTOS/org/Source/portable/GCC/ARM_CM3_MPU/port.o" "../ThirdParty/freeRTOS/org/Source/portable/GCC/ARM_CM3_MPU/port.c"
Building file: ../ThirdParty/freeRTOS/org/Source/croutine.c
Building file: ../ThirdParty/freeRTOS/org/Source/event_groups.c
Invoking: MCU GCC Compiler
Invoking: MCU GCC Compiler
C:\Users\erhan\github\mcu\stm32f1_freertos_sw\freeRtosTemplate\stm32f1Template\Debug
arm-none-eabi-gcc -mcpu=cortex-m3 -mthumb -mfloat-abi=soft -DSTM32 -DSTM32F1 -DSTM32F103RBTx -DNUCLEO_F103RB -DDEBUG -DSTM32F10X_MD -DUSE_STDPERIPH_DRIVER -I"C:/Users/erhan/github/mcu/stm32f1_freertos_sw/freeRtosTemplate/stm32f1Template/Utilities/STM32F1xx-Nucleo" -I"C:/Users/erhan/github/mcu/stm32f1_freertos_sw/freeRtosTemplate/stm32f1Template/config" -I"C:/Users/erhan/github/mcu/stm32f1_freertos_sw/freeRtosTemplate/stm32f1Template/ThirdParty/freeRTOS/org/Source/portable/GCC/ARM_CM3_MPU" -I"C:/Users/erhan/github/mcu/stm32f1_freertos_sw/freeRtosTemplate/stm32f1Template/ThirdParty/freeRTOS/org/Source/include" -I"C:/Users/erhan/github/mcu/stm32f1_freertos_sw/freeRtosTemplate/stm32f1Template/StdPeriph_Driver/inc" -I"C:/Users/erhan/github/mcu/stm32f1_freertos_sw/freeRtosTemplate/stm32f1Template/inc" -I"C:/Users/erhan/github/mcu/stm32f1_freertos_sw/freeRtosTemplate/stm32f1Template/CMSIS/device" -I"C:/Users/erhan/github/mcu/stm32f1_freertos_sw/freeRtosTemplate/stm32f1Template/CMSIS/core" -O0 -g3 -Wall -fmessage-length=0 -ffunction-sections -c -MMD -MP -MF"ThirdParty/freeRTOS/org/Source/croutine.d" -MT"ThirdParty/freeRTOS/org/Source/croutine.o" -o "ThirdParty/freeRTOS/org/Source/croutine.o" "../ThirdParty/freeRTOS/org/Source/croutine.c"
C:\Users\erhan\github\mcu\stm32f1_freertos_sw\freeRtosTemplate\stm32f1Template\Debug
arm-none-eabi-gcc -mcpu=cortex-m3 -mthumb -mfloat-abi=soft -DSTM32 -DSTM32F1 -DSTM32F103RBTx -DNUCLEO_F103RB -DDEBUG -DSTM32F10X_MD -DUSE_STDPERIPH_DRIVER -I"C:/Users/erhan/github/mcu/stm32f1_freertos_sw/freeRtosTemplate/stm32f1Template/Utilities/STM32F1xx-Nucleo" -I"C:/Users/erhan/github/mcu/stm32f1_freertos_sw/freeRtosTemplate/stm32f1Template/config" -I"C:/Users/erhan/github/mcu/stm32f1_freertos_sw/freeRtosTemplate/stm32f1Template/ThirdParty/freeRTOS/org/Source/portable/GCC/ARM_CM3_MPU" -I"C:/Users/erhan/github/mcu/stm32f1_freertos_sw/freeRtosTemplate/stm32f1Template/ThirdParty/freeRTOS/org/Source/include" -I"C:/Users/erhan/github/mcu/stm32f1_freertos_sw/freeRtosTemplate/stm32f1Template/StdPeriph_Driver/inc" -I"C:/Users/erhan/github/mcu/stm32f1_freertos_sw/freeRtosTemplate/stm32f1Template/inc" -I"C:/Users/erhan/github/mcu/stm32f1_freertos_sw/freeRtosTemplate/stm32f1Template/CMSIS/device" -I"C:/Users/erhan/github/mcu/stm32f1_freertos_sw/freeRtosTemplate/stm32f1Template/CMSIS/core" -O0 -g3 -Wall -fmessage-length=0 -ffunction-sections -c -MMD -MP -MF"ThirdParty/freeRTOS/org/Source/event_groups.d" -MT"ThirdParty/freeRTOS/org/Source/event_groups.o" -o "ThirdParty/freeRTOS/org/Source/event_groups.o" "../ThirdParty/freeRTOS/org/Source/event_groups.c"
Finished building: ../ThirdParty/freeRTOS/org/Source/portable/MemMang/heap_4.c
 
Finished building: ../ThirdParty/freeRTOS/org/Source/croutine.c
Building file: ../ThirdParty/freeRTOS/org/Source/list.c
 
Invoking: MCU GCC Compiler
Building file: ../ThirdParty/freeRTOS/org/Source/queue.c
C:\Users\erhan\github\mcu\stm32f1_freertos_sw\freeRtosTemplate\stm32f1Template\Debug
Invoking: MCU GCC Compiler
arm-none-eabi-gcc -mcpu=cortex-m3 -mthumb -mfloat-abi=soft -DSTM32 -DSTM32F1 -DSTM32F103RBTx -DNUCLEO_F103RB -DDEBUG -DSTM32F10X_MD -DUSE_STDPERIPH_DRIVER -I"C:/Users/erhan/github/mcu/stm32f1_freertos_sw/freeRtosTemplate/stm32f1Template/Utilities/STM32F1xx-Nucleo" -I"C:/Users/erhan/github/mcu/stm32f1_freertos_sw/freeRtosTemplate/stm32f1Template/config" -I"C:/Users/erhan/github/mcu/stm32f1_freertos_sw/freeRtosTemplate/stm32f1Template/ThirdParty/freeRTOS/org/Source/portable/GCC/ARM_CM3_MPU" -I"C:/Users/erhan/github/mcu/stm32f1_freertos_sw/freeRtosTemplate/stm32f1Template/ThirdParty/freeRTOS/org/Source/include" -I"C:/Users/erhan/github/mcu/stm32f1_freertos_sw/freeRtosTemplate/stm32f1Template/StdPeriph_Driver/inc" -I"C:/Users/erhan/github/mcu/stm32f1_freertos_sw/freeRtosTemplate/stm32f1Template/inc" -I"C:/Users/erhan/github/mcu/stm32f1_freertos_sw/freeRtosTemplate/stm32f1Template/CMSIS/device" -I"C:/Users/erhan/github/mcu/stm32f1_freertos_sw/freeRtosTemplate/stm32f1Template/CMSIS/core" -O0 -g3 -Wall -fmessage-length=0 -ffunction-sections -c -MMD -MP -MF"ThirdParty/freeRTOS/org/Source/list.d" -MT"ThirdParty/freeRTOS/org/Source/list.o" -o "ThirdParty/freeRTOS/org/Source/list.o" "../ThirdParty/freeRTOS/org/Source/list.c"
Finished building: ../ThirdParty/freeRTOS/org/Source/event_groups.c
C:\Users\erhan\github\mcu\stm32f1_freertos_sw\freeRtosTemplate\stm32f1Template\Debug
arm-none-eabi-gcc -mcpu=cortex-m3 -mthumb -mfloat-abi=soft -DSTM32 -DSTM32F1 -DSTM32F103RBTx -DNUCLEO_F103RB -DDEBUG -DSTM32F10X_MD -DUSE_STDPERIPH_DRIVER -I"C:/Users/erhan/github/mcu/stm32f1_freertos_sw/freeRtosTemplate/stm32f1Template/Utilities/STM32F1xx-Nucleo" -I"C:/Users/erhan/github/mcu/stm32f1_freertos_sw/freeRtosTemplate/stm32f1Template/config" -I"C:/Users/erhan/github/mcu/stm32f1_freertos_sw/freeRtosTemplate/stm32f1Template/ThirdParty/freeRTOS/org/Source/portable/GCC/ARM_CM3_MPU" -I"C:/Users/erhan/github/mcu/stm32f1_freertos_sw/freeRtosTemplate/stm32f1Template/ThirdParty/freeRTOS/org/Source/include" -I"C:/Users/erhan/github/mcu/stm32f1_freertos_sw/freeRtosTemplate/stm32f1Template/StdPeriph_Driver/inc" -I"C:/Users/erhan/github/mcu/stm32f1_freertos_sw/freeRtosTemplate/stm32f1Template/inc" -I"C:/Users/erhan/github/mcu/stm32f1_freertos_sw/freeRtosTemplate/stm32f1Template/CMSIS/device" -I"C:/Users/erhan/github/mcu/stm32f1_freertos_sw/freeRtosTemplate/stm32f1Template/CMSIS/core" -O0 -g3 -Wall -fmessage-length=0 -ffunction-sections -c -MMD -MP -MF"ThirdParty/freeRTOS/org/Source/queue.d" -MT"ThirdParty/freeRTOS/org/Source/queue.o" -o "ThirdParty/freeRTOS/org/Source/queue.o" "../ThirdParty/freeRTOS/org/Source/queue.c"
 
Building file: ../ThirdParty/freeRTOS/org/Source/stream_buffer.c
Invoking: MCU GCC Compiler
C:\Users\erhan\github\mcu\stm32f1_freertos_sw\freeRtosTemplate\stm32f1Template\Debug
arm-none-eabi-gcc -mcpu=cortex-m3 -mthumb -mfloat-abi=soft -DSTM32 -DSTM32F1 -DSTM32F103RBTx -DNUCLEO_F103RB -DDEBUG -DSTM32F10X_MD -DUSE_STDPERIPH_DRIVER -I"C:/Users/erhan/github/mcu/stm32f1_freertos_sw/freeRtosTemplate/stm32f1Template/Utilities/STM32F1xx-Nucleo" -I"C:/Users/erhan/github/mcu/stm32f1_freertos_sw/freeRtosTemplate/stm32f1Template/config" -I"C:/Users/erhan/github/mcu/stm32f1_freertos_sw/freeRtosTemplate/stm32f1Template/ThirdParty/freeRTOS/org/Source/portable/GCC/ARM_CM3_MPU" -I"C:/Users/erhan/github/mcu/stm32f1_freertos_sw/freeRtosTemplate/stm32f1Template/ThirdParty/freeRTOS/org/Source/include" -I"C:/Users/erhan/github/mcu/stm32f1_freertos_sw/freeRtosTemplate/stm32f1Template/StdPeriph_Driver/inc" -I"C:/Users/erhan/github/mcu/stm32f1_freertos_sw/freeRtosTemplate/stm32f1Template/inc" -I"C:/Users/erhan/github/mcu/stm32f1_freertos_sw/freeRtosTemplate/stm32f1Template/CMSIS/device" -I"C:/Users/erhan/github/mcu/stm32f1_freertos_sw/freeRtosTemplate/stm32f1Template/CMSIS/core" -O0 -g3 -Wall -fmessage-length=0 -ffunction-sections -c -MMD -MP -MF"ThirdParty/freeRTOS/org/Source/stream_buffer.d" -MT"ThirdParty/freeRTOS/org/Source/stream_buffer.o" -o "ThirdParty/freeRTOS/org/Source/stream_buffer.o" "../ThirdParty/freeRTOS/org/Source/stream_buffer.c"
Finished building: ../ThirdParty/freeRTOS/org/Source/list.c
 
Building file: ../ThirdParty/freeRTOS/org/Source/tasks.c
Invoking: MCU GCC Compiler
C:\Users\erhan\github\mcu\stm32f1_freertos_sw\freeRtosTemplate\stm32f1Template\Debug
arm-none-eabi-gcc -mcpu=cortex-m3 -mthumb -mfloat-abi=soft -DSTM32 -DSTM32F1 -DSTM32F103RBTx -DNUCLEO_F103RB -DDEBUG -DSTM32F10X_MD -DUSE_STDPERIPH_DRIVER -I"C:/Users/erhan/github/mcu/stm32f1_freertos_sw/freeRtosTemplate/stm32f1Template/Utilities/STM32F1xx-Nucleo" -I"C:/Users/erhan/github/mcu/stm32f1_freertos_sw/freeRtosTemplate/stm32f1Template/config" -I"C:/Users/erhan/github/mcu/stm32f1_freertos_sw/freeRtosTemplate/stm32f1Template/ThirdParty/freeRTOS/org/Source/portable/GCC/ARM_CM3_MPU" -I"C:/Users/erhan/github/mcu/stm32f1_freertos_sw/freeRtosTemplate/stm32f1Template/ThirdParty/freeRTOS/org/Source/include" -I"C:/Users/erhan/github/mcu/stm32f1_freertos_sw/freeRtosTemplate/stm32f1Template/StdPeriph_Driver/inc" -I"C:/Users/erhan/github/mcu/stm32f1_freertos_sw/freeRtosTemplate/stm32f1Template/inc" -I"C:/Users/erhan/github/mcu/stm32f1_freertos_sw/freeRtosTemplate/stm32f1Template/CMSIS/device" -I"C:/Users/erhan/github/mcu/stm32f1_freertos_sw/freeRtosTemplate/stm32f1Template/CMSIS/core" -O0 -g3 -Wall -fmessage-length=0 -ffunction-sections -c -MMD -MP -MF"ThirdParty/freeRTOS/org/Source/tasks.d" -MT"ThirdParty/freeRTOS/org/Source/tasks.o" -o "ThirdParty/freeRTOS/org/Source/tasks.o" "../ThirdParty/freeRTOS/org/Source/tasks.c"
Finished building: ../ThirdParty/freeRTOS/org/Source/portable/GCC/ARM_CM3_MPU/port.c
 
Finished building: ../ThirdParty/freeRTOS/org/Source/queue.c
Building file: ../ThirdParty/freeRTOS/org/Source/timers.c
 
Invoking: MCU GCC Compiler
Finished building: ../ThirdParty/freeRTOS/org/Source/stream_buffer.c
C:\Users\erhan\github\mcu\stm32f1_freertos_sw\freeRtosTemplate\stm32f1Template\Debug
arm-none-eabi-gcc -mcpu=cortex-m3 -mthumb -mfloat-abi=soft -DSTM32 -DSTM32F1 -DSTM32F103RBTx -DNUCLEO_F103RB -DDEBUG -DSTM32F10X_MD -DUSE_STDPERIPH_DRIVER -I"C:/Users/erhan/github/mcu/stm32f1_freertos_sw/freeRtosTemplate/stm32f1Template/Utilities/STM32F1xx-Nucleo" -I"C:/Users/erhan/github/mcu/stm32f1_freertos_sw/freeRtosTemplate/stm32f1Template/config" -I"C:/Users/erhan/github/mcu/stm32f1_freertos_sw/freeRtosTemplate/stm32f1Template/ThirdParty/freeRTOS/org/Source/portable/GCC/ARM_CM3_MPU" -I"C:/Users/erhan/github/mcu/stm32f1_freertos_sw/freeRtosTemplate/stm32f1Template/ThirdParty/freeRTOS/org/Source/include" -I"C:/Users/erhan/github/mcu/stm32f1_freertos_sw/freeRtosTemplate/stm32f1Template/StdPeriph_Driver/inc" -I"C:/Users/erhan/github/mcu/stm32f1_freertos_sw/freeRtosTemplate/stm32f1Template/inc" -I"C:/Users/erhan/github/mcu/stm32f1_freertos_sw/freeRtosTemplate/stm32f1Template/CMSIS/device" -I"C:/Users/erhan/github/mcu/stm32f1_freertos_sw/freeRtosTemplate/stm32f1Template/CMSIS/core" -O0 -g3 -Wall -fmessage-length=0 -ffunction-sections -c -MMD -MP -MF"ThirdParty/freeRTOS/org/Source/timers.d" -MT"ThirdParty/freeRTOS/org/Source/timers.o" -o "ThirdParty/freeRTOS/org/Source/timers.o" "../ThirdParty/freeRTOS/org/Source/timers.c"
 
Building file: ../StdPeriph_Driver/src/misc.c
Building file: ../StdPeriph_Driver/src/stm32f10x_adc.c
Invoking: MCU GCC Compiler
Invoking: MCU GCC Compiler
C:\Users\erhan\github\mcu\stm32f1_freertos_sw\freeRtosTemplate\stm32f1Template\Debug
arm-none-eabi-gcc -mcpu=cortex-m3 -mthumb -mfloat-abi=soft -DSTM32 -DSTM32F1 -DSTM32F103RBTx -DNUCLEO_F103RB -DDEBUG -DSTM32F10X_MD -DUSE_STDPERIPH_DRIVER -I"C:/Users/erhan/github/mcu/stm32f1_freertos_sw/freeRtosTemplate/stm32f1Template/Utilities/STM32F1xx-Nucleo" -I"C:/Users/erhan/github/mcu/stm32f1_freertos_sw/freeRtosTemplate/stm32f1Template/config" -I"C:/Users/erhan/github/mcu/stm32f1_freertos_sw/freeRtosTemplate/stm32f1Template/ThirdParty/freeRTOS/org/Source/portable/GCC/ARM_CM3_MPU" -I"C:/Users/erhan/github/mcu/stm32f1_freertos_sw/freeRtosTemplate/stm32f1Template/ThirdParty/freeRTOS/org/Source/include" -I"C:/Users/erhan/github/mcu/stm32f1_freertos_sw/freeRtosTemplate/stm32f1Template/StdPeriph_Driver/inc" -I"C:/Users/erhan/github/mcu/stm32f1_freertos_sw/freeRtosTemplate/stm32f1Template/inc" -I"C:/Users/erhan/github/mcu/stm32f1_freertos_sw/freeRtosTemplate/stm32f1Template/CMSIS/device" -I"C:/Users/erhan/github/mcu/stm32f1_freertos_sw/freeRtosTemplate/stm32f1Template/CMSIS/core" -O0 -g3 -Wall -fmessage-length=0 -ffunction-sections -c -MMD -MP -MF"StdPeriph_Driver/src/misc.d" -MT"StdPeriph_Driver/src/misc.o" -o "StdPeriph_Driver/src/misc.o" "../StdPeriph_Driver/src/misc.c"
C:\Users\erhan\github\mcu\stm32f1_freertos_sw\freeRtosTemplate\stm32f1Template\Debug
arm-none-eabi-gcc -mcpu=cortex-m3 -mthumb -mfloat-abi=soft -DSTM32 -DSTM32F1 -DSTM32F103RBTx -DNUCLEO_F103RB -DDEBUG -DSTM32F10X_MD -DUSE_STDPERIPH_DRIVER -I"C:/Users/erhan/github/mcu/stm32f1_freertos_sw/freeRtosTemplate/stm32f1Template/Utilities/STM32F1xx-Nucleo" -I"C:/Users/erhan/github/mcu/stm32f1_freertos_sw/freeRtosTemplate/stm32f1Template/config" -I"C:/Users/erhan/github/mcu/stm32f1_freertos_sw/freeRtosTemplate/stm32f1Template/ThirdParty/freeRTOS/org/Source/portable/GCC/ARM_CM3_MPU" -I"C:/Users/erhan/github/mcu/stm32f1_freertos_sw/freeRtosTemplate/stm32f1Template/ThirdParty/freeRTOS/org/Source/include" -I"C:/Users/erhan/github/mcu/stm32f1_freertos_sw/freeRtosTemplate/stm32f1Template/StdPeriph_Driver/inc" -I"C:/Users/erhan/github/mcu/stm32f1_freertos_sw/freeRtosTemplate/stm32f1Template/inc" -I"C:/Users/erhan/github/mcu/stm32f1_freertos_sw/freeRtosTemplate/stm32f1Template/CMSIS/device" -I"C:/Users/erhan/github/mcu/stm32f1_freertos_sw/freeRtosTemplate/stm32f1Template/CMSIS/core" -O0 -g3 -Wall -fmessage-length=0 -ffunction-sections -c -MMD -MP -MF"StdPeriph_Driver/src/stm32f10x_adc.d" -MT"StdPeriph_Driver/src/stm32f10x_adc.o" -o "StdPeriph_Driver/src/stm32f10x_adc.o" "../StdPeriph_Driver/src/stm32f10x_adc.c"
Finished building: ../ThirdParty/freeRTOS/org/Source/tasks.c
 
Finished building: ../ThirdParty/freeRTOS/org/Source/timers.c
Building file: ../StdPeriph_Driver/src/stm32f10x_bkp.c
 
Invoking: MCU GCC Compiler
Building file: ../StdPeriph_Driver/src/stm32f10x_can.c
C:\Users\erhan\github\mcu\stm32f1_freertos_sw\freeRtosTemplate\stm32f1Template\Debug
arm-none-eabi-gcc -mcpu=cortex-m3 -mthumb -mfloat-abi=soft -DSTM32 -DSTM32F1 -DSTM32F103RBTx -DNUCLEO_F103RB -DDEBUG -DSTM32F10X_MD -DUSE_STDPERIPH_DRIVER -I"C:/Users/erhan/github/mcu/stm32f1_freertos_sw/freeRtosTemplate/stm32f1Template/Utilities/STM32F1xx-Nucleo" -I"C:/Users/erhan/github/mcu/stm32f1_freertos_sw/freeRtosTemplate/stm32f1Template/config" -I"C:/Users/erhan/github/mcu/stm32f1_freertos_sw/freeRtosTemplate/stm32f1Template/ThirdParty/freeRTOS/org/Source/portable/GCC/ARM_CM3_MPU" -I"C:/Users/erhan/github/mcu/stm32f1_freertos_sw/freeRtosTemplate/stm32f1Template/ThirdParty/freeRTOS/org/Source/include" -I"C:/Users/erhan/github/mcu/stm32f1_freertos_sw/freeRtosTemplate/stm32f1Template/StdPeriph_Driver/inc" -I"C:/Users/erhan/github/mcu/stm32f1_freertos_sw/freeRtosTemplate/stm32f1Template/inc" -I"C:/Users/erhan/github/mcu/stm32f1_freertos_sw/freeRtosTemplate/stm32f1Template/CMSIS/device" -I"C:/Users/erhan/github/mcu/stm32f1_freertos_sw/freeRtosTemplate/stm32f1Template/CMSIS/core" -O0 -g3 -Wall -fmessage-length=0 -ffunction-sections -c -MMD -MP -MF"StdPeriph_Driver/src/stm32f10x_bkp.d" -MT"StdPeriph_Driver/src/stm32f10x_bkp.o" -o "StdPeriph_Driver/src/stm32f10x_bkp.o" "../StdPeriph_Driver/src/stm32f10x_bkp.c"
Invoking: MCU GCC Compiler
C:\Users\erhan\github\mcu\stm32f1_freertos_sw\freeRtosTemplate\stm32f1Template\Debug
arm-none-eabi-gcc -mcpu=cortex-m3 -mthumb -mfloat-abi=soft -DSTM32 -DSTM32F1 -DSTM32F103RBTx -DNUCLEO_F103RB -DDEBUG -DSTM32F10X_MD -DUSE_STDPERIPH_DRIVER -I"C:/Users/erhan/github/mcu/stm32f1_freertos_sw/freeRtosTemplate/stm32f1Template/Utilities/STM32F1xx-Nucleo" -I"C:/Users/erhan/github/mcu/stm32f1_freertos_sw/freeRtosTemplate/stm32f1Template/config" -I"C:/Users/erhan/github/mcu/stm32f1_freertos_sw/freeRtosTemplate/stm32f1Template/ThirdParty/freeRTOS/org/Source/portable/GCC/ARM_CM3_MPU" -I"C:/Users/erhan/github/mcu/stm32f1_freertos_sw/freeRtosTemplate/stm32f1Template/ThirdParty/freeRTOS/org/Source/include" -I"C:/Users/erhan/github/mcu/stm32f1_freertos_sw/freeRtosTemplate/stm32f1Template/StdPeriph_Driver/inc" -I"C:/Users/erhan/github/mcu/stm32f1_freertos_sw/freeRtosTemplate/stm32f1Template/inc" -I"C:/Users/erhan/github/mcu/stm32f1_freertos_sw/freeRtosTemplate/stm32f1Template/CMSIS/device" -I"C:/Users/erhan/github/mcu/stm32f1_freertos_sw/freeRtosTemplate/stm32f1Template/CMSIS/core" -O0 -g3 -Wall -fmessage-length=0 -ffunction-sections -c -MMD -MP -MF"StdPeriph_Driver/src/stm32f10x_can.d" -MT"StdPeriph_Driver/src/stm32f10x_can.o" -o "StdPeriph_Driver/src/stm32f10x_can.o" "../StdPeriph_Driver/src/stm32f10x_can.c"
Finished building: ../StdPeriph_Driver/src/misc.c
 
Building file: ../StdPeriph_Driver/src/stm32f10x_cec.c
Finished building: ../StdPeriph_Driver/src/stm32f10x_adc.c
Invoking: MCU GCC Compiler
 
C:\Users\erhan\github\mcu\stm32f1_freertos_sw\freeRtosTemplate\stm32f1Template\Debug
arm-none-eabi-gcc -mcpu=cortex-m3 -mthumb -mfloat-abi=soft -DSTM32 -DSTM32F1 -DSTM32F103RBTx -DNUCLEO_F103RB -DDEBUG -DSTM32F10X_MD -DUSE_STDPERIPH_DRIVER -I"C:/Users/erhan/github/mcu/stm32f1_freertos_sw/freeRtosTemplate/stm32f1Template/Utilities/STM32F1xx-Nucleo" -I"C:/Users/erhan/github/mcu/stm32f1_freertos_sw/freeRtosTemplate/stm32f1Template/config" -I"C:/Users/erhan/github/mcu/stm32f1_freertos_sw/freeRtosTemplate/stm32f1Template/ThirdParty/freeRTOS/org/Source/portable/GCC/ARM_CM3_MPU" -I"C:/Users/erhan/github/mcu/stm32f1_freertos_sw/freeRtosTemplate/stm32f1Template/ThirdParty/freeRTOS/org/Source/include" -I"C:/Users/erhan/github/mcu/stm32f1_freertos_sw/freeRtosTemplate/stm32f1Template/StdPeriph_Driver/inc" -I"C:/Users/erhan/github/mcu/stm32f1_freertos_sw/freeRtosTemplate/stm32f1Template/inc" -I"C:/Users/erhan/github/mcu/stm32f1_freertos_sw/freeRtosTemplate/stm32f1Template/CMSIS/device" -I"C:/Users/erhan/github/mcu/stm32f1_freertos_sw/freeRtosTemplate/stm32f1Template/CMSIS/core" -O0 -g3 -Wall -fmessage-length=0 -ffunction-sections -c -MMD -MP -MF"StdPeriph_Driver/src/stm32f10x_cec.d" -MT"StdPeriph_Driver/src/stm32f10x_cec.o" -o "StdPeriph_Driver/src/stm32f10x_cec.o" "../StdPeriph_Driver/src/stm32f10x_cec.c"
Building file: ../StdPeriph_Driver/src/stm32f10x_crc.c
Invoking: MCU GCC Compiler
Finished building: ../StdPeriph_Driver/src/stm32f10x_bkp.c
C:\Users\erhan\github\mcu\stm32f1_freertos_sw\freeRtosTemplate\stm32f1Template\Debug
 
arm-none-eabi-gcc -mcpu=cortex-m3 -mthumb -mfloat-abi=soft -DSTM32 -DSTM32F1 -DSTM32F103RBTx -DNUCLEO_F103RB -DDEBUG -DSTM32F10X_MD -DUSE_STDPERIPH_DRIVER -I"C:/Users/erhan/github/mcu/stm32f1_freertos_sw/freeRtosTemplate/stm32f1Template/Utilities/STM32F1xx-Nucleo" -I"C:/Users/erhan/github/mcu/stm32f1_freertos_sw/freeRtosTemplate/stm32f1Template/config" -I"C:/Users/erhan/github/mcu/stm32f1_freertos_sw/freeRtosTemplate/stm32f1Template/ThirdParty/freeRTOS/org/Source/portable/GCC/ARM_CM3_MPU" -I"C:/Users/erhan/github/mcu/stm32f1_freertos_sw/freeRtosTemplate/stm32f1Template/ThirdParty/freeRTOS/org/Source/include" -I"C:/Users/erhan/github/mcu/stm32f1_freertos_sw/freeRtosTemplate/stm32f1Template/StdPeriph_Driver/inc" -I"C:/Users/erhan/github/mcu/stm32f1_freertos_sw/freeRtosTemplate/stm32f1Template/inc" -I"C:/Users/erhan/github/mcu/stm32f1_freertos_sw/freeRtosTemplate/stm32f1Template/CMSIS/device" -I"C:/Users/erhan/github/mcu/stm32f1_freertos_sw/freeRtosTemplate/stm32f1Template/CMSIS/core" -O0 -g3 -Wall -fmessage-length=0 -ffunction-sections -c -MMD -MP -MF"StdPeriph_Driver/src/stm32f10x_crc.d" -MT"StdPeriph_Driver/src/stm32f10x_crc.o" -o "StdPeriph_Driver/src/stm32f10x_crc.o" "../StdPeriph_Driver/src/stm32f10x_crc.c"
Finished building: ../StdPeriph_Driver/src/stm32f10x_can.c
 
Building file: ../StdPeriph_Driver/src/stm32f10x_dac.c
Building file: ../StdPeriph_Driver/src/stm32f10x_dbgmcu.c
Invoking: MCU GCC Compiler
Invoking: MCU GCC Compiler
C:\Users\erhan\github\mcu\stm32f1_freertos_sw\freeRtosTemplate\stm32f1Template\Debug
arm-none-eabi-gcc -mcpu=cortex-m3 -mthumb -mfloat-abi=soft -DSTM32 -DSTM32F1 -DSTM32F103RBTx -DNUCLEO_F103RB -DDEBUG -DSTM32F10X_MD -DUSE_STDPERIPH_DRIVER -I"C:/Users/erhan/github/mcu/stm32f1_freertos_sw/freeRtosTemplate/stm32f1Template/Utilities/STM32F1xx-Nucleo" -I"C:/Users/erhan/github/mcu/stm32f1_freertos_sw/freeRtosTemplate/stm32f1Template/config" -I"C:/Users/erhan/github/mcu/stm32f1_freertos_sw/freeRtosTemplate/stm32f1Template/ThirdParty/freeRTOS/org/Source/portable/GCC/ARM_CM3_MPU" -I"C:/Users/erhan/github/mcu/stm32f1_freertos_sw/freeRtosTemplate/stm32f1Template/ThirdParty/freeRTOS/org/Source/include" -I"C:/Users/erhan/github/mcu/stm32f1_freertos_sw/freeRtosTemplate/stm32f1Template/StdPeriph_Driver/inc" -I"C:/Users/erhan/github/mcu/stm32f1_freertos_sw/freeRtosTemplate/stm32f1Template/inc" -I"C:/Users/erhan/github/mcu/stm32f1_freertos_sw/freeRtosTemplate/stm32f1Template/CMSIS/device" -I"C:/Users/erhan/github/mcu/stm32f1_freertos_sw/freeRtosTemplate/stm32f1Template/CMSIS/core" -O0 -g3 -Wall -fmessage-length=0 -ffunction-sections -c -MMD -MP -MF"StdPeriph_Driver/src/stm32f10x_dac.d" -MT"StdPeriph_Driver/src/stm32f10x_dac.o" -o "StdPeriph_Driver/src/stm32f10x_dac.o" "../StdPeriph_Driver/src/stm32f10x_dac.c"
C:\Users\erhan\github\mcu\stm32f1_freertos_sw\freeRtosTemplate\stm32f1Template\Debug
arm-none-eabi-gcc -mcpu=cortex-m3 -mthumb -mfloat-abi=soft -DSTM32 -DSTM32F1 -DSTM32F103RBTx -DNUCLEO_F103RB -DDEBUG -DSTM32F10X_MD -DUSE_STDPERIPH_DRIVER -I"C:/Users/erhan/github/mcu/stm32f1_freertos_sw/freeRtosTemplate/stm32f1Template/Utilities/STM32F1xx-Nucleo" -I"C:/Users/erhan/github/mcu/stm32f1_freertos_sw/freeRtosTemplate/stm32f1Template/config" -I"C:/Users/erhan/github/mcu/stm32f1_freertos_sw/freeRtosTemplate/stm32f1Template/ThirdParty/freeRTOS/org/Source/portable/GCC/ARM_CM3_MPU" -I"C:/Users/erhan/github/mcu/stm32f1_freertos_sw/freeRtosTemplate/stm32f1Template/ThirdParty/freeRTOS/org/Source/include" -I"C:/Users/erhan/github/mcu/stm32f1_freertos_sw/freeRtosTemplate/stm32f1Template/StdPeriph_Driver/inc" -I"C:/Users/erhan/github/mcu/stm32f1_freertos_sw/freeRtosTemplate/stm32f1Template/inc" -I"C:/Users/erhan/github/mcu/stm32f1_freertos_sw/freeRtosTemplate/stm32f1Template/CMSIS/device" -I"C:/Users/erhan/github/mcu/stm32f1_freertos_sw/freeRtosTemplate/stm32f1Template/CMSIS/core" -O0 -g3 -Wall -fmessage-length=0 -ffunction-sections -c -MMD -MP -MF"StdPeriph_Driver/src/stm32f10x_dbgmcu.d" -MT"StdPeriph_Driver/src/stm32f10x_dbgmcu.o" -o "StdPeriph_Driver/src/stm32f10x_dbgmcu.o" "../StdPeriph_Driver/src/stm32f10x_dbgmcu.c"
Finished building: ../StdPeriph_Driver/src/stm32f10x_cec.c
 
Building file: ../StdPeriph_Driver/src/stm32f10x_dma.c
Invoking: MCU GCC Compiler
Finished building: ../StdPeriph_Driver/src/stm32f10x_crc.c
C:\Users\erhan\github\mcu\stm32f1_freertos_sw\freeRtosTemplate\stm32f1Template\Debug
arm-none-eabi-gcc -mcpu=cortex-m3 -mthumb -mfloat-abi=soft -DSTM32 -DSTM32F1 -DSTM32F103RBTx -DNUCLEO_F103RB -DDEBUG -DSTM32F10X_MD -DUSE_STDPERIPH_DRIVER -I"C:/Users/erhan/github/mcu/stm32f1_freertos_sw/freeRtosTemplate/stm32f1Template/Utilities/STM32F1xx-Nucleo" -I"C:/Users/erhan/github/mcu/stm32f1_freertos_sw/freeRtosTemplate/stm32f1Template/config" -I"C:/Users/erhan/github/mcu/stm32f1_freertos_sw/freeRtosTemplate/stm32f1Template/ThirdParty/freeRTOS/org/Source/portable/GCC/ARM_CM3_MPU" -I"C:/Users/erhan/github/mcu/stm32f1_freertos_sw/freeRtosTemplate/stm32f1Template/ThirdParty/freeRTOS/org/Source/include" -I"C:/Users/erhan/github/mcu/stm32f1_freertos_sw/freeRtosTemplate/stm32f1Template/StdPeriph_Driver/inc" -I"C:/Users/erhan/github/mcu/stm32f1_freertos_sw/freeRtosTemplate/stm32f1Template/inc" -I"C:/Users/erhan/github/mcu/stm32f1_freertos_sw/freeRtosTemplate/stm32f1Template/CMSIS/device" -I"C:/Users/erhan/github/mcu/stm32f1_freertos_sw/freeRtosTemplate/stm32f1Template/CMSIS/core" -O0 -g3 -Wall -fmessage-length=0 -ffunction-sections -c -MMD -MP -MF"StdPeriph_Driver/src/stm32f10x_dma.d" -MT"StdPeriph_Driver/src/stm32f10x_dma.o" -o "StdPeriph_Driver/src/stm32f10x_dma.o" "../StdPeriph_Driver/src/stm32f10x_dma.c"
 
Building file: ../StdPeriph_Driver/src/stm32f10x_exti.c
Invoking: MCU GCC Compiler
C:\Users\erhan\github\mcu\stm32f1_freertos_sw\freeRtosTemplate\stm32f1Template\Debug
Finished building: ../StdPeriph_Driver/src/stm32f10x_dac.c
arm-none-eabi-gcc -mcpu=cortex-m3 -mthumb -mfloat-abi=soft -DSTM32 -DSTM32F1 -DSTM32F103RBTx -DNUCLEO_F103RB -DDEBUG -DSTM32F10X_MD -DUSE_STDPERIPH_DRIVER -I"C:/Users/erhan/github/mcu/stm32f1_freertos_sw/freeRtosTemplate/stm32f1Template/Utilities/STM32F1xx-Nucleo" -I"C:/Users/erhan/github/mcu/stm32f1_freertos_sw/freeRtosTemplate/stm32f1Template/config" -I"C:/Users/erhan/github/mcu/stm32f1_freertos_sw/freeRtosTemplate/stm32f1Template/ThirdParty/freeRTOS/org/Source/portable/GCC/ARM_CM3_MPU" -I"C:/Users/erhan/github/mcu/stm32f1_freertos_sw/freeRtosTemplate/stm32f1Template/ThirdParty/freeRTOS/org/Source/include" -I"C:/Users/erhan/github/mcu/stm32f1_freertos_sw/freeRtosTemplate/stm32f1Template/StdPeriph_Driver/inc" -I"C:/Users/erhan/github/mcu/stm32f1_freertos_sw/freeRtosTemplate/stm32f1Template/inc" -I"C:/Users/erhan/github/mcu/stm32f1_freertos_sw/freeRtosTemplate/stm32f1Template/CMSIS/device" -I"C:/Users/erhan/github/mcu/stm32f1_freertos_sw/freeRtosTemplate/stm32f1Template/CMSIS/core" -O0 -g3 -Wall -fmessage-length=0 -ffunction-sections -c -MMD -MP -MF"StdPeriph_Driver/src/stm32f10x_exti.d" -MT"StdPeriph_Driver/src/stm32f10x_exti.o" -o "StdPeriph_Driver/src/stm32f10x_exti.o" "../StdPeriph_Driver/src/stm32f10x_exti.c"
Finished building: ../StdPeriph_Driver/src/stm32f10x_dbgmcu.c
 
 
Building file: ../StdPeriph_Driver/src/stm32f10x_flash.c
Building file: ../StdPeriph_Driver/src/stm32f10x_fsmc.c
Invoking: MCU GCC Compiler
Invoking: MCU GCC Compiler
C:\Users\erhan\github\mcu\stm32f1_freertos_sw\freeRtosTemplate\stm32f1Template\Debug
arm-none-eabi-gcc -mcpu=cortex-m3 -mthumb -mfloat-abi=soft -DSTM32 -DSTM32F1 -DSTM32F103RBTx -DNUCLEO_F103RB -DDEBUG -DSTM32F10X_MD -DUSE_STDPERIPH_DRIVER -I"C:/Users/erhan/github/mcu/stm32f1_freertos_sw/freeRtosTemplate/stm32f1Template/Utilities/STM32F1xx-Nucleo" -I"C:/Users/erhan/github/mcu/stm32f1_freertos_sw/freeRtosTemplate/stm32f1Template/config" -I"C:/Users/erhan/github/mcu/stm32f1_freertos_sw/freeRtosTemplate/stm32f1Template/ThirdParty/freeRTOS/org/Source/portable/GCC/ARM_CM3_MPU" -I"C:/Users/erhan/github/mcu/stm32f1_freertos_sw/freeRtosTemplate/stm32f1Template/ThirdParty/freeRTOS/org/Source/include" -I"C:/Users/erhan/github/mcu/stm32f1_freertos_sw/freeRtosTemplate/stm32f1Template/StdPeriph_Driver/inc" -I"C:/Users/erhan/github/mcu/stm32f1_freertos_sw/freeRtosTemplate/stm32f1Template/inc" -I"C:/Users/erhan/github/mcu/stm32f1_freertos_sw/freeRtosTemplate/stm32f1Template/CMSIS/device" -I"C:/Users/erhan/github/mcu/stm32f1_freertos_sw/freeRtosTemplate/stm32f1Template/CMSIS/core" -O0 -g3 -Wall -fmessage-length=0 -ffunction-sections -c -MMD -MP -MF"StdPeriph_Driver/src/stm32f10x_flash.d" -MT"StdPeriph_Driver/src/stm32f10x_flash.o" -o "StdPeriph_Driver/src/stm32f10x_flash.o" "../StdPeriph_Driver/src/stm32f10x_flash.c"
C:\Users\erhan\github\mcu\stm32f1_freertos_sw\freeRtosTemplate\stm32f1Template\Debug
arm-none-eabi-gcc -mcpu=cortex-m3 -mthumb -mfloat-abi=soft -DSTM32 -DSTM32F1 -DSTM32F103RBTx -DNUCLEO_F103RB -DDEBUG -DSTM32F10X_MD -DUSE_STDPERIPH_DRIVER -I"C:/Users/erhan/github/mcu/stm32f1_freertos_sw/freeRtosTemplate/stm32f1Template/Utilities/STM32F1xx-Nucleo" -I"C:/Users/erhan/github/mcu/stm32f1_freertos_sw/freeRtosTemplate/stm32f1Template/config" -I"C:/Users/erhan/github/mcu/stm32f1_freertos_sw/freeRtosTemplate/stm32f1Template/ThirdParty/freeRTOS/org/Source/portable/GCC/ARM_CM3_MPU" -I"C:/Users/erhan/github/mcu/stm32f1_freertos_sw/freeRtosTemplate/stm32f1Template/ThirdParty/freeRTOS/org/Source/include" -I"C:/Users/erhan/github/mcu/stm32f1_freertos_sw/freeRtosTemplate/stm32f1Template/StdPeriph_Driver/inc" -I"C:/Users/erhan/github/mcu/stm32f1_freertos_sw/freeRtosTemplate/stm32f1Template/inc" -I"C:/Users/erhan/github/mcu/stm32f1_freertos_sw/freeRtosTemplate/stm32f1Template/CMSIS/device" -I"C:/Users/erhan/github/mcu/stm32f1_freertos_sw/freeRtosTemplate/stm32f1Template/CMSIS/core" -O0 -g3 -Wall -fmessage-length=0 -ffunction-sections -c -MMD -MP -MF"StdPeriph_Driver/src/stm32f10x_fsmc.d" -MT"StdPeriph_Driver/src/stm32f10x_fsmc.o" -o "StdPeriph_Driver/src/stm32f10x_fsmc.o" "../StdPeriph_Driver/src/stm32f10x_fsmc.c"
Finished building: ../StdPeriph_Driver/src/stm32f10x_dma.c
 
Building file: ../StdPeriph_Driver/src/stm32f10x_gpio.c
Finished building: ../StdPeriph_Driver/src/stm32f10x_exti.c
Invoking: MCU GCC Compiler
 
C:\Users\erhan\github\mcu\stm32f1_freertos_sw\freeRtosTemplate\stm32f1Template\Debug
arm-none-eabi-gcc -mcpu=cortex-m3 -mthumb -mfloat-abi=soft -DSTM32 -DSTM32F1 -DSTM32F103RBTx -DNUCLEO_F103RB -DDEBUG -DSTM32F10X_MD -DUSE_STDPERIPH_DRIVER -I"C:/Users/erhan/github/mcu/stm32f1_freertos_sw/freeRtosTemplate/stm32f1Template/Utilities/STM32F1xx-Nucleo" -I"C:/Users/erhan/github/mcu/stm32f1_freertos_sw/freeRtosTemplate/stm32f1Template/config" -I"C:/Users/erhan/github/mcu/stm32f1_freertos_sw/freeRtosTemplate/stm32f1Template/ThirdParty/freeRTOS/org/Source/portable/GCC/ARM_CM3_MPU" -I"C:/Users/erhan/github/mcu/stm32f1_freertos_sw/freeRtosTemplate/stm32f1Template/ThirdParty/freeRTOS/org/Source/include" -I"C:/Users/erhan/github/mcu/stm32f1_freertos_sw/freeRtosTemplate/stm32f1Template/StdPeriph_Driver/inc" -I"C:/Users/erhan/github/mcu/stm32f1_freertos_sw/freeRtosTemplate/stm32f1Template/inc" -I"C:/Users/erhan/github/mcu/stm32f1_freertos_sw/freeRtosTemplate/stm32f1Template/CMSIS/device" -I"C:/Users/erhan/github/mcu/stm32f1_freertos_sw/freeRtosTemplate/stm32f1Template/CMSIS/core" -O0 -g3 -Wall -fmessage-length=0 -ffunction-sections -c -MMD -MP -MF"StdPeriph_Driver/src/stm32f10x_gpio.d" -MT"StdPeriph_Driver/src/stm32f10x_gpio.o" -o "StdPeriph_Driver/src/stm32f10x_gpio.o" "../StdPeriph_Driver/src/stm32f10x_gpio.c"
Building file: ../StdPeriph_Driver/src/stm32f10x_i2c.c
Invoking: MCU GCC Compiler
C:\Users\erhan\github\mcu\stm32f1_freertos_sw\freeRtosTemplate\stm32f1Template\Debug
arm-none-eabi-gcc -mcpu=cortex-m3 -mthumb -mfloat-abi=soft -DSTM32 -DSTM32F1 -DSTM32F103RBTx -DNUCLEO_F103RB -DDEBUG -DSTM32F10X_MD -DUSE_STDPERIPH_DRIVER -I"C:/Users/erhan/github/mcu/stm32f1_freertos_sw/freeRtosTemplate/stm32f1Template/Utilities/STM32F1xx-Nucleo" -I"C:/Users/erhan/github/mcu/stm32f1_freertos_sw/freeRtosTemplate/stm32f1Template/config" -I"C:/Users/erhan/github/mcu/stm32f1_freertos_sw/freeRtosTemplate/stm32f1Template/ThirdParty/freeRTOS/org/Source/portable/GCC/ARM_CM3_MPU" -I"C:/Users/erhan/github/mcu/stm32f1_freertos_sw/freeRtosTemplate/stm32f1Template/ThirdParty/freeRTOS/org/Source/include" -I"C:/Users/erhan/github/mcu/stm32f1_freertos_sw/freeRtosTemplate/stm32f1Template/StdPeriph_Driver/inc" -I"C:/Users/erhan/github/mcu/stm32f1_freertos_sw/freeRtosTemplate/stm32f1Template/inc" -I"C:/Users/erhan/github/mcu/stm32f1_freertos_sw/freeRtosTemplate/stm32f1Template/CMSIS/device" -I"C:/Users/erhan/github/mcu/stm32f1_freertos_sw/freeRtosTemplate/stm32f1Template/CMSIS/core" -O0 -g3 -Wall -fmessage-length=0 -ffunction-sections -c -MMD -MP -MF"StdPeriph_Driver/src/stm32f10x_i2c.d" -MT"StdPeriph_Driver/src/stm32f10x_i2c.o" -o "StdPeriph_Driver/src/stm32f10x_i2c.o" "../StdPeriph_Driver/src/stm32f10x_i2c.c"
Finished building: ../StdPeriph_Driver/src/stm32f10x_flash.c
Finished building: ../StdPeriph_Driver/src/stm32f10x_fsmc.c
 
 
Building file: ../StdPeriph_Driver/src/stm32f10x_iwdg.c
Building file: ../StdPeriph_Driver/src/stm32f10x_pwr.c
Invoking: MCU GCC Compiler
Invoking: MCU GCC Compiler
C:\Users\erhan\github\mcu\stm32f1_freertos_sw\freeRtosTemplate\stm32f1Template\Debug
Finished building: ../StdPeriph_Driver/src/stm32f10x_gpio.c
C:\Users\erhan\github\mcu\stm32f1_freertos_sw\freeRtosTemplate\stm32f1Template\Debug
arm-none-eabi-gcc -mcpu=cortex-m3 -mthumb -mfloat-abi=soft -DSTM32 -DSTM32F1 -DSTM32F103RBTx -DNUCLEO_F103RB -DDEBUG -DSTM32F10X_MD -DUSE_STDPERIPH_DRIVER -I"C:/Users/erhan/github/mcu/stm32f1_freertos_sw/freeRtosTemplate/stm32f1Template/Utilities/STM32F1xx-Nucleo" -I"C:/Users/erhan/github/mcu/stm32f1_freertos_sw/freeRtosTemplate/stm32f1Template/config" -I"C:/Users/erhan/github/mcu/stm32f1_freertos_sw/freeRtosTemplate/stm32f1Template/ThirdParty/freeRTOS/org/Source/portable/GCC/ARM_CM3_MPU" -I"C:/Users/erhan/github/mcu/stm32f1_freertos_sw/freeRtosTemplate/stm32f1Template/ThirdParty/freeRTOS/org/Source/include" -I"C:/Users/erhan/github/mcu/stm32f1_freertos_sw/freeRtosTemplate/stm32f1Template/StdPeriph_Driver/inc" -I"C:/Users/erhan/github/mcu/stm32f1_freertos_sw/freeRtosTemplate/stm32f1Template/inc" -I"C:/Users/erhan/github/mcu/stm32f1_freertos_sw/freeRtosTemplate/stm32f1Template/CMSIS/device" -I"C:/Users/erhan/github/mcu/stm32f1_freertos_sw/freeRtosTemplate/stm32f1Template/CMSIS/core" -O0 -g3 -Wall -fmessage-length=0 -ffunction-sections -c -MMD -MP -MF"StdPeriph_Driver/src/stm32f10x_iwdg.d" -MT"StdPeriph_Driver/src/stm32f10x_iwdg.o" -o "StdPeriph_Driver/src/stm32f10x_iwdg.o" "../StdPeriph_Driver/src/stm32f10x_iwdg.c"
Finished building: ../StdPeriph_Driver/src/stm32f10x_i2c.c
arm-none-eabi-gcc -mcpu=cortex-m3 -mthumb -mfloat-abi=soft -DSTM32 -DSTM32F1 -DSTM32F103RBTx -DNUCLEO_F103RB -DDEBUG -DSTM32F10X_MD -DUSE_STDPERIPH_DRIVER -I"C:/Users/erhan/github/mcu/stm32f1_freertos_sw/freeRtosTemplate/stm32f1Template/Utilities/STM32F1xx-Nucleo" -I"C:/Users/erhan/github/mcu/stm32f1_freertos_sw/freeRtosTemplate/stm32f1Template/config" -I"C:/Users/erhan/github/mcu/stm32f1_freertos_sw/freeRtosTemplate/stm32f1Template/ThirdParty/freeRTOS/org/Source/portable/GCC/ARM_CM3_MPU" -I"C:/Users/erhan/github/mcu/stm32f1_freertos_sw/freeRtosTemplate/stm32f1Template/ThirdParty/freeRTOS/org/Source/include" -I"C:/Users/erhan/github/mcu/stm32f1_freertos_sw/freeRtosTemplate/stm32f1Template/StdPeriph_Driver/inc" -I"C:/Users/erhan/github/mcu/stm32f1_freertos_sw/freeRtosTemplate/stm32f1Template/inc" -I"C:/Users/erhan/github/mcu/stm32f1_freertos_sw/freeRtosTemplate/stm32f1Template/CMSIS/device" -I"C:/Users/erhan/github/mcu/stm32f1_freertos_sw/freeRtosTemplate/stm32f1Template/CMSIS/core" -O0 -g3 -Wall -fmessage-length=0 -ffunction-sections -c -MMD -MP -MF"StdPeriph_Driver/src/stm32f10x_pwr.d" -MT"StdPeriph_Driver/src/stm32f10x_pwr.o" -o "StdPeriph_Driver/src/stm32f10x_pwr.o" "../StdPeriph_Driver/src/stm32f10x_pwr.c"
 
 
Building file: ../StdPeriph_Driver/src/stm32f10x_rcc.c
Building file: ../StdPeriph_Driver/src/stm32f10x_rtc.c
Invoking: MCU GCC Compiler
Invoking: MCU GCC Compiler
C:\Users\erhan\github\mcu\stm32f1_freertos_sw\freeRtosTemplate\stm32f1Template\Debug
arm-none-eabi-gcc -mcpu=cortex-m3 -mthumb -mfloat-abi=soft -DSTM32 -DSTM32F1 -DSTM32F103RBTx -DNUCLEO_F103RB -DDEBUG -DSTM32F10X_MD -DUSE_STDPERIPH_DRIVER -I"C:/Users/erhan/github/mcu/stm32f1_freertos_sw/freeRtosTemplate/stm32f1Template/Utilities/STM32F1xx-Nucleo" -I"C:/Users/erhan/github/mcu/stm32f1_freertos_sw/freeRtosTemplate/stm32f1Template/config" -I"C:/Users/erhan/github/mcu/stm32f1_freertos_sw/freeRtosTemplate/stm32f1Template/ThirdParty/freeRTOS/org/Source/portable/GCC/ARM_CM3_MPU" -I"C:/Users/erhan/github/mcu/stm32f1_freertos_sw/freeRtosTemplate/stm32f1Template/ThirdParty/freeRTOS/org/Source/include" -I"C:/Users/erhan/github/mcu/stm32f1_freertos_sw/freeRtosTemplate/stm32f1Template/StdPeriph_Driver/inc" -I"C:/Users/erhan/github/mcu/stm32f1_freertos_sw/freeRtosTemplate/stm32f1Template/inc" -I"C:/Users/erhan/github/mcu/stm32f1_freertos_sw/freeRtosTemplate/stm32f1Template/CMSIS/device" -I"C:/Users/erhan/github/mcu/stm32f1_freertos_sw/freeRtosTemplate/stm32f1Template/CMSIS/core" -O0 -g3 -Wall -fmessage-length=0 -ffunction-sections -c -MMD -MP -MF"StdPeriph_Driver/src/stm32f10x_rcc.d" -MT"StdPeriph_Driver/src/stm32f10x_rcc.o" -o "StdPeriph_Driver/src/stm32f10x_rcc.o" "../StdPeriph_Driver/src/stm32f10x_rcc.c"
C:\Users\erhan\github\mcu\stm32f1_freertos_sw\freeRtosTemplate\stm32f1Template\Debug
arm-none-eabi-gcc -mcpu=cortex-m3 -mthumb -mfloat-abi=soft -DSTM32 -DSTM32F1 -DSTM32F103RBTx -DNUCLEO_F103RB -DDEBUG -DSTM32F10X_MD -DUSE_STDPERIPH_DRIVER -I"C:/Users/erhan/github/mcu/stm32f1_freertos_sw/freeRtosTemplate/stm32f1Template/Utilities/STM32F1xx-Nucleo" -I"C:/Users/erhan/github/mcu/stm32f1_freertos_sw/freeRtosTemplate/stm32f1Template/config" -I"C:/Users/erhan/github/mcu/stm32f1_freertos_sw/freeRtosTemplate/stm32f1Template/ThirdParty/freeRTOS/org/Source/portable/GCC/ARM_CM3_MPU" -I"C:/Users/erhan/github/mcu/stm32f1_freertos_sw/freeRtosTemplate/stm32f1Template/ThirdParty/freeRTOS/org/Source/include" -I"C:/Users/erhan/github/mcu/stm32f1_freertos_sw/freeRtosTemplate/stm32f1Template/StdPeriph_Driver/inc" -I"C:/Users/erhan/github/mcu/stm32f1_freertos_sw/freeRtosTemplate/stm32f1Template/inc" -I"C:/Users/erhan/github/mcu/stm32f1_freertos_sw/freeRtosTemplate/stm32f1Template/CMSIS/device" -I"C:/Users/erhan/github/mcu/stm32f1_freertos_sw/freeRtosTemplate/stm32f1Template/CMSIS/core" -O0 -g3 -Wall -fmessage-length=0 -ffunction-sections -c -MMD -MP -MF"StdPeriph_Driver/src/stm32f10x_rtc.d" -MT"StdPeriph_Driver/src/stm32f10x_rtc.o" -o "StdPeriph_Driver/src/stm32f10x_rtc.o" "../StdPeriph_Driver/src/stm32f10x_rtc.c"
Finished building: ../StdPeriph_Driver/src/stm32f10x_iwdg.c
 
Finished building: ../StdPeriph_Driver/src/stm32f10x_pwr.c
Building file: ../StdPeriph_Driver/src/stm32f10x_sdio.c
 
Invoking: MCU GCC Compiler
Building file: ../StdPeriph_Driver/src/stm32f10x_spi.c
C:\Users\erhan\github\mcu\stm32f1_freertos_sw\freeRtosTemplate\stm32f1Template\Debug
arm-none-eabi-gcc -mcpu=cortex-m3 -mthumb -mfloat-abi=soft -DSTM32 -DSTM32F1 -DSTM32F103RBTx -DNUCLEO_F103RB -DDEBUG -DSTM32F10X_MD -DUSE_STDPERIPH_DRIVER -I"C:/Users/erhan/github/mcu/stm32f1_freertos_sw/freeRtosTemplate/stm32f1Template/Utilities/STM32F1xx-Nucleo" -I"C:/Users/erhan/github/mcu/stm32f1_freertos_sw/freeRtosTemplate/stm32f1Template/config" -I"C:/Users/erhan/github/mcu/stm32f1_freertos_sw/freeRtosTemplate/stm32f1Template/ThirdParty/freeRTOS/org/Source/portable/GCC/ARM_CM3_MPU" -I"C:/Users/erhan/github/mcu/stm32f1_freertos_sw/freeRtosTemplate/stm32f1Template/ThirdParty/freeRTOS/org/Source/include" -I"C:/Users/erhan/github/mcu/stm32f1_freertos_sw/freeRtosTemplate/stm32f1Template/StdPeriph_Driver/inc" -I"C:/Users/erhan/github/mcu/stm32f1_freertos_sw/freeRtosTemplate/stm32f1Template/inc" -I"C:/Users/erhan/github/mcu/stm32f1_freertos_sw/freeRtosTemplate/stm32f1Template/CMSIS/device" -I"C:/Users/erhan/github/mcu/stm32f1_freertos_sw/freeRtosTemplate/stm32f1Template/CMSIS/core" -O0 -g3 -Wall -fmessage-length=0 -ffunction-sections -c -MMD -MP -MF"StdPeriph_Driver/src/stm32f10x_sdio.d" -MT"StdPeriph_Driver/src/stm32f10x_sdio.o" -o "StdPeriph_Driver/src/stm32f10x_sdio.o" "../StdPeriph_Driver/src/stm32f10x_sdio.c"
Invoking: MCU GCC Compiler
Finished building: ../StdPeriph_Driver/src/stm32f10x_rcc.c
C:\Users\erhan\github\mcu\stm32f1_freertos_sw\freeRtosTemplate\stm32f1Template\Debug
Finished building: ../StdPeriph_Driver/src/stm32f10x_rtc.c
arm-none-eabi-gcc -mcpu=cortex-m3 -mthumb -mfloat-abi=soft -DSTM32 -DSTM32F1 -DSTM32F103RBTx -DNUCLEO_F103RB -DDEBUG -DSTM32F10X_MD -DUSE_STDPERIPH_DRIVER -I"C:/Users/erhan/github/mcu/stm32f1_freertos_sw/freeRtosTemplate/stm32f1Template/Utilities/STM32F1xx-Nucleo" -I"C:/Users/erhan/github/mcu/stm32f1_freertos_sw/freeRtosTemplate/stm32f1Template/config" -I"C:/Users/erhan/github/mcu/stm32f1_freertos_sw/freeRtosTemplate/stm32f1Template/ThirdParty/freeRTOS/org/Source/portable/GCC/ARM_CM3_MPU" -I"C:/Users/erhan/github/mcu/stm32f1_freertos_sw/freeRtosTemplate/stm32f1Template/ThirdParty/freeRTOS/org/Source/include" -I"C:/Users/erhan/github/mcu/stm32f1_freertos_sw/freeRtosTemplate/stm32f1Template/StdPeriph_Driver/inc" -I"C:/Users/erhan/github/mcu/stm32f1_freertos_sw/freeRtosTemplate/stm32f1Template/inc" -I"C:/Users/erhan/github/mcu/stm32f1_freertos_sw/freeRtosTemplate/stm32f1Template/CMSIS/device" -I"C:/Users/erhan/github/mcu/stm32f1_freertos_sw/freeRtosTemplate/stm32f1Template/CMSIS/core" -O0 -g3 -Wall -fmessage-length=0 -ffunction-sections -c -MMD -MP -MF"StdPeriph_Driver/src/stm32f10x_spi.d" -MT"StdPeriph_Driver/src/stm32f10x_spi.o" -o "StdPeriph_Driver/src/stm32f10x_spi.o" "../StdPeriph_Driver/src/stm32f10x_spi.c"
 
 
Building file: ../StdPeriph_Driver/src/stm32f10x_tim.c
Building file: ../StdPeriph_Driver/src/stm32f10x_usart.c
Invoking: MCU GCC Compiler
Invoking: MCU GCC Compiler
C:\Users\erhan\github\mcu\stm32f1_freertos_sw\freeRtosTemplate\stm32f1Template\Debug
arm-none-eabi-gcc -mcpu=cortex-m3 -mthumb -mfloat-abi=soft -DSTM32 -DSTM32F1 -DSTM32F103RBTx -DNUCLEO_F103RB -DDEBUG -DSTM32F10X_MD -DUSE_STDPERIPH_DRIVER -I"C:/Users/erhan/github/mcu/stm32f1_freertos_sw/freeRtosTemplate/stm32f1Template/Utilities/STM32F1xx-Nucleo" -I"C:/Users/erhan/github/mcu/stm32f1_freertos_sw/freeRtosTemplate/stm32f1Template/config" -I"C:/Users/erhan/github/mcu/stm32f1_freertos_sw/freeRtosTemplate/stm32f1Template/ThirdParty/freeRTOS/org/Source/portable/GCC/ARM_CM3_MPU" -I"C:/Users/erhan/github/mcu/stm32f1_freertos_sw/freeRtosTemplate/stm32f1Template/ThirdParty/freeRTOS/org/Source/include" -I"C:/Users/erhan/github/mcu/stm32f1_freertos_sw/freeRtosTemplate/stm32f1Template/StdPeriph_Driver/inc" -I"C:/Users/erhan/github/mcu/stm32f1_freertos_sw/freeRtosTemplate/stm32f1Template/inc" -I"C:/Users/erhan/github/mcu/stm32f1_freertos_sw/freeRtosTemplate/stm32f1Template/CMSIS/device" -I"C:/Users/erhan/github/mcu/stm32f1_freertos_sw/freeRtosTemplate/stm32f1Template/CMSIS/core" -O0 -g3 -Wall -fmessage-length=0 -ffunction-sections -c -MMD -MP -MF"StdPeriph_Driver/src/stm32f10x_tim.d" -MT"StdPeriph_Driver/src/stm32f10x_tim.o" -o "StdPeriph_Driver/src/stm32f10x_tim.o" "../StdPeriph_Driver/src/stm32f10x_tim.c"
C:\Users\erhan\github\mcu\stm32f1_freertos_sw\freeRtosTemplate\stm32f1Template\Debug
arm-none-eabi-gcc -mcpu=cortex-m3 -mthumb -mfloat-abi=soft -DSTM32 -DSTM32F1 -DSTM32F103RBTx -DNUCLEO_F103RB -DDEBUG -DSTM32F10X_MD -DUSE_STDPERIPH_DRIVER -I"C:/Users/erhan/github/mcu/stm32f1_freertos_sw/freeRtosTemplate/stm32f1Template/Utilities/STM32F1xx-Nucleo" -I"C:/Users/erhan/github/mcu/stm32f1_freertos_sw/freeRtosTemplate/stm32f1Template/config" -I"C:/Users/erhan/github/mcu/stm32f1_freertos_sw/freeRtosTemplate/stm32f1Template/ThirdParty/freeRTOS/org/Source/portable/GCC/ARM_CM3_MPU" -I"C:/Users/erhan/github/mcu/stm32f1_freertos_sw/freeRtosTemplate/stm32f1Template/ThirdParty/freeRTOS/org/Source/include" -I"C:/Users/erhan/github/mcu/stm32f1_freertos_sw/freeRtosTemplate/stm32f1Template/StdPeriph_Driver/inc" -I"C:/Users/erhan/github/mcu/stm32f1_freertos_sw/freeRtosTemplate/stm32f1Template/inc" -I"C:/Users/erhan/github/mcu/stm32f1_freertos_sw/freeRtosTemplate/stm32f1Template/CMSIS/device" -I"C:/Users/erhan/github/mcu/stm32f1_freertos_sw/freeRtosTemplate/stm32f1Template/CMSIS/core" -O0 -g3 -Wall -fmessage-length=0 -ffunction-sections -c -MMD -MP -MF"StdPeriph_Driver/src/stm32f10x_usart.d" -MT"StdPeriph_Driver/src/stm32f10x_usart.o" -o "StdPeriph_Driver/src/stm32f10x_usart.o" "../StdPeriph_Driver/src/stm32f10x_usart.c"
Finished building: ../StdPeriph_Driver/src/stm32f10x_sdio.c
 
Building file: ../StdPeriph_Driver/src/stm32f10x_wwdg.c
Finished building: ../StdPeriph_Driver/src/stm32f10x_spi.c
Invoking: MCU GCC Compiler
 
C:\Users\erhan\github\mcu\stm32f1_freertos_sw\freeRtosTemplate\stm32f1Template\Debug
arm-none-eabi-gcc -mcpu=cortex-m3 -mthumb -mfloat-abi=soft -DSTM32 -DSTM32F1 -DSTM32F103RBTx -DNUCLEO_F103RB -DDEBUG -DSTM32F10X_MD -DUSE_STDPERIPH_DRIVER -I"C:/Users/erhan/github/mcu/stm32f1_freertos_sw/freeRtosTemplate/stm32f1Template/Utilities/STM32F1xx-Nucleo" -I"C:/Users/erhan/github/mcu/stm32f1_freertos_sw/freeRtosTemplate/stm32f1Template/config" -I"C:/Users/erhan/github/mcu/stm32f1_freertos_sw/freeRtosTemplate/stm32f1Template/ThirdParty/freeRTOS/org/Source/portable/GCC/ARM_CM3_MPU" -I"C:/Users/erhan/github/mcu/stm32f1_freertos_sw/freeRtosTemplate/stm32f1Template/ThirdParty/freeRTOS/org/Source/include" -I"C:/Users/erhan/github/mcu/stm32f1_freertos_sw/freeRtosTemplate/stm32f1Template/StdPeriph_Driver/inc" -I"C:/Users/erhan/github/mcu/stm32f1_freertos_sw/freeRtosTemplate/stm32f1Template/inc" -I"C:/Users/erhan/github/mcu/stm32f1_freertos_sw/freeRtosTemplate/stm32f1Template/CMSIS/device" -I"C:/Users/erhan/github/mcu/stm32f1_freertos_sw/freeRtosTemplate/stm32f1Template/CMSIS/core" -O0 -g3 -Wall -fmessage-length=0 -ffunction-sections -c -MMD -MP -MF"StdPeriph_Driver/src/stm32f10x_wwdg.d" -MT"StdPeriph_Driver/src/stm32f10x_wwdg.o" -o "StdPeriph_Driver/src/stm32f10x_wwdg.o" "../StdPeriph_Driver/src/stm32f10x_wwdg.c"
Finished building: ../StdPeriph_Driver/src/stm32f10x_usart.c
 
Finished building: ../StdPeriph_Driver/src/stm32f10x_tim.c
 
Finished building: ../StdPeriph_Driver/src/stm32f10x_wwdg.c
 
Building target: stm32f1Template.elf
Invoking: MCU GCC Linker
arm-none-eabi-gcc -mcpu=cortex-m3 -mthumb -mfloat-abi=soft -T"C:/Users/erhan/github/mcu/stm32f1_freertos_sw/freeRtosTemplate/stm32f1Template/LinkerScript.ld" -Wl,-Map=output.map -Wl,--gc-sections -o "stm32f1Template.elf" @"objects.list"   -lm
Finished building target: stm32f1Template.elf
 
make --no-print-directory post-build
Generating binary and Printing size information:
arm-none-eabi-objcopy -O binary "stm32f1Template.elf" "stm32f1Template.bin"
arm-none-eabi-size "stm32f1Template.elf"
   text	   data	    bss	    dec	    hex	filename
   1088	   1080	    324	   2492	    9bc	stm32f1Template.elf
 

23:16:56 Build Finished (took 16s.5ms)

