13:10:39 **** Incremental Build of configuration Debug for project 9BitUartCommunication_ ****
make -j4 all 
arm-none-eabi-gcc "../Src/main.c" -mcpu=cortex-m7 -std=gnu11 -g3 -DUSE_HAL_DRIVER -DSTM32F767xx -DDEBUG -c -I../Inc -I../Drivers/CMSIS/Include -I../Drivers/CMSIS/Device/ST/STM32F7xx/Include -I../Drivers/STM32F7xx_HAL_Driver/Inc -I../Drivers/STM32F7xx_HAL_Driver/Inc/Legacy -O0 -ffunction-sections -fdata-sections -Wall -fstack-usage -MMD -MP -MF"Src/main.d" -MT"Src/main.o" --specs=nano.specs -mfpu=fpv5-d16 -mfloat-abi=hard -mthumb -o "Src/main.o"
arm-none-eabi-gcc -o "9BitUartCommunication_.elf" @"objects.list"   -mcpu=cortex-m7 -T"C:\Users\erhan\github\mcu\stm32f7_hal\9BitUartCommunication\9BitUartCommunication_\STM32F767ZITX_FLASH.ld" --specs=nosys.specs -Wl,-Map="9BitUartCommunication_.map" -Wl,--gc-sections -static --specs=nano.specs -mfpu=fpv5-d16 -mfloat-abi=hard -mthumb -Wl,--start-group -lc -lm -Wl,--end-group
Finished building target: 9BitUartCommunication_.elf
 
arm-none-eabi-objdump -h -S  9BitUartCommunication_.elf  > "9BitUartCommunication_.list"
arm-none-eabi-size   9BitUartCommunication_.elf 
   text	   data	    bss	    dec	    hex	filename
  16644	     20	   2924	  19588	   4c84	9BitUartCommunication_.elf
Finished building: default.size.stdout
 
Finished building: 9BitUartCommunication_.list
 
