20:03:10 **** Incremental Build of configuration Debug for project SPIWriteData_ ****
make -j4 all 
arm-none-eabi-gcc "../Src/main.c" -mcpu=cortex-m7 -std=gnu11 -g3 -DUSE_HAL_DRIVER -DSTM32F767xx -DDEBUG -c -I../Inc -I../Drivers/CMSIS/Include -I../Drivers/CMSIS/Device/ST/STM32F7xx/Include -I../Drivers/STM32F7xx_HAL_Driver/Inc -I../Drivers/STM32F7xx_HAL_Driver/Inc/Legacy -O0 -ffunction-sections -fdata-sections -Wall -fstack-usage -MMD -MP -MF"Src/main.d" -MT"Src/main.o" --specs=nano.specs -mfpu=fpv5-d16 -mfloat-abi=hard -mthumb -o "Src/main.o"
arm-none-eabi-gcc -o "SPIWriteData_.elf" @"objects.list"   -mcpu=cortex-m7 -T"C:\Users\erhan\github\mcu\stm32f7_hal\SPIWriteData\SPIWriteData_\STM32F767ZITX_FLASH.ld" --specs=nosys.specs -Wl,-Map="SPIWriteData_.map" -Wl,--gc-sections -static --specs=nano.specs -mfpu=fpv5-d16 -mfloat-abi=hard -mthumb -Wl,--start-group -lc -lm -Wl,--end-group
Finished building target: SPIWriteData_.elf
 
arm-none-eabi-objdump -h -S  SPIWriteData_.elf  > "SPIWriteData_.list"
arm-none-eabi-size   SPIWriteData_.elf 
   text	   data	    bss	    dec	    hex	filename
  17984	     20	   2900	  20904	   51a8	SPIWriteData_.elf
Finished building: default.size.stdout
 
Finished building: SPIWriteData_.list
 
20:03:28 **** Incremental Build of configuration Debug for project SPIWriteData_ ****
make -j4 all 
arm-none-eabi-size   SPIWriteData_.elf 
   text	   data	    bss	    dec	    hex	filename
  17984	     20	   2900	  20904	   51a8	SPIWriteData_.elf
Finished building: default.size.stdout
 
20:04:49 **** Incremental Build of configuration Debug for project SPIWriteData_ ****
make -j4 all 
arm-none-eabi-size   SPIWriteData_.elf 
   text	   data	    bss	    dec	    hex	filename
  17984	     20	   2900	  20904	   51a8	SPIWriteData_.elf
Finished building: default.size.stdout
 
20:12:53 **** Incremental Build of configuration Debug for project SPIWriteData_ ****
make -j4 all 
arm-none-eabi-size   SPIWriteData_.elf 
   text	   data	    bss	    dec	    hex	filename
  17984	     20	   2900	  20904	   51a8	SPIWriteData_.elf
Finished building: default.size.stdout
 
20:13:40 **** Incremental Build of configuration Debug for project SPIWriteData_ ****
make -j4 all 
arm-none-eabi-size   SPIWriteData_.elf 
   text	   data	    bss	    dec	    hex	filename
  17984	     20	   2900	  20904	   51a8	SPIWriteData_.elf
Finished building: default.size.stdout
 
