###############################################################################
#
# IAR ELF Linker V8.20.1.14183/W32 for ARM                24/Sep/2018  11:19:10
# Copyright 2007-2017 IAR Systems AB.
#
#    Output file  =  
#        C:\TI\CC3200SDK_1.3.0\cc3200-sdk\example\blinky\ewarm\Release\Exe\blinky.out
#    Map file     =  
#        C:\TI\CC3200SDK_1.3.0\cc3200-sdk\example\blinky\ewarm\Release\List\blinky.map
#    Command line =  
#        -f C:\Users\erhan\AppData\Local\Temp\EWD8C3.tmp
#        (C:\TI\CC3200SDK_1.3.0\cc3200-sdk\example\blinky\ewarm\Release\Obj\gpio_if.o
#        C:\TI\CC3200SDK_1.3.0\cc3200-sdk\example\blinky\ewarm\Release\Obj\main.o
#        C:\TI\CC3200SDK_1.3.0\cc3200-sdk\example\blinky\ewarm\Release\Obj\pinmux.o
#        C:\TI\CC3200SDK_1.3.0\cc3200-sdk\example\blinky\ewarm\Release\Obj\startup_ewarm.o
#        -o
#        C:\TI\CC3200SDK_1.3.0\cc3200-sdk\example\blinky\ewarm\Release\Exe\blinky.out
#        --config_def CC3200_ES_1_2_1=0 --map
#        C:\TI\CC3200SDK_1.3.0\cc3200-sdk\example\blinky\ewarm\Release\List\blinky.map
#        --config
#        C:\TI\CC3200SDK_1.3.0\cc3200-sdk\example\blinky\ewarm\cc3200.icf
#        C:\TI\CC3200SDK_1.3.0\cc3200-sdk\example\blinky\ewarm/../../../driverlib/ewarm/Release/Exe/driverlib.a
#        --entry __iar_program_start --vfe --text_out locale)
#
###############################################################################

*******************************************************************************
*** MESSAGES
***

Warning[Lt009]: Inconsistent wchar_t size
            gpio.o(driverlib.a) and 6 other objects have wchar_t size 16 bits
            gpio_if.o and 15 other objects, some of them in dl7M_tln.a and 10
                      other libraries have wchar_t size 32 bits


*******************************************************************************
*** RUNTIME MODEL ATTRIBUTES
***

CppFlavor       = *
__SystemLibrary = DLib
__dlib_version  = 6


*******************************************************************************
*** HEAP SELECTION
***

The basic heap was selected because no calls to memory allocation
functions were found in the application outside of system library
functions, and there are calls to deallocation functions in the
application.


*******************************************************************************
*** PLACEMENT SUMMARY
***

"A1":  place at start of [from 0x20004000 to 0x2003ffff] { ro section .intvec };
"P1":  place in [from 0x20004000 to 0x2003ffff] { ro };
"P2":  place in [from 0x20004000 to 0x2003ffff] { section VTABLE };
define block CmdTbl { section .cmdtbl };
"P3":  place in [from 0x20004000 to 0x2003ffff] { block CmdTbl };
define block HEAP with size = 32K, alignment = 8 { };
"P4":  place in [from 0x20004000 to 0x2003ffff] { rw, block HEAP };
do not initialize { section .noinit };
initialize by copy { rw };

No sections matched the following patterns:

  section .cmdtbl  in block CmdTbl
  section .stack   in block CSTACK
  section VTABLE   in "P1-P4"


  Section            Kind        Address    Size  Object
  -------            ----        -------    ----  ------
"A1":                                      0x400
  .intvec            const    0x20004000   0x400  startup_ewarm.o [1]
                            - 0x20004400   0x400

"P1-P4", part 1 of 3:                      0x97f
  .text              ro code  0x20004400   0x270  prcm.o [4]
  .text              ro code  0x20004670     0x6  utils.o [4]
  .text              ro code  0x20004678   0x1d2  gpio_if.o [1]
  .text              ro code  0x2000484c    0x2e  gpio.o [4]
  .rodata            const    0x2000487c   0x100  pin.o [4]
  .text              ro code  0x2000497c    0xb4  pin.o [4]
  .text              ro code  0x20004a30    0xb0  interrupt.o [4]
  .text              ro code  0x20004ae0    0x10  cpu.o [4]
  .rodata            const    0x20004af0    0xa8  prcm.o [4]
  .text              ro code  0x20004b98    0x92  main.o [1]
  .text              ro code  0x20004c2c    0x4c  pinmux.o [1]
  .text              ro code  0x20004c78    0x38  packbits_init_single.o [5]
  .text              ro code  0x20004cb0    0x28  data_init.o [5]
  .iar.init_table    const    0x20004cd8    0x10  - Linker created -
  .text              ro code  0x20004ce8    0x1e  cmain.o [5]
  .text              ro code  0x20004d06     0x4  low_level_init.o [3]
  .text              ro code  0x20004d0a     0x4  exit.o [3]
  .text              ro code  0x20004d10     0xa  cexit.o [5]
  .text              ro code  0x20004d1c     0xc  XXexit.o [5]
  .rodata            const    0x20004d28    0x18  interrupt.o [4]
  .text              ro code  0x20004d40    0x10  startup_ewarm.o [1]
  .text              ro code  0x20004d50     0xc  cstartup_M.o [5]
  .rodata            const    0x20004d5c     0x0  packbits_init_single.o [5]
  P1-P4-1                     0x20004d5c    0x23  <Init block>
    .data            inited   0x20004d5c    0x14  gpio_if.o [1]
    .bss             inited   0x20004d70     0x4  gpio_if.o [1]
    .bss             inited   0x20004d74     0x4  gpio_if.o [1]
    .bss             inited   0x20004d78     0x4  gpio_if.o [1]
    .bss             inited   0x20004d7c     0x1  gpio_if.o [1]
    .bss             inited   0x20004d7d     0x1  gpio_if.o [1]
    .bss             inited   0x20004d7e     0x1  gpio_if.o [1]
                            - 0x20004d7f   0x97f

"P1-P4", part 2 of 3:                     0x1000
  .noinit            uninit   0x20004d80  0x1000  startup_ewarm.o [1]
                            - 0x20005d80  0x1000

"P1-P4", part 3 of 3:                       0x17
  Initializer bytes  const    0x20005d80    0x17  <for P1-P4-1>
                            - 0x20005d97    0x17


*******************************************************************************
*** INIT TABLE
***

          Address     Size
          -------     ----
Copy/packbits (__iar_packbits_init_single3)
    1 source range, total size 0x17 (65% of destination):
          0x20005d80  0x17
    1 destination range, total size 0x23:
          0x20004d5c  0x23



*******************************************************************************
*** MODULE SUMMARY
***

    Module                  ro code  ro data  rw data
    ------                  -------  -------  -------
C:\TI\CC3200SDK_1.3.0\cc3200-sdk\example\blinky\ewarm\Release\Obj: [1]
    gpio_if.o                   466       23       35
    main.o                      146
    pinmux.o                     76
    startup_ewarm.o              16    1 024    4 096
    -------------------------------------------------
    Total:                      704    1 047    4 131

command line: [2]
    -------------------------------------------------
    Total:

dl7M_tln.a: [3]
    exit.o                        4
    low_level_init.o              4
    -------------------------------------------------
    Total:                        8

driverlib.a: [4]
    cpu.o                        16
    gpio.o                       46
    interrupt.o                 176       24
    pin.o                       180      256
    prcm.o                      624      168
    utils.o                       6
    -------------------------------------------------
    Total:                    1 048      448

rt7M_tl.a: [5]
    XXexit.o                     12
    cexit.o                      10
    cmain.o                      30
    cstartup_M.o                 12
    data_init.o                  40
    packbits_init_single.o       56
    -------------------------------------------------
    Total:                      160

    Gaps                         10        2
    Linker created                        16
-----------------------------------------------------
    Grand Total:              1 930    1 513    4 131


*******************************************************************************
*** ENTRY LIST
***

Entry                      Address    Size  Type      Object
-----                      -------    ----  ----      ------
.iar.init_table$$Base   0x20004cd8           --   Gb  - Linker created -
.iar.init_table$$Limit  0x20004ce8           --   Gb  - Linker created -
?main                   0x20004ce9          Code  Gb  cmain.o [5]
BoardInit               0x20004beb    0x18  Code  Lc  main.o [1]
BusFaultHandler         0x20004d4d     0x2  Code  Lc  startup_ewarm.o [1]
CPUcpsie                0x20004ae1    0x10  Code  Gb  cpu.o [4]
FaultISR                0x20004d4b     0x2  Code  Lc  startup_ewarm.o [1]
GPIODirModeSet          0x2000484d    0x24  Code  Gb  gpio.o [4]
GPIOPinWrite            0x20004871     0xa  Code  Gb  gpio.o [4]
GPIO_IF_GetPortNPin     0x200047d9    0x2e  Code  Gb  gpio_if.o [1]
GPIO_IF_LedConfigure    0x20004679    0x30  Code  Gb  gpio_if.o [1]
GPIO_IF_LedOff          0x20004741    0x98  Code  Gb  gpio_if.o [1]
GPIO_IF_LedOn           0x200046a9    0x98  Code  Gb  gpio_if.o [1]
GPIO_IF_Set             0x20004825    0x26  Code  Gb  gpio_if.o [1]
IntDefaultHandler       0x20004d4f     0x2  Code  Lc  startup_ewarm.o [1]
IntEnable               0x20004a41    0x8e  Code  Gb  interrupt.o [4]
IntMasterEnable         0x20004a31     0xa  Code  Gb  interrupt.o [4]
IntVTableBaseSet        0x20004a3b     0x6  Code  Gb  interrupt.o [4]
LEDBlinkyRoutine        0x20004b99    0x52  Code  Gb  main.o [1]
NmiSR                   0x20004d49     0x2  Code  Lc  startup_ewarm.o [1]
PRCMCC3200MCUInit       0x200044d9   0x126  Code  Gb  prcm.o [4]
PRCMHIBRegRead          0x200045ff    0x10  Code  Gb  prcm.o [4]
PRCMHIBRegWrite         0x2000460f     0xe  Code  Gb  prcm.o [4]
PRCMPeripheralClkDisable
                        0x20004453    0x22  Code  Gb  prcm.o [4]
PRCMPeripheralClkEnable
                        0x20004421    0x32  Code  Gb  prcm.o [4]
PRCMPeripheralReset     0x20004475    0x64  Code  Gb  prcm.o [4]
PRCMSysResetCauseGet    0x20004401    0x20  Code  Gb  prcm.o [4]
PRCM_PeriphRegsList     0x20004af0    0xa8  Data  Lc  prcm.o [4]
PinConfigSet            0x2000499d    0x5a  Code  Gb  pin.o [4]
PinModeSet              0x2000497d    0x20  Code  Gb  pin.o [4]
PinMuxConfig            0x20004c2d    0x4c  Code  Gb  pinmux.o [1]
PinTypeGPIO             0x20004a05    0x2c  Code  Gb  pin.o [4]
Region$$Table$$Base     0x20004cd8           --   Gb  - Linker created -
Region$$Table$$Limit    0x20004ce8           --   Gb  - Linker created -
ResetISR                0x20004d41     0x8  Code  Gb  startup_ewarm.o [1]
UtilsDelay              0x20004671     0x6  Code  Gb  utils.o [4]
__cmain                 0x20004ce9          Code  Gb  cmain.o [5]
__exit                  0x20004d1d          Code  Gb  XXexit.o [5]
__iar_data_init3        0x20004cb1    0x28  Code  Gb  data_init.o [5]
__iar_packbits_init_single3
                        0x20004c79    0x38  Code  Gb  packbits_init_single.o [5]
__iar_program_start     0x20004d51          Code  Gb  cstartup_M.o [5]
__iar_systems$$module {Abs}
                        0x00000001          Data  Gb  command line/config [2]
__low_level_init        0x20004d07     0x4  Code  Gb  low_level_init.o [3]
__vector_table          0x20004000   0x400  Data  Gb  startup_ewarm.o [1]
_call_main              0x20004cf5          Code  Gb  cmain.o [5]
_exit                   0x20004d11          Code  Gb  cexit.o [5]
_main                   0x20004d03          Code  Gb  cmain.o [5]
exit                    0x20004d0b     0x4  Code  Gb  exit.o [3]
g_pulEnRegs             0x20004d28    0x18  Data  Lc  interrupt.o [4]
g_ucLED1Pin             0x20004d7c     0x1  Data  Gb  gpio_if.o [1]
g_ucLED2Pin             0x20004d7d     0x1  Data  Gb  gpio_if.o [1]
g_ucLED3Pin             0x20004d7e     0x1  Data  Gb  gpio_if.o [1]
g_uiLED1Port            0x20004d70     0x4  Data  Gb  gpio_if.o [1]
g_uiLED2Port            0x20004d74     0x4  Data  Gb  gpio_if.o [1]
g_uiLED3Port            0x20004d78     0x4  Data  Gb  gpio_if.o [1]
g_ulPinToPadMap         0x2000487c   0x100  Data  Lc  pin.o [4]
main                    0x20004c0d    0x1e  Code  Gb  main.o [1]
pulStack                0x20004d80  0x1000  Data  Lc  startup_ewarm.o [1]
ulReg                   0x20004d5c    0x14  Data  Lc  gpio_if.o [1]


[1] = C:\TI\CC3200SDK_1.3.0\cc3200-sdk\example\blinky\ewarm\Release\Obj
[2] = command line
[3] = dl7M_tln.a
[4] = driverlib.a
[5] = rt7M_tl.a

  1 930 bytes of readonly  code memory
  1 513 bytes of readonly  data memory
  4 131 bytes of readwrite data memory

Errors: none
Warnings: 1
