13:13:50 **** Incremental Build of configuration Debug for project 9BitUartCommunication_ ****
make -j4 all 
arm-none-eabi-gcc "../Src/main.c" -mcpu=cortex-m3 -std=gnu11 -g3 -DUSE_HAL_DRIVER -DSTM32F103xB -DDEBUG -c -I../Inc -I../Drivers/CMSIS/Device/ST/STM32F1xx/Include -I../Drivers/CMSIS/Include -I../Drivers/STM32F1xx_HAL_Driver/Inc/Legacy -I../Drivers/STM32F1xx_HAL_Driver/Inc -O0 -ffunction-sections -fdata-sections -Wall -fstack-usage -MMD -MP -MF"Src/main.d" -MT"Src/main.o" --specs=nano.specs -mfloat-abi=soft -mthumb -o "Src/main.o"
arm-none-eabi-gcc -o "9BitUartCommunication_.elf" @"objects.list"   -mcpu=cortex-m3 -T"C:\Users\erhan\github\mcu\stm32f1_hal\9BitUartCommunication\9BitUartCommunication_\STM32F103RBTX_FLASH.ld" --specs=nosys.specs -Wl,-Map="9BitUartCommunication_.map" -Wl,--gc-sections -static --specs=nano.specs -mfloat-abi=soft -mthumb -Wl,--start-group -lc -lm -Wl,--end-group
Finished building target: 9BitUartCommunication_.elf
 
arm-none-eabi-objdump -h -S  9BitUartCommunication_.elf  > "9BitUartCommunication_.list"
arm-none-eabi-size   9BitUartCommunication_.elf 
   text	   data	    bss	    dec	    hex	filename
   6668	     20	   1700	   8388	   20c4	9BitUartCommunication_.elf
Finished building: default.size.stdout
 
Finished building: 9BitUartCommunication_.list
 
13:15:07 **** Incremental Build of configuration Debug for project 9BitUartCommunication_ ****
make -j4 all 
arm-none-eabi-size   9BitUartCommunication_.elf 
   text	   data	    bss	    dec	    hex	filename
   6668	     20	   1700	   8388	   20c4	9BitUartCommunication_.elf
Finished building: default.size.stdout
 
